###############################################################################
#
# IAR ELF Linker V7.10.3.6832/W32 for ARM                 17/Apr/2015  17:39:42
# Copyright 2007-2014 IAR Systems AB.
#
#    Output file  =  
#        C:\Freescale\SMK_Platform\APP\MQX_Sample_Project\Debug\Exe\MQX_Sample_Project.out
#    Map file     =  
#        C:\Freescale\SMK_Platform\APP\MQX_Sample_Project\Debug\List\MQX_Sample_Project.map
#    Command line =  
#        C:\Freescale\SMK_Platform\MQX\lib\SMK_Gateway.iar\debug\bsp\bsp.a
#        C:\Freescale\SMK_Platform\APP\MQX_Sample_Project\Debug\Obj\console_task.o
#        C:\Freescale\SMK_Platform\APP\MQX_Sample_Project\Debug\Obj\ell_app.o
#        C:\Freescale\SMK_Platform\APP\MQX_Sample_Project\Debug\Obj\ell_task.o
#        C:\Freescale\SMK_Platform\APP\MQX_Sample_Project\Debug\Obj\flash_utils.o
#        C:\Freescale\SMK_Platform\APP\MQX_Sample_Project\Debug\Obj\Init_Task.o
#        C:\Freescale\SMK_Platform\APP\MQX_Sample_Project\Debug\Obj\led_task.o
#        C:\Freescale\SMK_Platform\APP\MQX_Sample_Project\cau\lib_mmcau.a
#        C:\Freescale\SMK_Platform\MQX\lib\SMK_Gateway.iar\debug\mfs\mfs.a
#        C:\Freescale\SMK_Platform\Platform\Debug\Exe\Platform.a
#        C:\Freescale\SMK_Platform\MQX\lib\SMK_Gateway.iar\debug\psp\psp.a
#        C:\Freescale\SMK_Platform\MQX\lib\SMK_Gateway.iar\debug\rtcs\rtcs.a
#        C:\Freescale\SMK_Platform\APP\MQX_Sample_Project\Debug\Obj\sh_debug.o
#        C:\Freescale\SMK_Platform\APP\MQX_Sample_Project\Debug\Obj\sh_eeprom.o
#        C:\Freescale\SMK_Platform\APP\MQX_Sample_Project\Debug\Obj\sh_enet.o
#        C:\Freescale\SMK_Platform\APP\MQX_Sample_Project\Debug\Obj\sh_info.o
#        C:\Freescale\SMK_Platform\APP\MQX_Sample_Project\Debug\Obj\sh_reset.o
#        C:\Freescale\SMK_Platform\APP\MQX_Sample_Project\Debug\Obj\sh_update.o
#        C:\Freescale\SMK_Platform\APP\MQX_Sample_Project\Debug\Obj\sh_version.o
#        C:\Freescale\SMK_Platform\APP\MQX_Sample_Project\Debug\Obj\Tasks.o
#        C:\Freescale\SMK_Platform\APP\MQX_Sample_Project\Debug\Obj\Telnet.o
#        C:\Freescale\SMK_Platform\APP\MQX_Sample_Project\Debug\Obj\tfs_data.o
#        C:\Freescale\SMK_Platform\APP\MQX_Sample_Project\Debug\Obj\version.o
#        C:\Freescale\SMK_Platform\APP\MQX_Sample_Project\Debug\Obj\web.o
#        --redirect _Printf=_PrintfFull --redirect _Scanf=_ScanfFull -o
#        C:\Freescale\SMK_Platform\APP\MQX_Sample_Project\Debug\Exe\MQX_Sample_Project.out
#        --keep bootloader
#        --image_input=C:\Freescale\SMK_Platform\APP\MQX_Sample_Project\..\..\Bootloader\targets\k64f12\iar\freedom_bootloader\output\Debug\freedom_bootloader.bin,bootloader,.bootloader,4
#        --map
#        C:\Freescale\SMK_Platform\APP\MQX_Sample_Project\Debug\List\MQX_Sample_Project.map
#        --config
#        C:\Freescale\SMK_Platform\APP\MQX_Sample_Project\..\..\MQX\lib\SMK_Gateway.iar\debug\bsp\intflash_boot.icf
#        --redirect __iar_dlmalloc=malloc --redirect __iar_dlcalloc=calloc
#        --redirect __iar_dlfree=free --semihosting
#        C:\Freescale\SMK_Platform\APP\MQX_Sample_Project/../../MQX/lib/SMK_Gateway.iar/debug/bsp/bsp.a
#        C:\Freescale\SMK_Platform\APP\MQX_Sample_Project/../../MQX/lib/SMK_Gateway.iar/debug/psp/psp.a
#        C:\Freescale\SMK_Platform\APP\MQX_Sample_Project/../../MQX/lib/SMK_Gateway.iar/debug/mfs/mfs.a
#        C:\Freescale\SMK_Platform\APP\MQX_Sample_Project/../../MQX/lib/SMK_Gateway.iar/debug/rtcs/rtcs.a
#        C:\Freescale\SMK_Platform\APP\MQX_Sample_Project/../../MQX/lib/SMK_Gateway.iar/debug/shell/shell.a
#        C:\Freescale\SMK_Platform\APP\MQX_Sample_Project/../../Platform/Debug/Exe/Platform.a
#        C:\Freescale\SMK_Platform\APP\MQX_Sample_Project/../../Library/EchonetLiteLite/Debug/Exe/EchonetLiteLite.a
#        C:\Freescale\SMK_Platform\APP\MQX_Sample_Project/../../Library/HaControl/Debug/Exe/HaControl.a
#        --entry __iar_program_start --vfe
#
###############################################################################

*******************************************************************************
*** RUNTIME MODEL ATTRIBUTES
***

CppFlavor                   = *
__SystemLibrary             = DLib
__dlib_jmp_buf_num_elements = 16


*******************************************************************************
*** PLACEMENT SUMMARY
***

"A1":  place at 0x0000a000 { ro section .intvec, block CFMPROTROM };
"P1":  place in [from 0x0000a000 to 0x0007ffff] {
          first block TEXTSECTION, ro, last block FLASHX_POOL };
"P2":  place in [from 0x1fff0000 to 0x2001fff0] { rw, last block KERNEL_DATA };
"A3":  place at 0x00000000 { section .bootloader };
"A4":  place at 0x0000a418 { ro section .version };

  Section             Kind        Address     Size  Object
  -------             ----        -------     ----  ------
"A3":                                       0x35b8
  .bootloader         const    0x00000000   0x35b8  freedom_bootloader.bin [1]
                             - 0x000035b8   0x35b8

"A1":                                        0x414
  .intvec             const    0x0000a000    0x400  vectors.o [7]
  CFMPROTROM                   0x0000a400     0x14  <Block>
    .cfmconfig        const    0x0000a400     0x10  vectors.o [7]
    .cfmconfig        const    0x0000a410      0x0  vectors.o [7]
    CFMPROTROM        const    0x0000a410      0x4  <Block tail>
                             - 0x0000a414    0x414

"A4":                                          0x8
  .version            const    0x0000a418      0x8  version.o [2]
                             - 0x0000a420      0x8

"P1":                                      0x33be1
  TEXTSECTION                  0x0000a420  0x2dfb8  <Block>
    .text             ro code  0x0000a420     0x28  support.o [11]
    .text             ro code  0x0000a450    0x660  mmcau_md5_functions.o [9]
    .text             ro code  0x0000aab0     0x64  boot.o [11]
    .text             ro code  0x0000ab14     0x2a  comp.o [11]
    .text             ro code  0x0000ab3e     0x4e  sotcp.o [13]
    .text             ro code  0x0000ab8c     0x2c  init_hw.o [7]
    .text             ro code  0x0000abb8    0x8e4  lwmem.o [11]
    .text             ro code  0x0000b49c      0xc  cstartup_M.o [12]
    .text             ro code  0x0000b4a8    0x824  bsp_cm.o [7]
    .text             ro code  0x0000bccc    0x208  init_gpio.o [7]
    .text             ro code  0x0000bed4    0xdda  task.o [11]
    .text             ro code  0x0000ccae     0x22  zero_init3.o [12]
    .text             ro code  0x0000ccd0    0x2a4  int.o [11]
    .text             ro code  0x0000cf74     0x14  memset.o [8]
    .text             ro code  0x0000cf88     0xc2  queue.o [11]
    .text             ro code  0x0000d04c     0x1a  fpinit_M.o [10]
    .text             ro code  0x0000d068     0x1a  cmain.o [12]
    .text             ro code  0x0000d084     0x76  ABImemcpy_unaligned.o [12]
    .text             ro code  0x0000d0fc    0x3e8  lpm_smc.o [7]
    .text             ro code  0x0000d4e4    0x25a  hwtimer.o [7]
    .text             ro code  0x0000d740    0x290  lwsem.o [11]
    .text             ro code  0x0000d9d0      0x2  stack_de.o [11]
    .text             ro code  0x0000d9d2     0x2a  strncmp.o [8]
    .text             ro code  0x0000d9fc      0x6  stack_st.o [11]
    .text             ro code  0x0000da04     0xca  stack_bu.o [11]
    .text             ro code  0x0000dad0     0x66  ABImemset.o [12]
    .text             ro code  0x0000db38     0x28  data_init.o [12]
    .text             ro code  0x0000db60     0x10  mqx_main.o [7]
    .text             ro code  0x0000db70      0x4  exit.o [8]
    .text             ro code  0x0000db74    0x132  I64DivMod.o [12]
    .text             ro code  0x0000dca8    0x454  mqx.o [11]
    .text             ro code  0x0000e0fc      0xa  cexit.o [12]
    .text             ro code  0x0000e108      0x2  I64DivZer.o [12]
    .text             ro code  0x0000e10c     0xd8  sc_irdyq.o [11]
    .text             ro code  0x0000e1e4    0x1ec  init_bsp.o [7]
    .text             ro code  0x0000e3d0     0x14  exit.o [14]
    .text             ro code  0x0000e3e4     0x1c  psp_iinit.o [11]
    .text             ro code  0x0000e400     0x14  int_vtab.o [11]
    .text             ro code  0x0000e414    0x3bc  time.o [11]
    .text             ro code  0x0000e7d0     0x14  kinetis_mpu.o [11]
    .text             ro code  0x0000e7e4    0x2d4  lpm.o [7]
    .text             ro code  0x0000eab8    0x3f4  dma.o [7]
    .text             ro code  0x0000eeac     0x24  io_init.o [11]
    .text             ro code  0x0000eed0    0x518  serl_int_kuart.o [7]
    .text             ro code  0x0000f3e8    0x6c0  spi.o [7]
    .text             ro code  0x0000faa8    0xf82  flashx.o [7]
    .text             ro code  0x00010a2c     0x38  io_sinit.o [7]
    .text             ro code  0x00010a64     0x14  int_inst.o [11]
    .text             ro code  0x00010a78     0x70  sched.o [11]
    .text             ro code  0x00010ae8     0x88  psp_mstiq.o [11]
    .text             ro code  0x00010b70     0x54  psp_tiad.o [11]
    .text             ro code  0x00010bc4     0x48  psp_tisu.o [11]
    .text             ro code  0x00010c0c     0xae  psp_tims.o [11]
    .text             ro code  0x00010cbc     0x58  psp_tise.o [11]
    .text             ro code  0x00010d14     0xa4  psp_tkti.o [11]
    .text             ro code  0x00010db8     0x38  psp_tinm.o [11]
    .text             ro code  0x00010df0      0xc  memcpy.o [8]
    .text             ro code  0x00010dfc     0x1c  cm.o [7]
    .text             ro code  0x00010e18     0x5c  serl_mk64.o [7]
    .text             ro code  0x00010e74    0x628  serl_pol_kuart.o [7]
    .text             ro code  0x0001149c    0x842  serl_int.o [7]
    .text             ro code  0x00011ce0     0xc8  nvic.o [11]
    .text             ro code  0x00011da8    0x100  io_instx.o [11]
    .text             ro code  0x00011ea8      0x4  strtoul.o [8]
    .text             ro code  0x00011eac     0x42  strcmp_unaligned.o [12]
    .text             ro code  0x00011ef0     0xc8  io_fopen.o [11]
    .text             ro code  0x00011fb8     0xee  psp_mat1.o [11]
    .text             ro code  0x000120a6     0x4c  psp_mat3.o [11]
    .text             ro code  0x000120f2     0xf2  psp_mat2.o [11]
    .text             ro code  0x000121e4     0x3a  io_inst.o [11]
    .text             ro code  0x00012220    0x210  taskq.o [11]
    .text             ro code  0x00012430    0x19c  xstoul.o [8]
    .text             ro code  0x000125cc     0x58  memchr.o [12]
    .text             ro code  0x00012624      0xc  errno.o [8]
    .text             ro code  0x00012630      0x2  xtls.o [8]
    .text             ro code  0x00012638    0x200  xdtento.o [10]
    .text             ro code  0x00012838     0x42  xdnorm.o [10]
    .text             ro code  0x0001287c    0x1a2  DblMul.o [10]
    .text             ro code  0x00012a20    0x114  xdscale.o [10]
    .text             ro code  0x00012b34     0x20  DblCmpEq.o [10]
    .text             ro code  0x00012b54     0x56  xdunscal.o [10]
    .text             ro code  0x00012bac    0x246  DblDiv.o [10]
    .text             ro code  0x00012df4     0xa0  console_task.o [2]
    .text             ro code  0x00012e94     0x1e  debug_log.o [6]
    .text             ro code  0x00012eb4     0x50  io_ghand.o [11]
    .text             ro code  0x00012f04     0x50  io_fgetc.o [11]
    .text             ro code  0x00012f54    0x23c  shell.o [15]
    .text             ro code  0x00013190     0x2c  io_vpr.o [11]
    .text             ro code  0x000131bc     0x2c  io_pntf.o [11]
    .text             ro code  0x000131e8     0x6c  strncpy_unaligned.o [12]
    .text             ro code  0x00013254    0x178  sh_util.o [15]
    .text             ro code  0x000133cc     0x3a  io_fflsh.o [11]
    .text             ro code  0x00013408     0xb8  io_util.o [11]
    .text             ro code  0x000134c0     0x34  io_fgets.o [11]
    .text             ro code  0x000134f4     0x3a  io_fclos.o [11]
    .text             ro code  0x00013530    0xfc8  io_dopr.o [11]
    .text             ro code  0x000144f8     0x46  isgraph.o [8]
    .text             ro code  0x0001453e      0xa  isdigit.o [8]
    .text             ro code  0x00014548     0x44  strcpy_unaligned.o [12]
    .text             ro code  0x0001458c     0xc4  io_fseek.o [11]
    .text             ro code  0x00014650      0xa  isxxx.o [8]
    .text             ro code  0x0001465a      0xc  tolower.o [8]
    .text             ro code  0x00014668     0x36  strlen.o [12]
    .text             ro code  0x0001469e     0xd0  io_fgetl.o [11]
    .text             ro code  0x00014770    0x95a  io_fp.o [11]
    .text             ro code  0x000150ca     0x30  io_fung.o [11]
    .text             ro code  0x000150fc     0xc0  modf.o [10]
    .text             ro code  0x000151bc     0xe8  DblAdd.o [10]
    .text             ro code  0x000152a4     0x4c  DblToI32.o [10]
    .text             ro code  0x000152f0     0x2e  DblCmpGe.o [10]
    .text             ro code  0x00015320     0x2e  DblCmpLe.o [10]
    .text             ro code  0x00015350    0x16c  DblSub.o [10]
    .text             ro code  0x000154bc    0x398  ell_app.o [2]
    .text             ro code  0x00015854    0xdc0  ell_object.o [4]
    .text             ro code  0x00016614    0xbd0  msgq.o [11]
    .text             ro code  0x000171e4    0x494  msg.o [11]
    .text             ro code  0x00017678    0x29c  HaControl.o [5]
    .text             ro code  0x00017914   0x1188  ipcfg.o [13]
    .text             ro code  0x00018a9c    0x348  msgpool.o [11]
    .text             ro code  0x00018de4    0x2f8  ell_task.o [2]
    .text             ro code  0x000190dc     0x2c  ABIassert.o [14]
    .text             ro code  0x00019108     0x62  memcmp_unaligned.o [12]
    .text             ro code  0x0001916c    0x242  lwgpio_kgpio.o [7]
    .text             ro code  0x000193ae     0x32  enaddr.o [7]
    .text             ro code  0x000193e0     0xda  enutil.o [7]
    .text             ro code  0x000194bc    0x244  dnsinit.o [13]
    .text             ro code  0x00019700    0x278  ifdns.o [13]
    .text             ro code  0x00019978     0x54  ifdhcp.o [13]
    .text             ro code  0x000199cc     0x58  ifrem.o [13]
    .text             ro code  0x00019a24     0xc0  ifadd.o [13]
    .text             ro code  0x00019ae4     0xb4  dhcputil.o [13]
    .text             ro code  0x00019b98    0x128  eninit.o [7]
    .text             ro code  0x00019cc0     0x4c  enstop.o [7]
    .text             ro code  0x00019d0c    0x36c  iputil.o [13]
    .text             ro code  0x0001a078    0x2fc  connection.o [4]
    .text             ro code  0x0001a374    0x2b8  lwevent.o [11]
    .text             ro code  0x0001a62c    0x63c  ell_handle.o [4]
    .text             ro code  0x0001ac68    0x2dc  inet_ntop.o [13]
    .text             ro code  0x0001af44      0x6  abort.o [8]
    .text             ro code  0x0001af4c     0x30  init_enet.o [7]
    .text             ro code  0x0001af7c    0x112  rtcs.o [13]
    .text             ro code  0x0001b090    0x1fe  rtcspart.o [13]
    .text             ro code  0x0001b290     0xc4  rtcstask.o [13]
    .text             ro code  0x0001b354    0xde0  dnsutil.o [13]
    .text             ro code  0x0001c134     0x1c  strcat.o [8]
    .text             ro code  0x0001c150    0x282  rtcscmd.o [13]
    .text             ro code  0x0001c3d2    0x2c6  ipradix.o [13]
    .text             ro code  0x0001c698     0xa4  inet.o [13]
    .text             ro code  0x0001c73c    0x630  ell_packet.o [4]
    .text             ro code  0x0001cd6c     0x36  io_spr.o [11]
    .text             ro code  0x0001cda4    0x172  sockutil.o [13]
    .text             ro code  0x0001cf18    0x4f8  partition.o [11]
    .text             ro code  0x0001d410     0x1e  isalnum.o [8]
    .text             ro code  0x0001d430    0x23a  sosel.o [13]
    .text             ro code  0x0001d66c     0xf8  timer.o [13]
    .text             ro code  0x0001d764    0x10c  flash_utils.o [2]
    .text             ro code  0x0001d870    0x118  eeprom_api.o [6]
    .text             ro code  0x0001d988    0x1ea  eeprom_device.o [6]
    .text             ro code  0x0001db72     0x5a  io_ioctl.o [11]
    .text             ro code  0x0001dbcc    0x2b0  Init_Task.o [2]
    .text             ro code  0x0001de7c    0x200  led_task.o [2]
    .text             ro code  0x0001e07c     0xb8  DHCP_monitoring.o [6]
    .text             ro code  0x0001e134    0x464  NetConnect.o [6]
    .text             ro code  0x0001e598    0xd48  Telnet.o [2]
    .text             ro code  0x0001f2e0    0x3b4  lwmsgq.o [11]
    .text             ro code  0x0001f694     0x34  io_fprt.o [11]
    .text             ro code  0x0001f6c8     0x80  mqx_utils.o [6]
    .text             ro code  0x0001f748     0x34  multicastsocket_init.o [6]
    .text             ro code  0x0001f77c      0x6  ABImemclr4.o [12]
    .text             ro code  0x0001f782     0x26  io_fputs.o [11]
    .text             ro code  0x0001f7a8    0x450  telnsrv.o [13]
    .text             ro code  0x0001fbf8     0x1e  isxdigit.o [8]
    .text             ro code  0x0001fc16     0x20  io_sscan.o [11]
    .text             ro code  0x0001fc36      0x8  atoi.o [8]
    .text             ro code  0x0001fc40    0x248  storage_api.o [6]
    .text             ro code  0x0001fe88     0x3e  isprint.o [8]
    .text             ro code  0x0001fec8     0x32  ABImemset48.o [12]
    .text             ro code  0x0001fefa     0x32  io_write.o [11]
    .text             ro code  0x0001ff2c    0x494  sockio.o [13]
    .text             ro code  0x000203c0    0x9cc  telnetio.o [13]
    .text             ro code  0x00020d8c     0x78  io_shand.o [11]
    .text             ro code  0x00020e04    0x732  io_scanl.o [11]
    .text             ro code  0x00021538    0x354  spi_memory.o [6]
    .text             ro code  0x0002188c     0x86  io_read.o [11]
    .text             ro code  0x00021912     0x34  io_fstat.o [11]
    .text             ro code  0x00021946     0x44  io_fputc.o [11]
    .text             ro code  0x0002198a      0xe  strtod.o [10]
    .text             ro code  0x00021998     0x90  DblToFlt.o [10]
    .text             ro code  0x00021a28    0x168  xstod.o [10]
    .text             ro code  0x00021b90    0x130  xstopfx.o [8]
    .text             ro code  0x00021cc0    0x1b4  xstoflt.o [8]
    .text             ro code  0x00021e74     0x2c  I32ToDbl.o [10]
    .text             ro code  0x00021ea0    0x200  xstoxflt.o [8]
    .text             ro code  0x000220a0    0x5d8  sh_eeprom.o [2]
    .text             ro code  0x00022678    0x2a0  inet_pton.o [13]
    .text             ro code  0x00022918     0x4c  strtok.o [8]
    .text             ro code  0x00022964     0x16  strchr.o [12]
    .text             ro code  0x0002297a     0x22  strspn.o [8]
    .text             ro code  0x0002299c     0x22  strcspn.o [8]
    .text             ro code  0x000229c0     0x78  sh_info.o [2]
    .text             ro code  0x00022a38     0x64  sh_reset.o [2]
    .text             ro code  0x00022a9c    0x4dc  sh_update.o [2]
    .text             ro code  0x00022f78     0x10  sh_update.o [2]
    .text             ro code  0x00022f88     0x18  strrchr.o [8]
    .text             ro code  0x00022fa0    0x10c  sh_version.o [2]
    .text             ro code  0x000230ac    0x120  sh_help.o [15]
    .text             ro code  0x000231cc    0x9dc  sh_ipconfig.o [15]
    .text             ro code  0x00023ba8     0x9c  sh_enet.o [15]
    .text             ro code  0x00023c44    0x6ac  dnscln.o [13]
    .text             ro code  0x000242f0     0x9e  sh_rtcs.o [15]
    .text             ro code  0x00024390     0xf8  rtcsrand.o [13]
    .text             ro code  0x00024488    0x3f4  sh_ping.o [15]
    .text             ro code  0x0002487c    0x6c6  getaddrinfo.o [13]
    .text             ro code  0x00024f44    0x2ec  ping.o [13]
    .text             ro code  0x00025230     0x38  enerr.o [7]
    .text             ro code  0x00025268      0x6  strtol.o [8]
    .text             ro code  0x00025270    0x52e  getnameinfo.o [13]
    .text             ro code  0x0002579e     0x4c  strcasecmp.o [8]
    .text             ro code  0x000257ec    0xa00  arp.o [13]
    .text             ro code  0x000261ec    0xc1e  ip.o [13]
    .text             ro code  0x00026e0c    0x4fa  rtcspcb.o [13]
    .text             ro code  0x00027306     0xb2  checksum.o [13]
    .text             ro code  0x000273b8     0x24  rtcsmsec.o [13]
    .text             ro code  0x000273dc     0x86  xstol.o [8]
    .text             ro code  0x00027464    0x4d4  ip-e.o [13]
    .text             ro code  0x00027938      0x6  proxyarp.o [13]
    .text             ro code  0x00027940    0xabc  iproute.o [13]
    .text             ro code  0x000283fc     0x4a  ipsum.o [11]
    .text             ro code  0x00028448    0x83e  icmp.o [13]
    .text             ro code  0x00028c88     0x9c  enopen.o [7]
    .text             ro code  0x00028d24     0xa4  enclose.o [7]
    .text             ro code  0x00028dc8    0x188  ensend.o [7]
    .text             ro code  0x00028f50     0xc8  enjoin.o [7]
    .text             ro code  0x00029018     0xec  enleave.o [7]
    .text             ro code  0x00029104     0x24  route.o [13]
    .text             ro code  0x00029128    0x240  iplocal.o [13]
    .text             ro code  0x00029368    0x238  igmputil.o [13]
    .text             ro code  0x000295a0   0x10bc  FTPClient.o [6]
    .text             ro code  0x0002a65c    0x34e  io_mem.o [7]
    .text             ro code  0x0002a9ac    0xc38  ftpclnt.o [13]
    .text             ro code  0x0002b5e4     0x8c  io_uinst.o [11]
    .text             ro code  0x0002b670     0x10  io_ferr.o [11]
    .text             ro code  0x0002b680     0x74  sh_exit.o [15]
    .text             ro code  0x0002b6f4    0x49e  sdgram.o [13]
    .text             ro code  0x0002bb94    0x398  hwtimer_pit.o [7]
    .text             ro code  0x0002bf2c     0x48  hwtimer_kinetis.o [7]
    .text             ro code  0x0002bf74   0x1c50  resolver.o [13]
    .text             ro code  0x0002dbc4    0x510  soigmp.o [13]
    .text             ro code  0x0002e0d4    0x3d6  igmp.o [13]
    .text             ro code  0x0002e4ac    0x770  sstream.o [13]
    .text             ro code  0x0002ec1c    0x13e  soudp.o [13]
    .text             ro code  0x0002ed5c    0xdec  udp.o [13]
    .text             ro code  0x0002fb48     0x50  idletask.o [11]
    .text             ro code  0x0002fb98     0x70  inittask.o [11]
    .text             ro code  0x0002fc08   0x14a4  dhcpclnt.o [13]
    .text             ro code  0x000310ac     0x78  bootcomm.o [13]
    .text             ro code  0x00031124    0x234  ipif_add.o [13]
    .text             ro code  0x00031358     0x9e  ipif_rem.o [13]
    .text             ro code  0x000313f8    0x180  tcpip.o [13]
    .text             ro code  0x00031578     0x10  arpinit.o [13]
    .text             ro code  0x00031588     0x18  bootinit.o [13]
    .text             ro code  0x000315a0    0x3fc  tcp_clos.o [13]
    .text             ro code  0x0003199c    0x820  tcp_rcv.o [13]
    .text             ro code  0x000321bc    0x3fe  ticker.o [13]
    .text             ro code  0x000325bc   0x1906  tcp.o [13]
    .text             ro code  0x00033ec4   0x11e4  tcp_send.o [13]
    .text             ro code  0x000350a8    0x4a6  tcp_buf.o [13]
    .text             ro code  0x00035550    0x158  hwtimer_systick.o [7]
    .text             ro code  0x000356a8    0x500  macnet_init.o [7]
    .text             ro code  0x00035ba8     0x24  macnet_mk64.o [7]
    .text             ro code  0x00035bcc    0x4f0  macnet_receive.o [7]
    .text             ro code  0x000360bc    0x1ec  macnet_util.o [7]
    .text             ro code  0x000362a8    0x15a  enrecv.o [7]
    .text             ro code  0x00036404    0xa64  edma.o [7]
    .text             ro code  0x00036e68     0x5c  edma_kinetis.o [7]
    .text             ro code  0x00036ec4    0x588  flash_ftfe.o [7]
    .text             ro code  0x0003744c     0x2a  flash_mk64.o [7]
    .text             ro code  0x00037478    0x3d0  spi_dspi_dma.o [7]
    .text             ro code  0x00037848     0x1c  spi_mk64.o [7]
    .text             ro code  0x00037864    0x23c  spi_dspi_common.o [7]
    .text             ro code  0x00037aa0     0x9c  macnet_join.o [7]
    .text             ro code  0x00037b3c    0x10c  macnet_mii.o [7]
    .text             ro code  0x00037c48    0x2de  macnet_send.o [7]
    .text             ro code  0x00037f28     0x4c  macnet_stop.o [7]
    .text             ro code  0x00037f74    0x23e  phy_lan8720.o [7]
    .text             ro code  0x000381b2     0x60  macnet_rejoin.o [7]
    .text             ro code  0x00038212    0x1c6  lz77_init.o [12]
  KERNEL              ro code  0x000383e0    0x2b4  dispatch.o [11]
  .rodata             const    0x00038694      0x8  console_task.o [2]
  .rodata             const    0x0003869c      0xc  console_task.o [2]
  .rodata             const    0x000386a8      0x8  console_task.o [2]
  .rodata             const    0x000386b0      0x8  console_task.o [2]
  .rodata             const    0x000386b8      0x8  console_task.o [2]
  .rodata             const    0x000386c0      0x8  console_task.o [2]
  .rodata             const    0x000386c8      0x8  console_task.o [2]
  .rodata             const    0x000386d0     0x2c  console_task.o [2]
  .rodata             const    0x000386fc     0x38  console_task.o [2]
  .rodata             const    0x00038734     0x28  ell_app.o [2]
  .rodata             const    0x0003875c     0x30  ell_app.o [2]
  .rodata             const    0x0003878c     0x48  ell_app.o [2]
  .rodata             const    0x000387d4     0x30  ell_app.o [2]
  .rodata             const    0x00038804     0x10  ell_app.o [2]
  .rodata             const    0x00038814     0x20  ell_task.o [2]
  .rodata             const    0x00038834     0x1c  ell_task.o [2]
  .rodata             const    0x00038850     0x24  ell_task.o [2]
  .rodata             const    0x00038874      0xc  ell_task.o [2]
  .rodata             const    0x00038880     0x10  ell_task.o [2]
  .rodata             const    0x00038890     0x14  ell_task.o [2]
  .rodata             const    0x000388a4     0x20  ell_task.o [2]
  .rodata             const    0x000388c4     0x20  ell_task.o [2]
  .rodata             const    0x000388e4     0x20  ell_task.o [2]
  .rodata             const    0x00038904     0x28  ell_task.o [2]
  .rodata             const    0x0003892c     0x28  ell_task.o [2]
  .rodata             const    0x00038954     0x20  ell_task.o [2]
  .rodata             const    0x00038974      0x8  flash_utils.o [2]
  .rodata             const    0x0003897c     0x50  flash_utils.o [2]
  .rodata             const    0x000389cc    0x1b8  flash_utils.o [2]
  .rodata             const    0x00038b84     0x20  Init_Task.o [2]
  .rodata             const    0x00038ba4     0x20  Init_Task.o [2]
  .rodata             const    0x00038bc4     0x20  Init_Task.o [2]
  .rodata             const    0x00038be4     0x1c  Init_Task.o [2]
  .rodata             const    0x00038c00     0x3c  Init_Task.o [2]
  .rodata             const    0x00038c3c     0x14  Init_Task.o [2]
  .rodata             const    0x00038c50     0x1c  Init_Task.o [2]
  .rodata             const    0x00038c6c     0x24  Init_Task.o [2]
  .rodata             const    0x00038c90     0x1c  Init_Task.o [2]
  .rodata             const    0x00038cac     0x20  Init_Task.o [2]
  .rodata             const    0x00038ccc     0x30  Init_Task.o [2]
  .rodata             const    0x00038cfc      0xc  Init_Task.o [2]
  .rodata             const    0x00038d08     0x30  Init_Task.o [2]
  .rodata             const    0x00038d38     0x28  Init_Task.o [2]
  .rodata             const    0x00038d60     0x1c  Init_Task.o [2]
  .rodata             const    0x00038d7c     0x24  Init_Task.o [2]
  .rodata             const    0x00038da0     0x1c  Init_Task.o [2]
  .rodata             const    0x00038dbc     0x2c  led_task.o [2]
  .rodata             const    0x00038de8     0x28  led_task.o [2]
  .rodata             const    0x00038e10     0x10  led_task.o [2]
  .rodata             const    0x00038e20      0xc  sh_eeprom.o [2]
  .rodata             const    0x00038e2c      0xc  sh_eeprom.o [2]
  .rodata             const    0x00038e38     0x10  sh_eeprom.o [2]
  .rodata             const    0x00038e48     0x10  sh_eeprom.o [2]
  .rodata             const    0x00038e58     0x18  sh_eeprom.o [2]
  .rodata             const    0x00038e70      0xc  sh_eeprom.o [2]
  .rodata             const    0x00038e7c     0x30  sh_eeprom.o [2]
  .rodata             const    0x00038eac      0x8  sh_eeprom.o [2]
  .rodata             const    0x00038eb4     0x14  sh_eeprom.o [2]
  .rodata             const    0x00038ec8      0x8  sh_eeprom.o [2]
  .rodata             const    0x00038ed0     0x14  sh_eeprom.o [2]
  .rodata             const    0x00038ee4      0x8  sh_eeprom.o [2]
  .rodata             const    0x00038eec     0x18  sh_eeprom.o [2]
  .rodata             const    0x00038f04      0xc  sh_eeprom.o [2]
  .rodata             const    0x00038f10      0xc  sh_eeprom.o [2]
  .rodata             const    0x00038f1c      0x8  sh_eeprom.o [2]
  .rodata             const    0x00038f24     0x18  sh_eeprom.o [2]
  .rodata             const    0x00038f3c      0x8  sh_eeprom.o [2]
  .rodata             const    0x00038f44     0x14  sh_eeprom.o [2]
  .rodata             const    0x00038f58      0x8  sh_eeprom.o [2]
  .rodata             const    0x00038f60     0x10  sh_eeprom.o [2]
  .rodata             const    0x00038f70      0xc  sh_eeprom.o [2]
  .rodata             const    0x00038f7c      0x8  sh_eeprom.o [2]
  .rodata             const    0x00038f84      0x8  sh_eeprom.o [2]
  .rodata             const    0x00038f8c      0x8  sh_eeprom.o [2]
  .rodata             const    0x00038f94     0x20  sh_eeprom.o [2]
  .rodata             const    0x00038fb4      0x8  sh_eeprom.o [2]
  .rodata             const    0x00038fbc     0x20  sh_eeprom.o [2]
  .rodata             const    0x00038fdc      0x8  sh_eeprom.o [2]
  .rodata             const    0x00038fe4     0x24  sh_eeprom.o [2]
  .rodata             const    0x00039008     0x54  sh_eeprom.o [2]
  .rodata             const    0x0003905c     0x2c  sh_info.o [2]
  .rodata             const    0x00039088      0x8  sh_info.o [2]
  .rodata             const    0x00039090     0x20  sh_info.o [2]
  .rodata             const    0x000390b0     0x1c  sh_info.o [2]
  .rodata             const    0x000390cc     0x18  sh_info.o [2]
  .rodata             const    0x000390e4     0x28  sh_reset.o [2]
  .rodata             const    0x0003910c      0x8  sh_reset.o [2]
  .rodata             const    0x00039114     0x5c  sh_update.o [2]
  .rodata             const    0x00039170     0x2c  sh_update.o [2]
  .rodata             const    0x0003919c     0x24  sh_update.o [2]
  .rodata             const    0x000391c0      0xc  sh_update.o [2]
  .rodata             const    0x000391cc     0x24  sh_update.o [2]
  .rodata             const    0x000391f0     0x18  sh_update.o [2]
  .rodata             const    0x00039208      0xc  sh_update.o [2]
  .rodata             const    0x00039214      0x8  sh_update.o [2]
  .rodata             const    0x0003921c     0x20  sh_update.o [2]
  .rodata             const    0x0003923c      0x8  sh_update.o [2]
  .rodata             const    0x00039244      0xc  sh_update.o [2]
  .rodata             const    0x00039250     0x1c  sh_update.o [2]
  .rodata             const    0x0003926c     0x20  sh_update.o [2]
  .rodata             const    0x0003928c     0x14  sh_update.o [2]
  .rodata             const    0x000392a0     0x28  sh_update.o [2]
  .rodata             const    0x000392c8      0x8  sh_update.o [2]
  .rodata             const    0x000392d0     0x48  sh_update.o [2]
  .rodata             const    0x00039318     0x18  sh_update.o [2]
  .rodata             const    0x00039330     0x1c  sh_update.o [2]
  .rodata             const    0x0003934c     0x20  sh_update.o [2]
  .rodata             const    0x0003936c     0x20  sh_update.o [2]
  .rodata             const    0x0003938c     0x20  sh_update.o [2]
  .rodata             const    0x000393ac     0x24  sh_update.o [2]
  .rodata             const    0x000393d0     0x20  sh_update.o [2]
  .rodata             const    0x000393f0     0x24  sh_update.o [2]
  .rodata             const    0x00039414     0x18  sh_update.o [2]
  .rodata             const    0x0003942c     0x24  sh_update.o [2]
  .rodata             const    0x00039450     0x24  sh_update.o [2]
  .rodata             const    0x00039474     0x34  sh_update.o [2]
  .rodata             const    0x000394a8     0x30  sh_version.o [2]
  .rodata             const    0x000394d8      0xc  sh_version.o [2]
  .rodata             const    0x000394e4     0x24  sh_version.o [2]
  .rodata             const    0x00039508     0x18  sh_version.o [2]
  .rodata             const    0x00039520     0x14  sh_version.o [2]
  .rodata             const    0x00039534     0x1c  sh_version.o [2]
  .rodata             const    0x00039550      0x8  Tasks.o [2]
  .rodata             const    0x00039558      0xc  Tasks.o [2]
  .rodata             const    0x00039564      0xc  Tasks.o [2]
  .rodata             const    0x00039570     0x10  Tasks.o [2]
  .rodata             const    0x00039580      0x8  Tasks.o [2]
  .rodata             const    0x00039588     0x10  Tasks.o [2]
  .rodata             const    0x00039598      0xc  Tasks.o [2]
  .rodata             const    0x000395a4     0x14  Tasks.o [2]
  .rodata             const    0x000395b8     0x14  Tasks.o [2]
  .rodata             const    0x000395cc    0x140  Tasks.o [2]
  .rodata             const    0x0003970c      0x8  Telnet.o [2]
  .rodata             const    0x00039714      0x4  Telnet.o [2]
  .rodata             const    0x00039718      0x8  Telnet.o [2]
  .rodata             const    0x00039720      0x8  Telnet.o [2]
  .rodata             const    0x00039728      0x8  Telnet.o [2]
  .rodata             const    0x00039730      0x8  Telnet.o [2]
  .rodata             const    0x00039738      0x8  Telnet.o [2]
  .rodata             const    0x00039740      0x8  Telnet.o [2]
  .rodata             const    0x00039748      0x8  Telnet.o [2]
  .rodata             const    0x00039750      0x8  Telnet.o [2]
  .rodata             const    0x00039758      0x8  Telnet.o [2]
  .rodata             const    0x00039760     0x10  Telnet.o [2]
  .rodata             const    0x00039770      0x8  Telnet.o [2]
  .rodata             const    0x00039778      0xc  Telnet.o [2]
  .rodata             const    0x00039784      0x8  Telnet.o [2]
  .rodata             const    0x0003978c      0xc  Telnet.o [2]
  .rodata             const    0x00039798     0x10  Telnet.o [2]
  .rodata             const    0x000397a8     0x14  Telnet.o [2]
  .rodata             const    0x000397bc     0x10  Telnet.o [2]
  .rodata             const    0x000397cc      0x8  Telnet.o [2]
  .rodata             const    0x000397d4      0x8  Telnet.o [2]
  .rodata             const    0x000397dc     0x18  Telnet.o [2]
  .rodata             const    0x000397f4     0x1c  Telnet.o [2]
  .rodata             const    0x00039810     0x1c  Telnet.o [2]
  .rodata             const    0x0003982c     0x20  Telnet.o [2]
  .rodata             const    0x0003984c      0xc  Telnet.o [2]
  .rodata             const    0x00039858      0x8  Telnet.o [2]
  .rodata             const    0x00039860     0x1c  Telnet.o [2]
  .rodata             const    0x0003987c      0x8  Telnet.o [2]
  .rodata             const    0x00039884     0x40  Telnet.o [2]
  .rodata             const    0x000398c4     0x1c  Telnet.o [2]
  .rodata             const    0x000398e0     0x20  Telnet.o [2]
  .rodata             const    0x00039900     0x1c  Telnet.o [2]
  .rodata             const    0x0003991c      0x8  Telnet.o [2]
  .rodata             const    0x00039924     0x30  Telnet.o [2]
  .rodata             const    0x00039954     0x1c  Telnet.o [2]
  .rodata             const    0x00039970     0x28  Telnet.o [2]
  .rodata             const    0x00039998     0x1c  Telnet.o [2]
  .rodata             const    0x000399b4     0x20  Telnet.o [2]
  .rodata             const    0x000399d4     0x14  Telnet.o [2]
  .rodata             const    0x000399e8     0x20  Telnet.o [2]
  .rodata             const    0x00039a08     0x1c  Telnet.o [2]
  .rodata             const    0x00039a24      0x8  Telnet.o [2]
  .rodata             const    0x00039a2c     0x20  Telnet.o [2]
  .rodata             const    0x00039a4c     0x20  Telnet.o [2]
  .rodata             const    0x00039a6c     0x28  Telnet.o [2]
  .rodata             const    0x00039a94     0x28  Telnet.o [2]
  .rodata             const    0x00039abc     0x2c  Telnet.o [2]
  .rodata             const    0x00039ae8     0x20  Telnet.o [2]
  .rodata             const    0x00039b08      0x8  Telnet.o [2]
  .rodata             const    0x00039b10      0xc  Telnet.o [2]
  .rodata             const    0x00039b1c      0xc  Telnet.o [2]
  .rodata             const    0x00039b28     0x10  Telnet.o [2]
  .rodata             const    0x00039b38     0x10  Telnet.o [2]
  .rodata             const    0x00039b48     0x10  Telnet.o [2]
  .rodata             const    0x00039b58     0x14  Telnet.o [2]
  .rodata             const    0x00039b6c      0x8  Telnet.o [2]
  .rodata             const    0x00039b74      0x8  Telnet.o [2]
  .rodata             const    0x00039b7c     0x10  Telnet.o [2]
  .rodata             const    0x00039b8c     0x10  Telnet.o [2]
  .rodata             const    0x00039b9c      0x8  Telnet.o [2]
  .rodata             const    0x00039ba4      0x4  Telnet.o [2]
  .rodata             const    0x00039ba8     0x20  Telnet.o [2]
  .rodata             const    0x00039bc8     0x24  Telnet.o [2]
  .rodata             const    0x00039bec     0x60  Telnet.o [2]
  .rodata             const    0x00039c4c      0xc  Telnet.o [2]
  .rodata             const    0x00039c58     0x80  Telnet.o [2]
  .rodata             const    0x00039cd8     0x18  Telnet.o [2]
  .rodata             const    0x00039cf0     0x18  Telnet.o [2]
  .rodata             const    0x00039d08      0xc  Telnet.o [2]
  .rodata             const    0x00039d14     0x54  Telnet.o [2]
  .rodata             const    0x00039d68     0x20  Telnet.o [2]
  .rodata             const    0x00039d88      0xc  Telnet.o [2]
  .rodata             const    0x00039d94      0x8  Telnet.o [2]
  .rodata             const    0x00039d9c     0x14  shell.o [15]
  .rodata             const    0x00039db0      0xc  shell.o [15]
  .rodata             const    0x00039dbc     0x30  shell.o [15]
  .rodata             const    0x00039dec      0xc  shell.o [15]
  .rodata             const    0x00039df8      0x8  shell.o [15]
  .rodata             const    0x00039e00     0x38  shell.o [15]
  .rodata             const    0x00039e38     0x14  shell.o [15]
  .rodata             const    0x00039e4c      0x8  sh_help.o [15]
  .rodata             const    0x00039e54      0x8  sh_help.o [15]
  .rodata             const    0x00039e5c     0x18  sh_help.o [15]
  .rodata             const    0x00039e74      0x8  sh_help.o [15]
  .rodata             const    0x00039e7c     0x28  sh_help.o [15]
  .rodata             const    0x00039ea4     0x10  sh_help.o [15]
  .rodata             const    0x00039eb4     0x18  sh_help.o [15]
  .rodata             const    0x00039ecc     0x28  sh_help.o [15]
  .rodata             const    0x00039ef4     0x10  sh_ipconfig.o [15]
  .rodata             const    0x00039f04     0x10  sh_ipconfig.o [15]
  .rodata             const    0x00039f14     0x2c  sh_ipconfig.o [15]
  .rodata             const    0x00039f40     0x24  sh_ipconfig.o [15]
  .rodata             const    0x00039f64     0x18  sh_ipconfig.o [15]
  .rodata             const    0x00039f7c     0x18  sh_ipconfig.o [15]
  .rodata             const    0x00039f94     0x18  sh_ipconfig.o [15]
  .rodata             const    0x00039fac     0x18  sh_ipconfig.o [15]
  .rodata             const    0x00039fc4      0x8  sh_ipconfig.o [15]
  .rodata             const    0x00039fcc      0x8  sh_ipconfig.o [15]
  .rodata             const    0x00039fd4     0x2c  sh_ipconfig.o [15]
  .rodata             const    0x0003a000     0x38  sh_ipconfig.o [15]
  .rodata             const    0x0003a038     0x38  sh_ipconfig.o [15]
  .rodata             const    0x0003a070     0x30  sh_ipconfig.o [15]
  .rodata             const    0x0003a0a0     0x30  sh_ipconfig.o [15]
  .rodata             const    0x0003a0d0     0x28  sh_ipconfig.o [15]
  .rodata             const    0x0003a0f8      0x8  sh_ipconfig.o [15]
  .rodata             const    0x0003a100     0x34  sh_ipconfig.o [15]
  .rodata             const    0x0003a134     0x34  sh_ipconfig.o [15]
  .rodata             const    0x0003a168     0x34  sh_ipconfig.o [15]
  .rodata             const    0x0003a19c     0x28  sh_ipconfig.o [15]
  .rodata             const    0x0003a1c4      0x8  sh_ipconfig.o [15]
  .rodata             const    0x0003a1cc     0x2c  sh_ipconfig.o [15]
  .rodata             const    0x0003a1f8     0x2c  sh_ipconfig.o [15]
  .rodata             const    0x0003a224     0x18  sh_ipconfig.o [15]
  .rodata             const    0x0003a23c     0x14  sh_ipconfig.o [15]
  .rodata             const    0x0003a250     0x30  sh_ipconfig.o [15]
  .rodata             const    0x0003a280     0x18  sh_ipconfig.o [15]
  .rodata             const    0x0003a298     0x14  sh_ipconfig.o [15]
  .rodata             const    0x0003a2ac     0x2c  sh_ipconfig.o [15]
  .rodata             const    0x0003a2d8      0xc  sh_ipconfig.o [15]
  .rodata             const    0x0003a2e4     0x34  sh_ipconfig.o [15]
  .rodata             const    0x0003a318     0x3c  sh_ipconfig.o [15]
  .rodata             const    0x0003a354     0x2c  sh_ipconfig.o [15]
  .rodata             const    0x0003a380     0x38  sh_ipconfig.o [15]
  .rodata             const    0x0003a3b8     0x30  sh_ipconfig.o [15]
  .rodata             const    0x0003a3e8     0x24  sh_ipconfig.o [15]
  .rodata             const    0x0003a40c     0x20  sh_ipconfig.o [15]
  .rodata             const    0x0003a42c      0x8  sh_ipconfig.o [15]
  .rodata             const    0x0003a434     0x2c  sh_ipconfig.o [15]
  .rodata             const    0x0003a460     0x28  sh_ipconfig.o [15]
  .rodata             const    0x0003a488     0x30  sh_ipconfig.o [15]
  .rodata             const    0x0003a4b8     0x28  sh_ipconfig.o [15]
  .rodata             const    0x0003a4e0     0x34  sh_ipconfig.o [15]
  .rodata             const    0x0003a514     0x20  sh_ipconfig.o [15]
  .rodata             const    0x0003a534     0x1c  sh_ipconfig.o [15]
  .rodata             const    0x0003a550     0x1c  sh_ipconfig.o [15]
  .rodata             const    0x0003a56c     0x14  sh_ipconfig.o [15]
  .rodata             const    0x0003a580     0x10  sh_ipconfig.o [15]
  .rodata             const    0x0003a590     0x18  sh_ipconfig.o [15]
  .rodata             const    0x0003a5a8     0x20  sh_ipconfig.o [15]
  .rodata             const    0x0003a5c8     0x28  sh_ipconfig.o [15]
  .rodata             const    0x0003a5f0      0x8  sh_ipconfig.o [15]
  .rodata             const    0x0003a5f8      0x8  sh_ipconfig.o [15]
  .rodata             const    0x0003a600      0x8  sh_ipconfig.o [15]
  .rodata             const    0x0003a608      0x8  sh_ipconfig.o [15]
  .rodata             const    0x0003a610      0x8  sh_ipconfig.o [15]
  .rodata             const    0x0003a618      0x8  sh_ipconfig.o [15]
  .rodata             const    0x0003a620     0x1c  sh_ipconfig.o [15]
  .rodata             const    0x0003a63c     0x1c  sh_ipconfig.o [15]
  .rodata             const    0x0003a658     0x24  sh_ipconfig.o [15]
  .rodata             const    0x0003a67c     0x10  sh_ipconfig.o [15]
  .rodata             const    0x0003a68c     0x14  sh_ipconfig.o [15]
  .rodata             const    0x0003a6a0     0x2c  sh_ipconfig.o [15]
  .rodata             const    0x0003a6cc     0x10  sh_ipconfig.o [15]
  .rodata             const    0x0003a6dc     0x2c  sh_ipconfig.o [15]
  .rodata             const    0x0003a708     0x30  sh_ipconfig.o [15]
  .rodata             const    0x0003a738     0x2c  sh_ipconfig.o [15]
  .rodata             const    0x0003a764     0x20  sh_ipconfig.o [15]
  .rodata             const    0x0003a784     0x20  sh_ipconfig.o [15]
  .rodata             const    0x0003a7a4     0x20  sh_ipconfig.o [15]
  .rodata             const    0x0003a7c4     0x4c  sh_ipconfig.o [15]
  .rodata             const    0x0003a810     0x3c  sh_ipconfig.o [15]
  .rodata             const    0x0003a84c     0x28  sh_ipconfig.o [15]
  .rodata             const    0x0003a874     0x40  sh_ipconfig.o [15]
  .rodata             const    0x0003a8b4     0x1c  sh_ipconfig.o [15]
  .rodata             const    0x0003a8d0     0x18  sh_ipconfig.o [15]
  .rodata             const    0x0003a8e8     0x44  sh_ipconfig.o [15]
  .rodata             const    0x0003a92c     0x4c  sh_ipconfig.o [15]
  .rodata             const    0x0003a978     0x48  sh_ipconfig.o [15]
  .rodata             const    0x0003a9c0     0x10  sh_ipconfig.o [15]
  .rodata             const    0x0003a9d0     0x38  sh_ipconfig.o [15]
  .rodata             const    0x0003aa08     0x28  sh_ipconfig.o [15]
  .rodata             const    0x0003aa30     0x34  sh_ipconfig.o [15]
  .rodata             const    0x0003aa64     0x38  sh_ipconfig.o [15]
  .rodata             const    0x0003aa9c     0x34  sh_ipconfig.o [15]
  .rodata             const    0x0003aad0     0x28  sh_ipconfig.o [15]
  .rodata             const    0x0003aaf8     0x28  sh_ipconfig.o [15]
  .rodata             const    0x0003ab20     0x28  sh_ipconfig.o [15]
  .rodata             const    0x0003ab48     0x2c  sh_ipconfig.o [15]
  .rodata             const    0x0003ab74      0x4  sh_ping.o [15]
  .rodata             const    0x0003ab78      0x4  sh_ping.o [15]
  .rodata             const    0x0003ab7c      0x4  sh_ping.o [15]
  .rodata             const    0x0003ab80      0x4  sh_ping.o [15]
  .rodata             const    0x0003ab84      0x4  sh_ping.o [15]
  .rodata             const    0x0003ab88      0x4  sh_ping.o [15]
  .rodata             const    0x0003ab8c      0x4  sh_ping.o [15]
  .rodata             const    0x0003ab90     0x38  sh_ping.o [15]
  .rodata             const    0x0003abc8     0x14  sh_ping.o [15]
  .rodata             const    0x0003abdc      0x8  sh_ping.o [15]
  .rodata             const    0x0003abe4      0xc  sh_ping.o [15]
  .rodata             const    0x0003abf0      0x8  sh_ping.o [15]
  .rodata             const    0x0003abf8      0x8  sh_ping.o [15]
  .rodata             const    0x0003ac00      0xc  sh_ping.o [15]
  .rodata             const    0x0003ac0c     0x14  sh_ping.o [15]
  .rodata             const    0x0003ac20     0x40  sh_ping.o [15]
  .rodata             const    0x0003ac60     0x20  sh_ping.o [15]
  .rodata             const    0x0003ac80     0x10  sh_ping.o [15]
  .rodata             const    0x0003ac90     0x18  sh_ping.o [15]
  .rodata             const    0x0003aca8     0x14  sh_ping.o [15]
  .rodata             const    0x0003acbc     0x14  sh_ping.o [15]
  .rodata             const    0x0003acd0     0x1c  sh_ping.o [15]
  .rodata             const    0x0003acec     0x20  sh_ping.o [15]
  .rodata             const    0x0003ad0c     0x24  sh_ping.o [15]
  .rodata             const    0x0003ad30     0x38  sh_ping.o [15]
  .rodata             const    0x0003ad68     0x4c  sh_ping.o [15]
  .rodata             const    0x0003adb4     0x48  sh_ping.o [15]
  .rodata             const    0x0003adfc     0x2c  sh_ping.o [15]
  .rodata             const    0x0003ae28     0x28  sh_ping.o [15]
  .rodata             const    0x0003ae50     0x3c  sh_ping.o [15]
  .rodata             const    0x0003ae8c     0x28  sh_ping.o [15]
  .rodata             const    0x0003aeb4     0x28  sh_ping.o [15]
  .rodata             const    0x0003aedc     0x10  sh_ping.o [15]
  .rodata             const    0x0003aeec     0x20  sh_ping.o [15]
  .rodata             const    0x0003af0c      0xc  ell_object.o [4]
  .rodata             const    0x0003af18     0x44  ell_object.o [4]
  .rodata             const    0x0003af5c     0x14  ell_object.o [4]
  .rodata             const    0x0003af70     0x18  ell_object.o [4]
  .rodata             const    0x0003af88      0x8  ell_object.o [4]
  .rodata             const    0x0003af90     0x18  ell_object.o [4]
  .rodata             const    0x0003afa8     0x18  ell_object.o [4]
  .rodata             const    0x0003afc0     0x10  ell_object.o [4]
  .rodata             const    0x0003afd0     0x20  ell_object.o [4]
  .rodata             const    0x0003aff0     0x18  ell_object.o [4]
  .rodata             const    0x0003b008     0x20  ell_object.o [4]
  .rodata             const    0x0003b028     0x28  ell_object.o [4]
  .rodata             const    0x0003b050     0x1c  ell_object.o [4]
  .rodata             const    0x0003b06c     0x1c  ell_object.o [4]
  .rodata             const    0x0003b088     0x1c  ell_object.o [4]
  .rodata             const    0x0003b0a4      0x8  ell_object.o [4]
  .rodata             const    0x0003b0ac     0x20  HaControl.o [5]
  .rodata             const    0x0003b0cc      0x8  ipcfg.o [13]
  .rodata             const    0x0003b0d4      0x8  ipcfg.o [13]
  .rodata             const    0x0003b0dc      0x8  ipcfg.o [13]
  .rodata             const    0x0003b0e4      0x8  ipcfg.o [13]
  .rodata             const    0x0003b0ec      0xc  ipcfg.o [13]
  .rodata             const    0x0003b0f8      0x8  ipcfg.o [13]
  .rodata             const    0x0003b100      0x8  ipcfg.o [13]
  .rodata             const    0x0003b108      0x8  ipcfg.o [13]
  .rodata             const    0x0003b110      0x8  ipcfg.o [13]
  .rodata             const    0x0003b118      0xc  ipcfg.o [13]
  .rodata             const    0x0003b124      0xc  inet_ntop.o [13]
  .rodata             const    0x0003b130      0xc  DHCP_monitoring.o [6]
  .rodata             const    0x0003b13c     0x10  dnsinit.o [13]
  .rodata             const    0x0003b14c      0x8  NetConnect.o [6]
  .rodata             const    0x0003b154     0x34  NetConnect.o [6]
  .rodata             const    0x0003b188      0x8  NetConnect.o [6]
  .rodata             const    0x0003b190      0x8  NetConnect.o [6]
  .rodata             const    0x0003b198     0x28  mqx_utils.o [6]
  .rodata             const    0x0003b1c0     0x14  lwgpio_kgpio.o [7]
  .rodata             const    0x0003b1d4      0x8  sh_util.o [15]
  .rodata             const    0x0003b1dc      0x8  sh_util.o [15]
  .rodata             const    0x0003b1e4      0x8  storage_api.o [6]
  .rodata             const    0x0003b1ec     0x28  storage_api.o [6]
  .rodata             const    0x0003b214     0x30  storage_api.o [6]
  .rodata             const    0x0003b244     0x30  storage_api.o [6]
  .rodata             const    0x0003b274     0x2c  storage_api.o [6]
  .rodata             const    0x0003b2a0     0x34  storage_api.o [6]
  .rodata             const    0x0003b2d4     0x28  storage_api.o [6]
  .rodata             const    0x0003b2fc      0xc  inet_pton.o [13]
  .rodata             const    0x0003b308     0x14  inet_pton.o [13]
  .rodata             const    0x0003b31c     0x14  inet_pton.o [13]
  .rodata             const    0x0003b330     0x10  FTPClient.o [6]
  .rodata             const    0x0003b340     0x50  FTPClient.o [6]
  .rodata             const    0x0003b390      0xc  FTPClient.o [6]
  .rodata             const    0x0003b39c     0x18  FTPClient.o [6]
  .rodata             const    0x0003b3b4     0x18  FTPClient.o [6]
  .rodata             const    0x0003b3cc     0x24  FTPClient.o [6]
  .rodata             const    0x0003b3f0     0x2c  FTPClient.o [6]
  .rodata             const    0x0003b41c     0x1c  FTPClient.o [6]
  .rodata             const    0x0003b438     0x18  FTPClient.o [6]
  .rodata             const    0x0003b450     0x28  FTPClient.o [6]
  .rodata             const    0x0003b478      0x8  FTPClient.o [6]
  .rodata             const    0x0003b480     0x34  FTPClient.o [6]
  .rodata             const    0x0003b4b4     0x2c  FTPClient.o [6]
  .rodata             const    0x0003b4e0     0x18  FTPClient.o [6]
  .rodata             const    0x0003b4f8     0x18  FTPClient.o [6]
  .rodata             const    0x0003b510     0x18  FTPClient.o [6]
  .rodata             const    0x0003b528     0x14  FTPClient.o [6]
  .rodata             const    0x0003b53c     0x14  FTPClient.o [6]
  .rodata             const    0x0003b550     0x28  FTPClient.o [6]
  .rodata             const    0x0003b578      0xc  FTPClient.o [6]
  .rodata             const    0x0003b584     0x10  FTPClient.o [6]
  .rodata             const    0x0003b594     0x34  FTPClient.o [6]
  .rodata             const    0x0003b5c8     0x24  FTPClient.o [6]
  .rodata             const    0x0003b5ec     0x2c  FTPClient.o [6]
  .rodata             const    0x0003b618     0x2c  FTPClient.o [6]
  .rodata             const    0x0003b644     0x28  FTPClient.o [6]
  .rodata             const    0x0003b66c     0x1c  FTPClient.o [6]
  .rodata             const    0x0003b688     0x2c  FTPClient.o [6]
  .rodata             const    0x0003b6b4     0x2c  FTPClient.o [6]
  .rodata             const    0x0003b6e0     0x24  FTPClient.o [6]
  .rodata             const    0x0003b704     0x20  FTPClient.o [6]
  .rodata             const    0x0003b724     0x14  FTPClient.o [6]
  .rodata             const    0x0003b738     0x14  FTPClient.o [6]
  .rodata             const    0x0003b74c     0x14  FTPClient.o [6]
  .rodata             const    0x0003b760     0x4c  FTPClient.o [6]
  .rodata             const    0x0003b7ac     0x20  FTPClient.o [6]
  .rodata             const    0x0003b7cc     0x48  FTPClient.o [6]
  .rodata             const    0x0003b814     0x40  FTPClient.o [6]
  .rodata             const    0x0003b854     0x28  FTPClient.o [6]
  .rodata             const    0x0003b87c     0x2c  FTPClient.o [6]
  .rodata             const    0x0003b8a8     0x20  FTPClient.o [6]
  .rodata             const    0x0003b8c8     0x2c  FTPClient.o [6]
  .rodata             const    0x0003b8f4     0x2c  FTPClient.o [6]
  .rodata             const    0x0003b920     0x20  FTPClient.o [6]
  .rodata             const    0x0003b940     0x24  FTPClient.o [6]
  .rodata             const    0x0003b964     0x1c  FTPClient.o [6]
  .rodata             const    0x0003b980     0x28  FTPClient.o [6]
  .rodata             const    0x0003b9a8     0x28  FTPClient.o [6]
  .rodata             const    0x0003b9d0     0x28  FTPClient.o [6]
  .rodata             const    0x0003b9f8     0x20  FTPClient.o [6]
  .rodata             const    0x0003ba18     0x10  FTPClient.o [6]
  .rodata             const    0x0003ba28     0x30  FTPClient.o [6]
  .rodata             const    0x0003ba58      0x8  FTPClient.o [6]
  .rodata             const    0x0003ba60     0x18  FTPClient.o [6]
  .rodata             const    0x0003ba78     0x28  FTPClient.o [6]
  .rodata             const    0x0003baa0     0x28  FTPClient.o [6]
  .rodata             const    0x0003bac8     0x20  FTPClient.o [6]
  .rodata             const    0x0003bae8     0x1c  FTPClient.o [6]
  .rodata             const    0x0003bb04     0x24  FTPClient.o [6]
  .rodata             const    0x0003bb28     0x28  FTPClient.o [6]
  .rodata             const    0x0003bb50     0x30  FTPClient.o [6]
  .rodata             const    0x0003bb80     0x34  FTPClient.o [6]
  .rodata             const    0x0003bbb4     0x20  FTPClient.o [6]
  .rodata             const    0x0003bbd4      0xc  sh_exit.o [15]
  .rodata             const    0x0003bbe0      0x8  telnsrv.o [13]
  .rodata             const    0x0003bbe8      0x8  telnsrv.o [13]
  .rodata             const    0x0003bbf0      0x8  telnsrv.o [13]
  .rodata             const    0x0003bbf8     0x24  telnsrv.o [13]
  .rodata             const    0x0003bc1c      0xc  telnsrv.o [13]
  .rodata             const    0x0003bc28     0x10  lpm.o [7]
  .rodata             const    0x0003bc38      0x8  lpm.o [7]
  .rodata             const    0x0003bc40     0x18  enerr.o [7]
  .rodata             const    0x0003bc58     0x1c  enerr.o [7]
  .rodata             const    0x0003bc74     0x28  enerr.o [7]
  .rodata             const    0x0003bc9c     0x28  enerr.o [7]
  .rodata             const    0x0003bcc4     0x28  enerr.o [7]
  .rodata             const    0x0003bcec     0x24  enerr.o [7]
  .rodata             const    0x0003bd10     0x1c  enerr.o [7]
  .rodata             const    0x0003bd2c     0x10  enerr.o [7]
  .rodata             const    0x0003bd3c     0x18  enerr.o [7]
  .rodata             const    0x0003bd54     0x18  enerr.o [7]
  .rodata             const    0x0003bd6c     0x14  enerr.o [7]
  .rodata             const    0x0003bd80     0x10  enerr.o [7]
  .rodata             const    0x0003bd90     0x18  enerr.o [7]
  .rodata             const    0x0003bda8     0x14  enerr.o [7]
  .rodata             const    0x0003bdbc     0x14  enerr.o [7]
  .rodata             const    0x0003bdd0     0x1c  enerr.o [7]
  .rodata             const    0x0003bdec     0x18  enerr.o [7]
  .rodata             const    0x0003be04     0x1c  enerr.o [7]
  .rodata             const    0x0003be20     0x20  enerr.o [7]
  .rodata             const    0x0003be40     0x2c  enerr.o [7]
  .rodata             const    0x0003be6c     0x30  enerr.o [7]
  .rodata             const    0x0003be9c     0x2c  enerr.o [7]
  .rodata             const    0x0003bec8     0x24  enerr.o [7]
  .rodata             const    0x0003beec     0x20  enerr.o [7]
  .rodata             const    0x0003bf0c     0x20  enerr.o [7]
  .rodata             const    0x0003bf2c     0x24  enerr.o [7]
  .rodata             const    0x0003bf50     0x28  enerr.o [7]
  .rodata             const    0x0003bf78     0x28  enerr.o [7]
  .rodata             const    0x0003bfa0     0x10  enerr.o [7]
  .rodata             const    0x0003bfb0     0x3c  sdgram.o [13]
  .rodata             const    0x0003bfec      0x8  getaddrinfo.o [13]
  .rodata             const    0x0003bff4      0x8  getaddrinfo.o [13]
  .rodata             const    0x0003bffc     0x18  mqx.o [11]
  .rodata             const    0x0003c014     0x10  mqx.o [11]
  .rodata             const    0x0003c024     0x10  mqx.o [11]
  .rodata             const    0x0003c034      0x4  mqx.o [11]
  .rodata             const    0x0003c038      0x4  mqx.o [11]
  .rodata             const    0x0003c03c     0x18  hwtimer_pit.o [7]
  .rodata             const    0x0003c054     0x14  dnshosts.o [13]
  .rodata             const    0x0003c068     0x14  dnshosts.o [13]
  .rodata             const    0x0003c07c     0x14  dnshosts.o [13]
  .rodata             const    0x0003c090     0x14  dnshosts.o [13]
  .rodata             const    0x0003c0a4     0x14  dnshosts.o [13]
  .rodata             const    0x0003c0b8     0x14  dnshosts.o [13]
  .rodata             const    0x0003c0cc     0x14  dnshosts.o [13]
  .rodata             const    0x0003c0e0     0x14  dnshosts.o [13]
  .rodata             const    0x0003c0f4     0x14  dnshosts.o [13]
  .rodata             const    0x0003c108     0x14  dnshosts.o [13]
  .rodata             const    0x0003c11c     0x14  dnshosts.o [13]
  .rodata             const    0x0003c130     0x14  dnshosts.o [13]
  .rodata             const    0x0003c144     0x14  dnshosts.o [13]
  .rodata             const    0x0003c158     0x10  resolver.o [13]
  .rodata             const    0x0003c168     0x14  ip-e.o [13]
  .rodata             const    0x0003c17c      0x4  ip-e.o [13]
  .rodata             const    0x0003c180     0x44  ell_packet.o [4]
  .rodata             const    0x0003c1c4     0x24  ell_packet.o [4]
  .rodata             const    0x0003c1e8     0x34  ell_packet.o [4]
  .rodata             const    0x0003c21c     0x18  ell_packet.o [4]
  .rodata             const    0x0003c234     0x30  ell_packet.o [4]
  .rodata             const    0x0003c264     0x14  ell_packet.o [4]
  .rodata             const    0x0003c278      0x8  soigmp.o [13]
  .rodata             const    0x0003c280     0x10  eeprom_device.o [6]
  .rodata             const    0x0003c290     0x40  eeprom_device.o [6]
  .rodata             const    0x0003c2d0      0x8  rtcscmd.o [13]
  .rodata             const    0x0003c2d8     0x14  io_dopr.o [11]
  .rodata             const    0x0003c2ec     0x14  io_dopr.o [11]
  .rodata             const    0x0003c300     0x38  spi_memory.o [6]
  .rodata             const    0x0003c338     0x34  spi_memory.o [6]
  .rodata             const    0x0003c36c     0x30  spi_memory.o [6]
  .rodata             const    0x0003c39c      0x4  spi_memory.o [6]
  .rodata             const    0x0003c3a0     0x28  spi_memory.o [6]
  .rodata             const    0x0003c3c8     0x3c  spi_memory.o [6]
  .rodata             const    0x0003c404     0x30  spi_memory.o [6]
  .rodata             const    0x0003c434     0x34  spi_memory.o [6]
  .rodata             const    0x0003c468     0x30  spi_memory.o [6]
  .rodata             const    0x0003c498      0x8  spi_memory.o [6]
  .rodata             const    0x0003c4a0     0x28  spi_memory.o [6]
  .rodata             const    0x0003c4c8     0x30  spi_memory.o [6]
  .rodata             const    0x0003c4f8     0x2c  spi_memory.o [6]
  .rodata             const    0x0003c524      0x4  spi_memory.o [6]
  .rodata             const    0x0003c528     0x30  spi_memory.o [6]
  .rodata             const    0x0003c558     0x34  spi_memory.o [6]
  .rodata             const    0x0003c58c     0x34  spi_memory.o [6]
  .rodata             const    0x0003c5c0     0x34  spi_memory.o [6]
  .rodata             const    0x0003c5f4      0xc  dnsutil.o [13]
  .rodata             const    0x0003c600     0x10  dnsutil.o [13]
  .rodata             const    0x0003c610      0x8  ftpclnt.o [13]
  .rodata             const    0x0003c618     0x20  ftpclnt.o [13]
  .rodata             const    0x0003c638      0x8  ftpclnt.o [13]
  .rodata             const    0x0003c640     0x3c  sstream.o [13]
  .rodata             const    0x0003c67c      0x8  sotcp.o [13]
  .rodata             const    0x0003c684      0x4  telnetio.o [13]
  .rodata             const    0x0003c688      0x4  telnetio.o [13]
  .rodata             const    0x0003c68c      0x4  telnetio.o [13]
  .rodata             const    0x0003c690      0x4  telnetio.o [13]
  .rodata             const    0x0003c694     0x20  telnetio.o [13]
  .rodata             const    0x0003c6b4     0x14  lpm_smc.o [7]
  .rodata             const    0x0003c6c8      0x8  soudp.o [13]
  .rodata             const    0x0003c6d0      0x8  getnameinfo.o [13]
  .rodata             const    0x0003c6d8      0x8  getnameinfo.o [13]
  .rodata             const    0x0003c6e0      0x8  init_bsp.o [7]
  .rodata             const    0x0003c6e8      0x8  init_bsp.o [7]
  .rodata             const    0x0003c6f0      0x8  init_bsp.o [7]
  .rodata             const    0x0003c6f8      0x8  init_bsp.o [7]
  .rodata             const    0x0003c700     0x80  bsp_cm.o [7]
  .rodata             const    0x0003c780     0x54  bsp_cm.o [7]
  .rodata             const    0x0003c7d4      0x8  bsp_cm.o [7]
  .rodata             const    0x0003c7dc      0x8  bsp_cm.o [7]
  .rodata             const    0x0003c7e4      0x8  bsp_cm.o [7]
  .rodata             const    0x0003c7ec      0x8  bsp_cm.o [7]
  .rodata             const    0x0003c7f4      0x8  bsp_cm.o [7]
  .rodata             const    0x0003c7fc      0x8  bsp_cm.o [7]
  .rodata             const    0x0003c804      0x8  bsp_cm.o [7]
  .rodata             const    0x0003c80c      0x8  bsp_cm.o [7]
  .rodata             const    0x0003c814     0x20  bsp_cm.o [7]
  .rodata             const    0x0003c834     0x78  bsp_cm.o [7]
  .rodata             const    0x0003c8ac     0x10  hwtimer_kinetis.o [7]
  .rodata             const    0x0003c8bc     0x14  init_enet.o [7]
  .rodata             const    0x0003c8d0     0x10  init_enet.o [7]
  .rodata             const    0x0003c8e0     0x24  init_enet.o [7]
  .rodata             const    0x0003c904      0x8  init_enet.o [7]
  .rodata             const    0x0003c90c      0xc  rtcshost.o [13]
  .rodata             const    0x0003c918     0x14  rtcshost.o [13]
  .rodata             const    0x0003c92c      0x4  rtcshost.o [13]
  .rodata             const    0x0003c930      0xc  rtcshost.o [13]
  .rodata             const    0x0003c93c    0x130  rtcshost.o [13]
  .rodata             const    0x0003ca6c     0x14  iplocal.o [13]
  .rodata             const    0x0003ca80      0x4  iplocal.o [13]
  .rodata             const    0x0003ca84     0x1c  init_lpm.o [7]
  .rodata             const    0x0003caa0     0x18  init_dma.o [7]
  .rodata             const    0x0003cab8      0x8  init_flashx.o [7]
  .rodata             const    0x0003cac0      0x8  init_flashx.o [7]
  .rodata             const    0x0003cac8      0x8  init_flashx.o [7]
  .rodata             const    0x0003cad0      0x8  init_flashx.o [7]
  .rodata             const    0x0003cad8      0x8  init_flashx.o [7]
  .rodata             const    0x0003cae0      0x8  init_flashx.o [7]
  .rodata             const    0x0003cae8      0x8  init_flashx.o [7]
  .rodata             const    0x0003caf0      0xc  init_flashx.o [7]
  .rodata             const    0x0003cafc     0x78  init_flashx.o [7]
  .rodata             const    0x0003cb74     0x20  init_flashx.o [7]
  .rodata             const    0x0003cb94     0x10  init_sci.o [7]
  .rodata             const    0x0003cba4     0x10  init_sci.o [7]
  .rodata             const    0x0003cbb4     0x2c  init_sci.o [7]
  .rodata             const    0x0003cbe0     0x2c  init_sci.o [7]
  .rodata             const    0x0003cc0c     0x18  init_spi.o [7]
  .rodata             const    0x0003cc24     0x28  init_spi.o [7]
  .rodata             const    0x0003cc4c     0x10  dma.o [7]
  .rodata             const    0x0003cc5c     0x18  hwtimer_systick.o [7]
  .rodata             const    0x0003cc74     0x20  macnet_init.o [7]
  .rodata             const    0x0003cc94     0x14  phy_lan8720.o [7]
  .rodata             const    0x0003cca8     0x10  rtcsinit.o [13]
  .rodata             const    0x0003ccb8     0x80  flash_ftfe.o [7]
  .rodata             const    0x0003cd38     0x20  flash_ftfe.o [7]
  .rodata             const    0x0003cd58     0x18  spi_dspi_dma.o [7]
  .rodata             const    0x0003cd70     0x40  macnet_mk64.o [7]
  .rodata             const    0x0003cdb0     0x40  edma_kinetis.o [7]
  .rodata             const    0x0003cdf0      0x4  edma_kinetis.o [7]
  .rodata             const    0x0003cdf4     0x10  spi_dspi_common.o [7]
  .rodata             const    0x0003ce04     0x40  spi_dspi_common.o [7]
  .rodata             const    0x0003ce44     0x10  spi_dspi_common.o [7]
  .rodata             const    0x0003ce54      0x8  mqx_init.o [7]
  .rodata             const    0x0003ce5c     0x30  mqx_init.o [7]
  .rodata             const    0x0003ce8c      0x2  Telnet.o [2]
  .rodata             const    0x0003ce8e      0x2  Telnet.o [2]
  .rodata             const    0x0003ce90      0x2  ell_handle.o [4]
  .iar.init_table     const    0x0003ce94     0x48  - Linker created -
  .rodata             const    0x0003cedc      0x1  Telnet.o [2]
  .rodata             const    0x0003cedd      0x1  Telnet.o [2]
  .rodata             const    0x0003cede      0x1  Telnet.o [2]
  .rodata             const    0x0003cedf      0x1  spi_memory.o [6]
  .rodata             const    0x0003cee0      0x1  init_flashx.o [7]
  .rodata             const    0x0003cee1      0x0  zero_init3.o [12]
  .rodata             const    0x0003cee1      0x0  lz77_init.o [12]
  Initializer bytes   ro data  0x0003cee1    0x2fd  <for P2 mid-1>
  Initializer bytes   ro data  0x0003d1de      0x3  <for KERNEL_DATA-1>
  FLASHX_POOL                  0x0003e000      0x1  <Block>
    .flashx           const    0x0003e000      0x1  vectors.o [7]
    .flashx           const    0x0003e001      0x0  vectors.o [7]
                             - 0x0003e001  0x33be1

"P2":                                       0x22a4
  P2 mid-1                     0x1fff0000    0x4a0  <Init block>
    .data             inited   0x1fff0000      0x4  Init_Task.o [2]
    .data             inited   0x1fff0004      0x4  sh_eeprom.o [2]
    .data             inited   0x1fff0008      0x4  sh_eeprom.o [2]
    .data             inited   0x1fff000c     0x14  Telnet.o [2]
    .data             inited   0x1fff0020     0x20  ipcfg.o [13]
    .data             inited   0x1fff0040     0x14  lwgpio_kgpio.o [7]
    .data             inited   0x1fff0054     0x78  enerr.o [7]
    .data             inited   0x1fff00cc      0x4  getaddrinfo.o [13]
    .data             inited   0x1fff00d0      0x4  mqx.o [11]
    .data             inited   0x1fff00d4      0x2  dnshosts.o [13]
    .data             inited   0x1fff00d8     0x24  dnshosts.o [13]
    .data             inited   0x1fff00fc     0x24  dnshosts.o [13]
    .data             inited   0x1fff0120     0x24  dnshosts.o [13]
    .data             inited   0x1fff0144     0x24  dnshosts.o [13]
    .data             inited   0x1fff0168     0x24  dnshosts.o [13]
    .data             inited   0x1fff018c     0x24  dnshosts.o [13]
    .data             inited   0x1fff01b0     0x24  dnshosts.o [13]
    .data             inited   0x1fff01d4     0x24  dnshosts.o [13]
    .data             inited   0x1fff01f8     0x24  dnshosts.o [13]
    .data             inited   0x1fff021c     0x24  dnshosts.o [13]
    .data             inited   0x1fff0240     0x24  dnshosts.o [13]
    .data             inited   0x1fff0264     0x24  dnshosts.o [13]
    .data             inited   0x1fff0288     0x24  dnshosts.o [13]
    .data             inited   0x1fff02ac      0xc  dnshosts.o [13]
    .data             inited   0x1fff02b8     0x24  dnshosts.o [13]
    .data             inited   0x1fff02dc      0x4  dnshosts.o [13]
    .data             inited   0x1fff02e0      0x4  rtcsglob.o [13]
    .data             inited   0x1fff02e4      0x4  rtcsglob.o [13]
    .data             inited   0x1fff02e8      0x4  rtcsglob.o [13]
    .data             inited   0x1fff02ec      0x4  rtcsglob.o [13]
    .data             inited   0x1fff02f0      0x4  rtcsglob.o [13]
    .data             inited   0x1fff02f4      0x4  rtcsglob.o [13]
    .data             inited   0x1fff02f8      0x4  rtcsglob.o [13]
    .data             inited   0x1fff02fc      0x4  rtcsglob.o [13]
    .data             inited   0x1fff0300      0x4  rtcsglob.o [13]
    .data             inited   0x1fff0304      0x4  rtcsglob.o [13]
    .data             inited   0x1fff0308      0x4  rtcsglob.o [13]
    .data             inited   0x1fff030c      0x4  rtcsglob.o [13]
    .data             inited   0x1fff0310      0x4  rtcsglob.o [13]
    .data             inited   0x1fff0314      0x4  ftpclnt.o [13]
    .data             inited   0x1fff0318      0x4  ftpclnt.o [13]
    .data             inited   0x1fff0320    0x110  mmcau_md5_functions.o [9]
    .data             inited   0x1fff0430      0x4  rtcsrand.o [13]
    .data             inited   0x1fff0434     0x24  getnameinfo.o [13]
    .data             inited   0x1fff0458     0x2c  edma.o [7]
    .data             inited   0x1fff0484      0x4  edma.o [7]
    .data             inited   0x1fff0488      0x4  edma.o [7]
    .data             inited   0x1fff048c      0xc  spi_mk64.o [7]
    __DLIB_PERTHREAD  inited   0x1fff0498      0x4  strtok.o [8]
    __DLIB_PERTHREAD  inited   0x1fff049c      0x4  errno.o [8]
  .bss                zero     0x1fff04a0     0x40  HaControl.o [5]
  .bss                zero     0x1fff04e0     0x40  init_bsp.o [7]
  .bss                zero     0x1fff0520      0x4  console_task.o [2]
  .bss                zero     0x1fff0524      0x4  ell_app.o [2]
  .bss                zero     0x1fff0528    0x400  ell_task.o [2]
  .bss                zero     0x1fff0928     0x10  ell_task.o [2]
  .bss                zero     0x1fff0938     0x1c  ell_task.o [2]
  .bss                zero     0x1fff0954     0x1c  ell_task.o [2]
  .bss                zero     0x1fff0970      0x4  ell_task.o [2]
  .bss                zero     0x1fff0974     0x24  ell_task.o [2]
  .bss                zero     0x1fff0998     0x1c  Init_Task.o [2]
  .bss                zero     0x1fff09b4      0xc  Init_Task.o [2]
  .bss                zero     0x1fff09c0     0x64  led_task.o [2]
  .bss                zero     0x1fff0a24      0x4  ell_object.o [4]
  .bss                zero     0x1fff0a28     0x50  ell_object.o [4]
  .bss                zero     0x1fff0a78     0x40  HaControl.o [5]
  .bss                zero     0x1fff0ab8     0x1c  HaControl.o [5]
  .bss                zero     0x1fff0ad4     0x80  ipcfg.o [13]
  .bss                zero     0x1fff0b54    0x400  ell_handle.o [4]
  .bss                zero     0x1fff0f54    0x100  ell_handle.o [4]
  .bss                zero     0x1fff1054      0x4  ell_handle.o [4]
  .bss                zero     0x1fff1058      0x4  ell_handle.o [4]
  .bss                zero     0x1fff105c      0x4  ell_handle.o [4]
  .bss                zero     0x1fff1060      0x4  ell_handle.o [4]
  .bss                zero     0x1fff1064      0x4  ell_handle.o [4]
  .bss                zero     0x1fff1068      0x4  eeprom_api.o [6]
  .bss                zero     0x1fff106c      0x4  eeprom_api.o [6]
  .bss                zero     0x1fff1070      0x4  eeprom_api.o [6]
  .bss                zero     0x1fff1074     0x1c  eeprom_api.o [6]
  .bss                zero     0x1fff1090      0x4  DHCP_monitoring.o [6]
  .bss                zero     0x1fff1094      0x4  NetConnect.o [6]
  .bss                zero     0x1fff1098      0x4  FTPClient.o [6]
  .bss                zero     0x1fff109c      0x4  FTPClient.o [6]
  .bss                zero     0x1fff10a0      0x4  telnsrv.o [13]
  .bss                zero     0x1fff10a4     0x34  lpm.o [7]
  .bss                zero     0x1fff10d8     0x30  io_util.o [11]
  .bss                zero     0x1fff1108      0x4  mqx.o [11]
  .bss                zero     0x1fff110c      0x4  psp_mstiq.o [11]
  .bss                zero     0x1fff1110      0x4  psp_mstiq.o [11]
  .bss                zero     0x1fff1114      0x4  dnshosts.o [13]
  .bss                zero     0x1fff1118      0x4  resolver.o [13]
  .bss                zero     0x1fff111c      0x4  resolver.o [13]
  .bss                zero     0x1fff1120      0x4  resolver.o [13]
  .bss                zero     0x1fff1124      0x4  rtcsglob.o [13]
  .bss                zero     0x1fff1128      0x4  rtcsglob.o [13]
  .bss                zero     0x1fff112c      0x4  rtcsglob.o [13]
  .bss                zero     0x1fff1130      0x4  multicastsocket_init.o [6]
  .bss                zero     0x1fff1134      0x8  multicastsocket_init.o [6]
  .bss                zero     0x1fff113c     0x9c  dnsutil.o [13]
  .bss                zero     0x1fff11d8    0xff0  dnsutil.o [13]
  .bss                zero     0x1fff21c8     0x40  dnsutil.o [13]
  .bss                zero     0x1fff2208      0x4  rtcsrand.o [13]
  .bss                zero     0x1fff220c      0x4  rtcsrand.o [13]
  .bss                zero     0x1fff2210      0x4  timer.o [13]
  .bss                zero     0x1fff2214      0x4  init_bsp.o [7]
  .bss                zero     0x1fff2218      0x4  ipif_add.o [13]
  .bss                zero     0x1fff221c      0x4  tcpip.o [13]
  .bss                zero     0x1fff2220      0x4  arpinit.o [13]
  .bss                zero     0x1fff2224      0x4  iplocal.o [13]
  .bss                zero     0x1fff2228      0x4  dma.o [7]
  .bss                zero     0x1fff222c      0x4  dma.o [7]
  .bss                zero     0x1fff2230      0x4  bootinit.o [13]
  .bss                zero     0x1fff2234      0x4  bootinit.o [13]
  .bss                zero     0x1fff2238     0x40  edma.o [7]
  .bss                zero     0x1fff2278      0x2  ell_app.o [2]
  .bss                zero     0x1fff227a      0x2  ell_task.o [2]
  .bss                zero     0x1fff227c      0x2  led_task.o [2]
  .bss                zero     0x1fff227e      0x2  HaControl.o [5]
  .bss                zero     0x1fff2280      0x2  HaControl.o [5]
  .bss                zero     0x1fff2282      0x2  HaControl.o [5]
  .bss                zero     0x1fff2284      0x2  FTPClient.o [6]
  .bss                zero     0x1fff2286      0x2  resolver.o [13]
  .bss                zero     0x1fff2288      0x1  console_task.o [2]
  .bss                zero     0x1fff2289      0x1  ell_task.o [2]
  .bss                zero     0x1fff228a      0x1  HaControl.o [5]
  .bss                zero     0x1fff228b      0x1  ipcfg.o [13]
  .bss                zero     0x1fff228c      0x1  rtcsglob.o [13]
  .bss                zero     0x1fff228d      0x1  rtcsglob.o [13]
  .bss                zero     0x1fff228e      0x1  rtcsglob.o [13]
  .bss                zero     0x1fff228f      0x1  rtcsglob.o [13]
  .bss                zero     0x1fff2290      0x1  rtcsglob.o [13]
  .bss                zero     0x1fff2291      0x1  bsp_cm.o [7]
  KERNEL_DATA                  0x1fff22a0      0x4  <Block>
    KERNEL_DATA-1              0x1fff22a0      0x4  <Init block>
      .kernel_data    inited   0x1fff22a0      0x4  kernel_symbols.o [11]
                             - 0x1fff22a4   0x22a4


*******************************************************************************
*** INIT TABLE
***

          Address     Size
          -------     ----
Zero (__iar_zero_init3)
    1 destination range, total size 0x1df2:
          0x1fff04a0  0x1df2

Copy/lz77 (__iar_lz77_init3)
    1 source range, total size 0x2fd (64% of destination):
          0x0003cee1   0x2fd
    1 destination range, total size 0x4a0:
          0x1fff0000   0x4a0

Copy/lz77 (__iar_lz77_init3)
    1 source range, total size 0x3 (75% of destination):
          0x0003d1de     0x3
    1 destination range, total size 0x4:
          0x1fff22a0     0x4



*******************************************************************************
*** MODULE SUMMARY
***

    Module                  ro code  ro data  rw data
    ------                  -------  -------  -------
C:\Freescale\SMK_Platform\APP\MQX_Sample_Project\..\..\Bootloader\targets\k64f12\iar\freedom_bootloader\output\Debug: [1]
    freedom_bootloader.bin            13 752
    -------------------------------------------------
    Total:                            13 752

C:\Freescale\SMK_Platform\APP\MQX_Sample_Project\Debug\Obj: [2]
    Init_Task.o                 688      570       44
    Tasks.o                              444
    Telnet.o                  3 400    1 700       20
    console_task.o              160      160        5
    ell_app.o                   920      224        6
    ell_task.o                  760      352    1 139
    flash_utils.o               268      528
    led_task.o                  512      100      102
    sh_eeprom.o               1 496      577        8
    sh_info.o                   120      136
    sh_reset.o                  100       48
    sh_update.o               1 260      916
    sh_version.o                268      168
    version.o                              8
    -------------------------------------------------
    Total:                    9 952    5 931    1 324

command line: [3]
    -------------------------------------------------
    Total:

[...]
edma_tcd_prepare        0x00036ae7   0x13a  Code  Lc  edma.o [7]
edma_transfer_submit    0x00036c53   0x16c  Code  Lc  edma.o [7]
edma_uninstall_isrs     0x00036735    0x8e  Code  Lc  edma.o [7]
erase_exmem_all         0x0002a3f9    0x10  Code  Lc  FTPClient.o [6]
exit                    0x0000db71     0x4  Code  Gb  exit.o [8]
flash_test              0x0001e6dd   0x6f6  Code  Lc  Telnet.o [2]
flexnvm_flash_ioctl     0x00037399    0xa8  Code  Gb  flash_ftfe.o [7]
flexnvm_prog_part       0x0003731f    0x4c  Code  Lc  flash_ftfe.o [7]
flexnvm_read_resource   0x000372c3    0x5c  Code  Lc  flash_ftfe.o [7]
flexnvm_set_flexram     0x0003736b    0x2e  Code  Lc  flash_ftfe.o [7]
free                    0x0000ab2b     0xc  Code  Gb  comp.o [11]
freeaddrinfo            0x00024e59    0x30  Code  Gb  getaddrinfo.o [13]
ftfe_deinit_ram_function
                        0x00037117    0x16  Code  Lc  flash_ftfe.o [7]
ftfe_flash_command_sequence
                        0x00036ec5   0x19a  Code  Lc  flash_ftfe.o [7]
ftfe_flash_deinit       0x000370c7    0x1e  Code  Gb  flash_ftfe.o [7]
ftfe_flash_erase_sector
                        0x0003712d    0xbc  Code  Gb  flash_ftfe.o [7]
ftfe_flash_init         0x0003705f    0x68  Code  Gb  flash_ftfe.o [7]
ftfe_flash_write_sector_pa_ram
                        0x000371e9    0xc6  Code  Gb  flash_ftfe.o [7]
ftfe_init_ram_function  0x000370e5    0x32  Code  Lc  flash_ftfe.o [7]
ftfe_ram_function       0x000372b1    0x10  Code  Lc  flash_ftfe.o [7]
ftfe_ram_function_end   0x000372c1     0x2  Code  Lc  flash_ftfe.o [7]
ftp_printf              0x000295a1    0x32  Code  Lc  FTPClient.o [6]
gConsoleTaskID          0x1fff0520     0x4  Data  Lc  console_task.o [2]
gDHCPCheckCallback      0x1fff1090     0x4  Data  Lc  DHCP_monitoring.o [6]
gEDTWork                0x1fff0f54   0x100  Data  Lc  ell_handle.o [4]
gEEPROMDev              0x1fff1070     0x4  Data  Lc  eeprom_api.o [6]
gEEPROMMapTable         0x0003897c    0x50  Data  Lc  flash_utils.o [2]
gEEPROMSem              0x1fff1074    0x1c  Data  Lc  eeprom_api.o [6]
gEEPROMTable            0x1fff1068     0x4  Data  Lc  eeprom_api.o [6]
gEEPROMTableSize        0x1fff106c     0x4  Data  Lc  eeprom_api.o [6]
gELLAdpPoolID           0x1fff0524     0x4  Data  Lc  ell_app.o [2]
gELLAdpReqQID           0x1fff2278     0x2  Data  Lc  ell_app.o [2]
gELLObjectAlloc         0x1fff0a28    0x50  Data  Gb  ell_object.o [4]
gELLRecvPacketPoolID    0x1fff0970     0x4  Data  Lc  ell_task.o [2]
gELLRecvPacketQID       0x1fff227a     0x2  Data  Lc  ell_task.o [2]
gELLRscSem              0x1fff0954    0x1c  Data  Lc  ell_task.o [2]
gELLTaskStart           0x1fff2289     0x1  Data  Lc  ell_task.o [2]
gELLTaskSyncEvent       0x1fff0974    0x24  Data  Lc  ell_task.o [2]
gElectricLockEPC        0x000387d4    0x30  Data  Gb  ell_app.o [2]
gElectricLockEPCRange   0x00038804    0x10  Data  Gb  ell_app.o [2]
gFtpQID                 0x1fff2284     0x2  Data  Lc  FTPClient.o [6]
gHaControlHWTimer       0x1fff04a0    0x40  Data  Lc  HaControl.o [5]
gHaControlSem           0x1fff0ab8    0x1c  Data  Lc  HaControl.o [5]
gHaPort                 0x1fff0a78    0x40  Data  Lc  HaControl.o [5]
gHaPortConfig           0x0003b0ac    0x20  Data  Lc  HaControl.o [5]
gHaPrevCount            0x1fff2282     0x2  Data  Lc  HaControl.o [5]
gHaPrevSignal           0x1fff228a     0x1  Data  Lc  HaControl.o [5]
gHaSameCount            0x1fff2280     0x2  Data  Lc  HaControl.o [5]
gHaSignalChangeCount    0x1fff227e     0x2  Data  Lc  HaControl.o [5]
gLEDGPIO                0x00038e10    0x10  Data  Gb  led_task.o [2]
gLEDMode                0x1fff227c     0x2  Data  Lc  led_task.o [2]
gLEDTaskHandle          0x1fff09c0    0x64  Data  Lc  led_task.o [2]
gLockData               0x1fff1064     0x4  Data  Lc  ell_handle.o [4]
gLockFunc               0x1fff105c     0x4  Data  Lc  ell_handle.o [4]
gMsgFD                  0x1fff109c     0x4  Data  Lc  FTPClient.o [6]
gNodeProfileEPC         0x0003878c    0x48  Data  Gb  ell_app.o [2]
gNumELLObjects          0x1fff0a24     0x4  Data  Gb  ell_object.o [4]
gRecvBuffer             0x1fff0528   0x400  Data  Lc  ell_task.o [2]
gRecvProperty           0x1fff1058     0x4  Data  Lc  ell_handle.o [4]
gSendBuffer             0x1fff0b54   0x400  Data  Lc  ell_handle.o [4]
gSendPacket             0x1fff1054     0x4  Data  Lc  ell_handle.o [4]
gStartShell             0x1fff2288     0x1  Data  Lc  console_task.o [2]
gUDP                    0x1fff0928    0x10  Data  Lc  ell_task.o [2]
gUDPSendSem             0x1fff0938    0x1c  Data  Lc  ell_task.o [2]
gUnlockFunc             0x1fff1060     0x4  Data  Lc  ell_handle.o [4]
get_ip_addr             0x00022b8b    0xe8  Code  Lc  sh_update.o [2]
getaddrinfo             0x0002487d   0x396  Code  Gb  getaddrinfo.o [13]
getnameinfo             0x00025271   0x268  Code  Gb  getnameinfo.o [13]
gpio_ptr_arr            0x0003b1c0    0x14  Data  Lc  lwgpio_kgpio.o [7]
group                   0x1fff1134     0x8  Data  Lc  multicastsocket_init.o [6]
help_test               0x0001f159    0x3a  Code  Lc  Telnet.o [2]
hwtimer_callback_reg    0x0000d71f    0x20  Code  Gb  hwtimer.o [7]
hwtimer_deinit          0x0000d539    0x6e  Code  Gb  hwtimer.o [7]
hwtimer_get_modulo      0x0000d6e1     0xe  Code  Gb  hwtimer.o [7]
hwtimer_get_time        0x0000d6ef    0x30  Code  Gb  hwtimer.o [7]
hwtimer_init            0x0000d4e5    0x54  Code  Gb  hwtimer.o [7]
hwtimer_pit_deinit      0x0002bd8d    0xcc  Code  Lc  hwtimer_pit.o [7]
hwtimer_pit_get_time    0x0002bed9    0x54  Code  Lc  hwtimer_pit.o [7]
hwtimer_pit_init        0x0002bc6f   0x112  Code  Lc  hwtimer_pit.o [7]
hwtimer_pit_isr         0x0002bc1d    0x52  Code  Lc  hwtimer_pit.o [7]
hwtimer_pit_isr_shared  0x0002bb95    0x88  Code  Lc  hwtimer_pit.o [7]
hwtimer_pit_set_div     0x0002be59    0x26  Code  Lc  hwtimer_pit.o [7]
hwtimer_pit_start       0x0002be7f    0x2e  Code  Lc  hwtimer_pit.o [7]
hwtimer_pit_stop        0x0002bead    0x2c  Code  Lc  hwtimer_pit.o [7]
hwtimer_set_freq        0x0000d5a7    0x58  Code  Gb  hwtimer.o [7]
hwtimer_set_period      0x0000d5ff    0x86  Code  Gb  hwtimer.o [7]
hwtimer_start           0x0000d689    0x28  Code  Gb  hwtimer.o [7]
hwtimer_stop            0x0000d6b1    0x30  Code  Gb  hwtimer.o [7]
hwtimer_systick_deinit  0x000355f1    0x26  Code  Lc  hwtimer_systick.o [7]
hwtimer_systick_get_time
                        0x0003565b    0x3c  Code  Lc  hwtimer_systick.o [7]
hwtimer_systick_init    0x00035587    0x6a  Code  Lc  hwtimer_systick.o [7]
hwtimer_systick_isr     0x00035551    0x36  Code  Lc  hwtimer_systick.o [7]
hwtimer_systick_set_div
                        0x00035617    0x24  Code  Lc  hwtimer_systick.o [7]
hwtimer_systick_start   0x0003563b    0x10  Code  Lc  hwtimer_systick.o [7]
hwtimer_systick_stop    0x0003564b    0x10  Code  Lc  hwtimer_systick.o [7]
inet_addr               0x0001c721    0x1c  Code  Gb  inet.o [13]
inet_aton               0x0001c699    0x88  Code  Gb  inet.o [13]
inet_ntop               0x0001ac69    0x32  Code  Gb  inet_ntop.o [13]
inet_ntop4              0x0001ac9b    0x7c  Code  Lc  inet_ntop.o [13]
inet_ntop6              0x0001ad17   0x1e4  Code  Lc  inet_ntop.o [13]
inet_pton               0x00022679    0x44  Code  Gb  inet_pton.o [13]
inet_pton4              0x000226bd    0xd4  Code  Lc  inet_pton.o [13]
inet_pton6              0x00022791   0x17a  Code  Lc  inet_pton.o [13]
init_hardware           0x0000abad     0xc  Code  Gb  init_hw.o [7]
initialize_DomainNameServer
                        0x0001dcad     0xc  Code  Gb  Init_Task.o [2]
initialize_Telnet       0x0001e6c1    0x16  Code  Gb  Telnet.o [2]
initialize_networking   0x0001dc3d    0x70  Code  Gb  Init_Task.o [2]
ipcfg_add_dns_ip        0x00017b89    0x54  Code  Gb  ipcfg.o [13]
ipcfg_add_interface     0x0001793d    0x66  Code  Gb  ipcfg.o [13]
ipcfg_bind_autoip_internal
                        0x000180c7    0x3e  Code  Lc  ipcfg.o [13]
ipcfg_bind_autoip_internal_actual
                        0x00017fc5   0x102  Code  Lc  ipcfg.o [13]
ipcfg_bind_boot_internal
                        0x000185c9     0x8  Code  Lc  ipcfg.o [13]
ipcfg_bind_dhcp         0x000183a7    0x5e  Code  Gb  ipcfg.o [13]
ipcfg_bind_dhcp_func    0x0001810b   0x152  Code  Lc  ipcfg.o [13]
ipcfg_bind_dhcp_internal
                        0x000182e1    0xc6  Code  Lc  ipcfg.o [13]
ipcfg_bind_dhcp_wait    0x000185d5    0x54  Code  Gb  ipcfg.o [13]
ipcfg_bind_staticip     0x00017f69    0x5c  Code  Gb  ipcfg.o [13]
ipcfg_bind_staticip_internal
                        0x00017e67   0x102  Code  Lc  ipcfg.o [13]
ipcfg_data              0x1fff0ad4    0x80  Data  Gb  ipcfg.o [13]
ipcfg_del_dns_ip        0x00017bdd    0x44  Code  Gb  ipcfg.o [13]
ipcfg_del_interface     0x000179a3    0x2e  Code  Gb  ipcfg.o [13]
ipcfg_dhcp_choice_func  0x00018105     0x6  Code  Lc  ipcfg.o [13]
ipcfg_dhcp_fail_func    0x000182bd    0x24  Code  Lc  ipcfg.o [13]
ipcfg_dhcp_nak_func     0x0001825d    0x3e  Code  Lc  ipcfg.o [13]
ipcfg_dhcp_unbind_func  0x0001829b    0x22  Code  Lc  ipcfg.o [13]
ipcfg_get_desired_state
                        0x00017ab3    0x2c  Code  Gb  ipcfg.o [13]
ipcfg_get_device_number
                        0x00017915    0x28  Code  Gb  ipcfg.o [13]
ipcfg_get_dns_ip        0x00017b4b    0x3e  Code  Gb  ipcfg.o [13]
ipcfg_get_ihandle       0x000179d1    0x2a  Code  Gb  ipcfg.o [13]
ipcfg_get_ip            0x00017c21    0x38  Code  Gb  ipcfg.o [13]
ipcfg_get_link_active   0x00017adf    0x32  Code  Gb  ipcfg.o [13]
ipcfg_get_mac           0x000179fb    0x46  Code  Gb  ipcfg.o [13]
ipcfg_get_state         0x00017a59    0x5a  Code  Gb  ipcfg.o [13]
ipcfg_get_state_string  0x00017a41    0x18  Code  Gb  ipcfg.o [13]
ipcfg_init_device       0x00018851    0x54  Code  Gb  ipcfg.o [13]
ipcfg_init_interface    0x000188f3   0x138  Code  Gb  ipcfg.o [13]
ipcfg_monitor_task      0x00018757    0x2c  Code  Lc  ipcfg.o [13]
ipcfg_phy_registers     0x00017b11    0x3a  Code  Gb  ipcfg.o [13]
ipcfg_poll_dhcp         0x00018567    0x5a  Code  Gb  ipcfg.o [13]
ipcfg_poll_dhcp_internal
                        0x00018405   0x162  Code  Lc  ipcfg.o [13]
ipcfg_release_device    0x000188a5    0x4e  Code  Gb  ipcfg.o [13]
ipcfg_release_interface
                        0x00018a2b    0x46  Code  Gb  ipcfg.o [13]
ipcfg_task_create       0x00018789    0x66  Code  Gb  ipcfg.o [13]
ipcfg_task_destroy      0x000187f5    0x42  Code  Gb  ipcfg.o [13]
ipcfg_task_name         0x0003b118     0xc  Data  Lc  ipcfg.o [13]
ipcfg_task_poll         0x00018629   0x12e  Code  Gb  ipcfg.o [13]
ipcfg_task_run          0x1fff228b     0x1  Data  Lc  ipcfg.o [13]
ipcfg_task_status       0x00018837    0x16  Code  Gb  ipcfg.o [13]
ipcfg_unbind            0x00017dcf    0x98  Code  Gb  ipcfg.o [13]
ipcfg_unbind_internal   0x00017d95    0x3a  Code  Lc  ipcfg.o [13]
ipcfg_unbind_internal_actual
                        0x00017c59   0x13c  Code  Lc  ipcfg.o [13]
isalnum                 0x0001d411    0x1e  Code  Gb  isalnum.o [8]
isdigit                 0x0001453f     0xa  Code  Gb  isdigit.o [8]
isgraph                 0x000144f9    0x46  Code  Gb  isgraph.o [8]
isprint                 0x0001fe89    0x3e  Code  Gb  isprint.o [8]
isupper                 0x00014651     0xa  Code  Gb  isxxx.o [8]
isxdigit                0x0001fbf9    0x1e  Code  Gb  isxdigit.o [8]
jema_test               0x0001ef11   0x140  Code  Lc  Telnet.o [2]
kinetis_flash_invalidate_cache
                        0x00037451    0x1a  Code  Gb  flash_mk64.o [7]
kinetis_flash_invalidate_cache_end
                        0x00037475     0x2  Code  Gb  flash_mk64.o [7]
led_test                0x0001eddd   0x134  Code  Lc  Telnet.o [2]
lower_hex_string        0x0003c2ec    0x14  Data  Lc  io_dopr.o [11]
lpm_state_struct        0x1fff10a4    0x34  Data  Lc  lpm.o [7]
lwgpio_get_value        0x0001937d    0x32  Code  Gb  lwgpio_kgpio.o [7]
lwgpio_init             0x0001916d    0x5c  Code  Gb  lwgpio_kgpio.o [7]
lwgpio_set_attribute    0x000191d1   0x13a  Code  Gb  lwgpio_kgpio.o [7]
lwgpio_set_direction    0x00019329    0x38  Code  Gb  lwgpio_kgpio.o [7]
lwgpio_set_functionality
                        0x0001930b    0x1e  Code  Gb  lwgpio_kgpio.o [7]
lwgpio_set_value        0x00019361    0x1c  Code  Gb  lwgpio_kgpio.o [7]
lwres_conf_clear        0x000255c3    0xde  Code  Gb  getnameinfo.o [13]
lwres_conf_init         0x000256fb    0x8c  Code  Gb  getnameinfo.o [13]
lwres_context_create    0x000254ed    0x8e  Code  Gb  getnameinfo.o [13]
lwres_context_destroy   0x000256a1    0x1a  Code  Gb  getnameinfo.o [13]
lwres_free              0x000256e1    0x1a  Code  Gb  getnameinfo.o [13]
lwres_gnbaresponse_free
                        0x0002557b    0x48  Code  Gb  getnameinfo.o [13]
lwres_malloc            0x000256bd    0x24  Code  Gb  getnameinfo.o [13]
lwres_resetaddr         0x00025787    0x18  Code  Gb  getnameinfo.o [13]
main                    0x0000db61    0x10  Code  Gb  mqx_main.o [7]
malloc                  0x0000ab1f     0xc  Code  Gb  comp.o [11]
memchr                  0x000125cd          Code  Gb  memchr.o [12]
memcpy                  0x00010df1     0xc  Code  Gb  memcpy.o [8]
memory_addr_to_buffer   0x00021539    0x1a  Code  Lc  spi_memory.o [6]
memory_read_data        0x000216ff    0x90  Code  Gb  spi_memory.o [6]
memory_read_status      0x0002159b    0x64  Code  Gb  spi_memory.o [6]
memory_sector_erase     0x0002178f    0xae  Code  Gb  spi_memory.o [6]
memory_set_write_latch  0x00021553    0x48  Code  Gb  spi_memory.o [6]
memory_write_data       0x000215ff   0x100  Code  Gb  spi_memory.o [6]
memset                  0x0000cf75    0x14  Code  Gb  memset.o [8]
mmcau_md5_hash          0x0000aaa1          Code  Gb  mmcau_md5_functions.o [9]
mmcau_md5_hash_n        0x0000a471          Code  Gb  mmcau_md5_functions.o [9]
mmcau_md5_initialize_output
                        0x0000a451          Code  Gb  mmcau_md5_functions.o [9]
mmcau_md5_update        0x0000aa81          Code  Gb  mmcau_md5_functions.o [9]
ndigs                   0x000125a4    0x28  Data  Lc  xstoul.o [8]
network_changed_notification
                        0x0001dbcd    0x70  Code  Lc  Init_Task.o [2]
pcr_reg_arr             0x1fff0040    0x14  Data  Gb  lwgpio_kgpio.o [7]
phy_lan8720_IF          0x0003cc94    0x14  Data  Gb  phy_lan8720.o [7]
phy_lan8720_discover_addr
                        0x00037f75    0x48  Code  Lc  phy_lan8720.o [7]
phy_lan8720_get_duplex  0x00038183    0x30  Code  Lc  phy_lan8720.o [7]
phy_lan8720_get_link_status
                        0x0003813b    0x48  Code  Lc  phy_lan8720.o [7]
phy_lan8720_get_speed   0x00038109    0x32  Code  Lc  phy_lan8720.o [7]
phy_lan8720_init        0x00037fbd   0x14c  Code  Lc  phy_lan8720.o [7]
pit_devif               0x0003c03c    0x18  Data  Gb  hwtimer_pit.o [7]
pit_get_hwtimers_array  0x0002bf5d     0xa  Code  Gb  hwtimer_kinetis.o [7]
pit_get_vectors         0x0002bf49    0x14  Code  Gb  hwtimer_kinetis.o [7]
pit_io_init             0x0002bf2d    0x1c  Code  Gb  hwtimer_kinetis.o [7]
pit_vectors_table       0x0003c8ac    0x10  Data  Gb  hwtimer_kinetis.o [7]
pows                    0x000127f0    0x48  Data  Lc  xdtento.o [10]
printf_func             0x00012e95    0x1e  Code  Gb  debug_log.o [6]
read_eeprom             0x0002215f    0x28  Code  Lc  sh_eeprom.o [2]
read_eeprom_ip          0x000221fb    0x6a  Code  Lc  sh_eeprom.o [2]
read_eeprom_str         0x00022187    0x74  Code  Lc  sh_eeprom.o [2]
read_from_exmem         0x0002a34d    0x42  Code  Lc  FTPClient.o [6]
reseed                  0x1fff220c     0x4  Data  Lc  rtcsrand.o [13]
resolve_ip_addr         0x00022aa9    0xe2  Code  Lc  sh_update.o [2]
rtcs_enet               0x0003c168    0x14  Data  Lc  ip-e.o [13]
rtcs_local              0x0003ca6c    0x14  Data  Lc  iplocal.o [13]
sDataError              0x1fff0008     0x4  Data  Lc  sh_eeprom.o [2]
sEepromCmdHelp          0x00039008    0x54  Data  Lc  sh_eeprom.o [2]
sEepromCmdHelp          0x00039d14    0x54  Data  Lc  Telnet.o [2]
sFlashCmdHelp           0x00039c58    0x80  Data  Lc  Telnet.o [2]
sHelpCmdHelp            0x00039d94     0x8  Data  Lc  Telnet.o [2]
sJemaCmdHelp            0x00039cf0    0x18  Data  Lc  Telnet.o [2]
sLedCmdHelp             0x00039cd8    0x18  Data  Lc  Telnet.o [2]
sRainCmdHelp            0x0003cedd     0x1  Data  Lc  Telnet.o [2]
sReadError              0x1fff0004     0x4  Data  Lc  sh_eeprom.o [2]
sSleepCmdHelp           0x00039d08     0xc  Data  Lc  Telnet.o [2]
sUartCmdHelp            0x0003cedc     0x1  Data  Lc  Telnet.o [2]
sUpdateCmdHelp          0x00039d68    0x20  Data  Lc  Telnet.o [2]
sUsage                  0x00039c4c     0xc  Data  Lc  Telnet.o [2]
sUspeedCmdHelp          0x0003cede     0x1  Data  Lc  Telnet.o [2]
sVersionCmdHelp         0x00039d88     0xc  Data  Lc  Telnet.o [2]
seed                    0x1fff2208     0x4  Data  Lc  rtcsrand.o [13]
set_order               0x00024c69    0x6c  Code  Lc  getaddrinfo.o [13]
shell_commands          0x000386fc    0x38  Data  Lc  console_task.o [2]
shell_ping_take_value   0x000247cf    0x3a  Code  Lc  sh_ping.o [15]
sleep_test              0x0001f061    0xe0  Code  Lc  Telnet.o [2]
socketid                0x1fff1130     0x4  Data  Lc  multicastsocket_init.o [6]
stSoftwareVersion       0x0000a418     0x8  Data  Gb  version.o [2]
state                   0x1fff0430     0x4  Data  Lc  rtcsrand.o [13]
strcasecmp              0x0002579f    0x4c  Code  Gb  strcasecmp.o [8]
strcat                  0x0001c135    0x1c  Code  Gb  strcat.o [8]
strchr                  0x00022965          Code  Gb  strchr.o [12]
strcspn                 0x0002299d    0x22  Code  Gb  strcspn.o [8]
strdup                  0x00024f1d    0x26  Code  Gb  getaddrinfo.o [13]
strlcpy                 0x0001af05    0x40  Code  Gb  inet_ntop.o [13]
strlen                  0x00014669          Code  Gb  strlen.o [12]
strncmp                 0x0000d9d3    0x2a  Code  Gb  strncmp.o [8]
strrchr                 0x00022f79    0x10  Code  Gb  sh_update.o [2]
strspn                  0x0002297b    0x22  Code  Gb  strspn.o [8]
strtok                  0x00022919    0x4c  Code  Gb  strtok.o [8]
strtol                  0x00025269     0x6  Code  Gb  strtol.o [8]
strtoul                 0x00011ea9     0x4  Code  Gb  strtoul.o [8]
systick_devif           0x0003cc5c    0x18  Data  Gb  hwtimer_systick.o [7]
systick_get_vector      0x0002bf67     0x4  Code  Gb  hwtimer_kinetis.o [7]
systimer                0x1fff04e0    0x40  Data  Gb  init_bsp.o [7]
tolower                 0x0001465b     0xc  Code  Gb  tolower.o [8]
toolchain_startup       0x0000ab37     0x8  Code  Gb  comp.o [11]
upper_hex_string        0x0003c2d8    0x14  Data  Lc  io_dopr.o [11]
usage                   0x000229c1     0xa  Code  Lc  sh_info.o [2]
usage                   0x00022a39     0xa  Code  Lc  sh_reset.o [2]
usage                   0x00022a9d     0xc  Code  Lc  sh_update.o [2]
usage                   0x00022fa1     0xa  Code  Lc  sh_version.o [2]
v4_loop                 0x1fff00cc     0x4  Data  Lc  getaddrinfo.o [13]
write_and_verify_exmem  0x0002a409    0x5e  Code  Lc  FTPClient.o [6]
write_eeprom            0x000220a1    0x3a  Code  Lc  sh_eeprom.o [2]
write_eeprom_ip         0x00022123    0x3c  Code  Lc  sh_eeprom.o [2]
write_eeprom_str        0x000220db    0x48  Code  Lc  sh_eeprom.o [2]
write_to_exmem          0x0002a39d    0x4a  Code  Lc  FTPClient.o [6]


[1] = C:\Freescale\SMK_Platform\APP\MQX_Sample_Project\..\..\Bootloader\targets\k64f12\iar\freedom_bootloader\output\Debug
[2] = C:\Freescale\SMK_Platform\APP\MQX_Sample_Project\Debug\Obj
[3] = command line
[4] = EchonetLiteLite.a
[5] = HaControl.a
[6] = Platform.a
[7] = bsp.a
[8] = dl7M_tln.a
[9] = lib_mmcau.a
[10] = m7M_tlv.a
[11] = psp.a
[12] = rt7M_tl.a
[13] = rtcs.a
[14] = shb_l.a
[15] = shell.a

  189 044 bytes of readonly  code memory
   34 082 bytes of readonly  data memory
    8 854 bytes of readwrite data memory

Errors: none
Warnings: none
