###############################################################################
#
# IAR ELF Linker V7.10.3.6832/W32 for ARM                 27/Aug/2015  19:38:11
# Copyright 2007-2014 IAR Systems AB.
#
#    Output file  =  
#        C:\Freescale\SMK_Platform\APP\MQX_Sample_Project\Debug\Exe\MQX_Sample_Project.out
#    Map file     =  
#        C:\Freescale\SMK_Platform\APP\MQX_Sample_Project\Debug\List\MQX_Sample_Project.map
#    Command line =  
#        C:\Freescale\SMK_Platform\MQX\lib\SMK_Gateway.iar\debug\bsp\bsp.a
#        C:\Freescale\SMK_Platform\APP\MQX_Sample_Project\Debug\Obj\console_task.o
#        C:\Freescale\SMK_Platform\APP\MQX_Sample_Project\Debug\Obj\ell_app.o
#        C:\Freescale\SMK_Platform\APP\MQX_Sample_Project\Debug\Obj\ell_app_ctlr.o
#        C:\Freescale\SMK_Platform\APP\MQX_Sample_Project\Debug\Obj\ell_app_ha_x2.o
#        C:\Freescale\SMK_Platform\APP\MQX_Sample_Project\Debug\Obj\ell_gateway.o
#        C:\Freescale\SMK_Platform\APP\MQX_Sample_Project\Debug\Obj\ell_task.o
#        C:\Freescale\SMK_Platform\APP\MQX_Sample_Project\Debug\Obj\flash_utils.o
#        C:\Freescale\SMK_Platform\APP\MQX_Sample_Project\Debug\Obj\Init_Task.o
#        C:\Freescale\SMK_Platform\APP\MQX_Sample_Project\Debug\Obj\led_task.o
#        C:\Freescale\SMK_Platform\APP\MQX_Sample_Project\cau\lib_mmcau.a
#        C:\Freescale\SMK_Platform\APP\MQX_Sample_Project\Debug\Obj\mdns.o
#        C:\Freescale\SMK_Platform\MQX\lib\SMK_Gateway.iar\debug\mfs\mfs.a
#        C:\Freescale\SMK_Platform\APP\MQX_Sample_Project\Debug\Obj\mqtt_task.o
#        C:\Freescale\SMK_Platform\APP\MQX_Sample_Project\Debug\Obj\mwa_task.o
#        C:\Freescale\SMK_Platform\Platform\Debug\Exe\Platform.a
#        C:\Freescale\SMK_Platform\MQX\lib\SMK_Gateway.iar\debug\psp\psp.a
#        C:\Freescale\SMK_Platform\MQX\lib\SMK_Gateway.iar\debug\rtcs\rtcs.a
#        C:\Freescale\SMK_Platform\APP\MQX_Sample_Project\Debug\Obj\sh_cloud.o
#        C:\Freescale\SMK_Platform\APP\MQX_Sample_Project\Debug\Obj\sh_debug.o
#        C:\Freescale\SMK_Platform\APP\MQX_Sample_Project\Debug\Obj\sh_dns.o
#        C:\Freescale\SMK_Platform\APP\MQX_Sample_Project\Debug\Obj\sh_eeprom.o
#        C:\Freescale\SMK_Platform\APP\MQX_Sample_Project\Debug\Obj\sh_enet.o
#        C:\Freescale\SMK_Platform\APP\MQX_Sample_Project\Debug\Obj\sh_info.o
#        C:\Freescale\SMK_Platform\APP\MQX_Sample_Project\Debug\Obj\sh_mqtt.o
#        C:\Freescale\SMK_Platform\APP\MQX_Sample_Project\Debug\Obj\sh_reset.o
#        C:\Freescale\SMK_Platform\APP\MQX_Sample_Project\Debug\Obj\sh_test.o
#        C:\Freescale\SMK_Platform\APP\MQX_Sample_Project\Debug\Obj\sh_update.o
#        C:\Freescale\SMK_Platform\APP\MQX_Sample_Project\Debug\Obj\sh_version.o
#        C:\Freescale\SMK_Platform\APP\MQX_Sample_Project\Debug\Obj\Tasks.o
#        C:\Freescale\SMK_Platform\APP\MQX_Sample_Project\Debug\Obj\Telnet.o
#        C:\Freescale\SMK_Platform\APP\MQX_Sample_Project\Debug\Obj\tfs_data.o
#        C:\Freescale\SMK_Platform\APP\MQX_Sample_Project\Debug\Obj\version.o
#        C:\Freescale\SMK_Platform\APP\MQX_Sample_Project\Debug\Obj\web.o
#        --redirect _Printf=_PrintfFull --redirect _Scanf=_ScanfFull -o
#        C:\Freescale\SMK_Platform\APP\MQX_Sample_Project\Debug\Exe\MQX_Sample_Project.out
#        --keep bootloader
#        --image_input=C:\Freescale\SMK_Platform\APP\MQX_Sample_Project\..\..\Bootloader\targets\k64f12\iar\freedom_bootloader\output\Debug\freedom_bootloader.bin,bootloader,.bootloader,4
#        --map
#        C:\Freescale\SMK_Platform\APP\MQX_Sample_Project\Debug\List\MQX_Sample_Project.map
#        --config
#        C:\Freescale\SMK_Platform\APP\MQX_Sample_Project\..\..\MQX\lib\SMK_Gateway.iar\debug\bsp\intflash_boot.icf
#        --redirect __iar_dlmalloc=malloc --redirect __iar_dlcalloc=calloc
#        --redirect __iar_dlfree=free --semihosting
#        C:\Freescale\SMK_Platform\APP\MQX_Sample_Project/../../MQX/lib/SMK_Gateway.iar/debug/bsp/bsp.a
#        C:\Freescale\SMK_Platform\APP\MQX_Sample_Project/../../MQX/lib/SMK_Gateway.iar/debug/psp/psp.a
#        C:\Freescale\SMK_Platform\APP\MQX_Sample_Project/../../MQX/lib/SMK_Gateway.iar/debug/mfs/mfs.a
#        C:\Freescale\SMK_Platform\APP\MQX_Sample_Project/../../MQX/lib/SMK_Gateway.iar/debug/rtcs/rtcs.a
#        C:\Freescale\SMK_Platform\APP\MQX_Sample_Project/../../MQX/lib/SMK_Gateway.iar/debug/shell/shell.a
#        C:\Freescale\SMK_Platform\APP\MQX_Sample_Project/../../Platform/Debug/Exe/Platform.a
#        C:\Freescale\SMK_Platform\APP\MQX_Sample_Project/../../Library/EchonetLiteLite/Debug/Exe/EchonetLiteLite.a
#        C:\Freescale\SMK_Platform\APP\MQX_Sample_Project/../../Library/HaControl/Debug/Exe/HaControl.a
#        C:\Freescale\SMK_Platform\APP\MQX_Sample_Project/../../Library/WebSocket/Debug/Exe/WebSocket.a
#        C:\Freescale\SMK_Platform\APP\MQX_Sample_Project/../../Library/TLS/Debug/Exe/TLS.a
#        C:\Freescale\SMK_Platform\APP\MQX_Sample_Project/../../Library/MQTT/Debug/Exe/MQTT.a
#        --entry __iar_program_start --vfe
#
###############################################################################

*******************************************************************************
*** RUNTIME MODEL ATTRIBUTES
***

CppFlavor                   = *
__Heap_Handler              = DLMalloc
__SystemLibrary             = DLib
__dlib_jmp_buf_num_elements = 16


*******************************************************************************
*** PLACEMENT SUMMARY
***

"A1":  place at 0x0000a000 { ro section .intvec, block CFMPROTROM };
"P1":  place in [from 0x0000a000 to 0x0007ffff] {
          first block TEXTSECTION, ro, last block FLASHX_POOL };
"P2":  place in [from 0x1fff0000 to 0x2001fff0] { rw, last block KERNEL_DATA };
"A3":  place at 0x00000000 { section .bootloader };
"A4":  place at 0x0000a418 { ro section .version };

  Section             Kind        Address     Size  Object
  -------             ----        -------     ----  ------
"A3":                                       0x35b8
  .bootloader         const    0x00000000   0x35b8  freedom_bootloader.bin [1]
                             - 0x000035b8   0x35b8

"A1":                                        0x414
  .intvec             const    0x0000a000    0x400  vectors.o [10]
  CFMPROTROM                   0x0000a400     0x14  <Block>
    .cfmconfig        const    0x0000a400     0x10  vectors.o [10]
    .cfmconfig        const    0x0000a410      0x0  vectors.o [10]
    CFMPROTROM        const    0x0000a410      0x4  <Block tail>
                             - 0x0000a414    0x414

"A4":                                          0x8
  .version            const    0x0000a418      0x8  version.o [2]
                             - 0x0000a420      0x8

"P1":                                      0x37be1
  TEXTSECTION                  0x0000a420  0x316ec  <Block>
    .text             ro code  0x0000a420     0x28  support.o [14]
    .text             ro code  0x0000a450    0x660  mmcau_md5_functions.o [12]
    .text             ro code  0x0000aab0     0x64  boot.o [14]
    .text             ro code  0x0000ab14     0x2a  comp.o [14]
    .text             ro code  0x0000ab3e     0x4e  sotcp.o [16]
    .text             ro code  0x0000ab8c     0x2c  init_hw.o [10]
    .text             ro code  0x0000abb8    0x8e4  lwmem.o [14]
    .text             ro code  0x0000b49c      0xc  cstartup_M.o [15]
    .text             ro code  0x0000b4a8    0x824  bsp_cm.o [10]
    .text             ro code  0x0000bccc    0x208  init_gpio.o [10]
    .text             ro code  0x0000bed4    0xdda  task.o [14]
    .text             ro code  0x0000ccae     0x22  zero_init3.o [15]
    .text             ro code  0x0000ccd0    0x2a4  int.o [14]
    .text             ro code  0x0000cf74     0x14  memset.o [11]
    .text             ro code  0x0000cf88     0xc2  queue.o [14]
    .text             ro code  0x0000d04c     0x1a  fpinit_M.o [13]
    .text             ro code  0x0000d068     0x1a  cmain.o [15]
    .text             ro code  0x0000d084     0x76  ABImemcpy_unaligned.o [15]
    .text             ro code  0x0000d0fc    0x3e8  lpm_smc.o [10]
    .text             ro code  0x0000d4e4    0x25a  hwtimer.o [10]
    .text             ro code  0x0000d740    0x290  lwsem.o [14]
    .text             ro code  0x0000d9d0      0x2  stack_de.o [14]
    .text             ro code  0x0000d9d2     0x2a  strncmp.o [11]
    .text             ro code  0x0000d9fc      0x6  stack_st.o [14]
    .text             ro code  0x0000da04     0xca  stack_bu.o [14]
    .text             ro code  0x0000dad0     0x66  ABImemset.o [15]
    .text             ro code  0x0000db38     0x28  data_init.o [15]
    .text             ro code  0x0000db60     0x10  mqx_main.o [10]
    .text             ro code  0x0000db70      0x4  exit.o [11]
    .text             ro code  0x0000db74    0x132  I64DivMod.o [15]
    .text             ro code  0x0000dca8    0x454  mqx.o [14]
    .text             ro code  0x0000e0fc      0xa  cexit.o [15]
    .text             ro code  0x0000e108      0x2  I64DivZer.o [15]
    .text             ro code  0x0000e10c     0xd8  sc_irdyq.o [14]
    .text             ro code  0x0000e1e4    0x1ec  init_bsp.o [10]
    .text             ro code  0x0000e3d0     0x14  exit.o [17]
    .text             ro code  0x0000e3e4     0x1c  psp_iinit.o [14]
    .text             ro code  0x0000e400     0x14  int_vtab.o [14]
    .text             ro code  0x0000e414    0x3bc  time.o [14]
    .text             ro code  0x0000e7d0     0x14  kinetis_mpu.o [14]
    .text             ro code  0x0000e7e4    0x2d4  lpm.o [10]
    .text             ro code  0x0000eab8    0x3f4  dma.o [10]
    .text             ro code  0x0000eeac     0x24  io_init.o [14]
    .text             ro code  0x0000eed0    0x518  serl_int_kuart.o [10]
    .text             ro code  0x0000f3e8    0x6c0  spi.o [10]
    .text             ro code  0x0000faa8    0xf82  flashx.o [10]
    .text             ro code  0x00010a2c     0x38  io_sinit.o [10]
    .text             ro code  0x00010a64     0x14  int_inst.o [14]
    .text             ro code  0x00010a78     0x70  sched.o [14]
    .text             ro code  0x00010ae8     0x88  psp_mstiq.o [14]
    .text             ro code  0x00010b70     0x54  psp_tiad.o [14]
    .text             ro code  0x00010bc4     0x48  psp_tisu.o [14]
    .text             ro code  0x00010c0c     0xae  psp_tims.o [14]
    .text             ro code  0x00010cbc     0x58  psp_tise.o [14]
    .text             ro code  0x00010d14     0xa4  psp_tkti.o [14]
    .text             ro code  0x00010db8     0x38  psp_tinm.o [14]
    .text             ro code  0x00010df0      0xc  memcpy.o [11]
    .text             ro code  0x00010dfc     0x1c  cm.o [10]
    .text             ro code  0x00010e18     0x5c  serl_mk64.o [10]
    .text             ro code  0x00010e74    0x628  serl_pol_kuart.o [10]
    .text             ro code  0x0001149c    0x842  serl_int.o [10]
    .text             ro code  0x00011ce0     0xc8  nvic.o [14]
    .text             ro code  0x00011da8    0x100  io_instx.o [14]
    .text             ro code  0x00011ea8      0x4  strtoul.o [11]
    .text             ro code  0x00011eac     0x42  strcmp_unaligned.o [15]
    .text             ro code  0x00011ef0     0xc8  io_fopen.o [14]
    .text             ro code  0x00011fb8     0xee  psp_mat1.o [14]
    .text             ro code  0x000120a6     0x4c  psp_mat3.o [14]
    .text             ro code  0x000120f2     0xf2  psp_mat2.o [14]
    .text             ro code  0x000121e4     0x3a  io_inst.o [14]
    .text             ro code  0x00012220    0x210  taskq.o [14]
    .text             ro code  0x00012430    0x19c  xstoul.o [11]
    .text             ro code  0x000125cc     0x58  memchr.o [15]
    .text             ro code  0x00012624      0xc  errno.o [11]
    .text             ro code  0x00012630      0x2  xtls.o [11]
    .text             ro code  0x00012638    0x200  xdtento.o [13]
    .text             ro code  0x00012838     0x42  xdnorm.o [13]
    .text             ro code  0x0001287c    0x1a2  DblMul.o [13]
    .text             ro code  0x00012a20    0x114  xdscale.o [13]
    .text             ro code  0x00012b34     0x20  DblCmpEq.o [13]
    .text             ro code  0x00012b54     0x56  xdunscal.o [13]
    .text             ro code  0x00012bac    0x246  DblDiv.o [13]
    .text             ro code  0x00012df4     0xa0  console_task.o [2]
    .text             ro code  0x00012e94     0x1e  debug_log.o [7]
    .text             ro code  0x00012eb4     0x50  io_ghand.o [14]
    .text             ro code  0x00012f04     0x50  io_fgetc.o [14]
    .text             ro code  0x00012f54    0x23c  shell.o [18]
    .text             ro code  0x00013190     0x2c  io_vpr.o [14]
    .text             ro code  0x000131bc     0x2c  io_pntf.o [14]
    .text             ro code  0x000131e8     0x6c  strncpy_unaligned.o [15]
    .text             ro code  0x00013254    0x178  sh_util.o [18]
    .text             ro code  0x000133cc     0x3a  io_fflsh.o [14]
    .text             ro code  0x00013408     0xb8  io_util.o [14]
    .text             ro code  0x000134c0     0x34  io_fgets.o [14]
    .text             ro code  0x000134f4     0x3a  io_fclos.o [14]
    .text             ro code  0x00013530    0xfc8  io_dopr.o [14]
    .text             ro code  0x000144f8     0x46  isgraph.o [11]
    .text             ro code  0x0001453e      0xa  isdigit.o [11]
    .text             ro code  0x00014548     0x44  strcpy_unaligned.o [15]
    .text             ro code  0x0001458c     0xc4  io_fseek.o [14]
    .text             ro code  0x00014650      0xa  isxxx.o [11]
    .text             ro code  0x0001465a      0xc  tolower.o [11]
    .text             ro code  0x00014668     0x36  strlen.o [15]
    .text             ro code  0x0001469e     0xd0  io_fgetl.o [14]
    .text             ro code  0x00014770    0x95a  io_fp.o [14]
    .text             ro code  0x000150ca     0x30  io_fung.o [14]
    .text             ro code  0x000150fc     0xc0  modf.o [13]
    .text             ro code  0x000151bc     0xe8  DblAdd.o [13]
    .text             ro code  0x000152a4     0x4c  DblToI32.o [13]
    .text             ro code  0x000152f0     0x2e  DblCmpGe.o [13]
    .text             ro code  0x00015320     0x2e  DblCmpLe.o [13]
    .text             ro code  0x00015350    0x16c  DblSub.o [13]
    .text             ro code  0x000154bc    0x10c  flash_utils.o [2]
    .text             ro code  0x000155c8    0x118  eeprom_api.o [7]
    .text             ro code  0x000156e0     0x62  memcmp_unaligned.o [15]
    .text             ro code  0x00015744    0x1ea  eeprom_device.o [7]
    .text             ro code  0x0001592e     0x5a  io_ioctl.o [14]
    .text             ro code  0x00015988    0x300  Init_Task.o [2]
    .text             ro code  0x00015c88    0x1e6  mwa_task.o [2]
    .text             ro code  0x00015e70    0x200  led_task.o [2]
    .text             ro code  0x00016070     0xb8  DHCP_monitoring.o [7]
    .text             ro code  0x00016128    0x244  dnsinit.o [16]
    .text             ro code  0x0001636c     0x2c  rand.o [7]
    .text             ro code  0x00016398    0x348  msgpool.o [14]
    .text             ro code  0x000166e0    0xbd0  msgq.o [14]
    .text             ro code  0x000172b0    0x29c  HaControl.o [5]
    .text             ro code  0x0001754c    0x464  NetConnect.o [7]
    .text             ro code  0x000179b0    0xd48  Telnet.o [2]
    .text             ro code  0x000186f8     0x36  io_spr.o [14]
    .text             ro code  0x00018730    0x3fc  mdns.o [2]
    .text             ro code  0x00018b2c    0x778  timer.o [14]
    .text             ro code  0x000192a4   0x1188  ipcfg.o [16]
    .text             ro code  0x0001a42c    0x2dc  inet_ntop.o [16]
    .text             ro code  0x0001a708    0x2fc  connection.o [4]
    .text             ro code  0x0001aa04    0x108  mwa_uart.o [4]
    .text             ro code  0x0001ab0c   0x20e0  mwa_state.o [4]
    .text             ro code  0x0001cbec    0xadc  mwa_echonet.o [4]
    .text             ro code  0x0001d6c8     0xe0  ell_debug.o [4]
    .text             ro code  0x0001d7a8    0x894  mwa_frame.o [4]
    .text             ro code  0x0001e03c    0x3b4  lwmsgq.o [14]
    .text             ro code  0x0001e3f0     0x34  io_fprt.o [14]
    .text             ro code  0x0001e424     0x98  mqx_utils.o [7]
    .text             ro code  0x0001e4bc    0x242  lwgpio_kgpio.o [10]
    .text             ro code  0x0001e700    0x494  msg.o [14]
    .text             ro code  0x0001eb94    0x112  rtcs.o [16]
    .text             ro code  0x0001eca8    0x1fe  rtcspart.o [16]
    .text             ro code  0x0001eea8     0xc4  rtcstask.o [16]
    .text             ro code  0x0001ef6c    0x282  rtcscmd.o [16]
    .text             ro code  0x0001f1f0     0x34  multicastsocket_init.o [7]
    .text             ro code  0x0001f224     0x2c  ABIassert.o [17]
    .text             ro code  0x0001f250      0x6  ABImemclr4.o [15]
    .text             ro code  0x0001f256     0x26  io_fputs.o [14]
    .text             ro code  0x0001f27c    0x450  telnsrv.o [16]
    .text             ro code  0x0001f6cc     0x1e  isxdigit.o [11]
    .text             ro code  0x0001f6ea     0x20  io_sscan.o [14]
    .text             ro code  0x0001f70a      0x8  atoi.o [11]
    .text             ro code  0x0001f714    0x248  storage_api.o [7]
    .text             ro code  0x0001f95c     0x3e  isprint.o [11]
    .text             ro code  0x0001f99a     0x32  enaddr.o [10]
    .text             ro code  0x0001f9cc     0xda  enutil.o [10]
    .text             ro code  0x0001faa8    0x278  ifdns.o [16]
    .text             ro code  0x0001fd20     0x54  ifdhcp.o [16]
    .text             ro code  0x0001fd74     0x58  ifrem.o [16]
    .text             ro code  0x0001fdcc     0xc0  ifadd.o [16]
    .text             ro code  0x0001fe8c     0xb4  dhcputil.o [16]
    .text             ro code  0x0001ff40    0x128  eninit.o [10]
    .text             ro code  0x00020068     0x4c  enstop.o [10]
    .text             ro code  0x000200b4    0x36c  iputil.o [16]
    .text             ro code  0x00020420     0xa4  inet.o [16]
    .text             ro code  0x000204c4     0x32  io_write.o [14]
    .text             ro code  0x000204f6     0x86  io_read.o [14]
    .text             ro code  0x0002057c    0x1b8  mwa_event.o [4]
    .text             ro code  0x00020734     0x40  mwa_debug.o [4]
    .text             ro code  0x00020774    0xce8  ell_object.o [4]
    .text             ro code  0x0002145c    0x720  ell_packet.o [4]
    .text             ro code  0x00021b7c    0x172  sockutil.o [16]
    .text             ro code  0x00021cf0    0x4f8  partition.o [14]
    .text             ro code  0x000221e8      0x6  abort.o [11]
    .text             ro code  0x000221f0     0x32  ABImemset48.o [15]
    .text             ro code  0x00022224    0x494  sockio.o [16]
    .text             ro code  0x000226b8    0x9cc  telnetio.o [16]
    .text             ro code  0x00023084     0x78  io_shand.o [14]
    .text             ro code  0x000230fc    0x732  io_scanl.o [14]
    .text             ro code  0x00023830    0x354  spi_memory.o [7]
    .text             ro code  0x00023b84     0x30  init_enet.o [10]
    .text             ro code  0x00023bb4    0xde0  dnsutil.o [16]
    .text             ro code  0x00024994     0x1c  strcat.o [11]
    .text             ro code  0x000249b0    0x2c6  ipradix.o [16]
    .text             ro code  0x00024c78    0x23a  sosel.o [16]
    .text             ro code  0x00024eb2     0x34  io_fstat.o [14]
    .text             ro code  0x00024ee6     0x44  io_fputc.o [14]
    .text             ro code  0x00024f2a      0xe  strtod.o [13]
    .text             ro code  0x00024f38     0x90  DblToFlt.o [13]
    .text             ro code  0x00024fc8     0x1e  isalnum.o [11]
    .text             ro code  0x00024fe8     0xf8  timer.o [16]
    .text             ro code  0x000250e0    0x168  xstod.o [13]
    .text             ro code  0x00025248    0x130  xstopfx.o [11]
    .text             ro code  0x00025378    0x1b4  xstoflt.o [11]
    .text             ro code  0x0002552c     0x2c  I32ToDbl.o [13]
    .text             ro code  0x00025558    0x200  xstoxflt.o [11]
    .text             ro code  0x00025758    0x6dc  sh_eeprom.o [2]
    .text             ro code  0x00025e34    0x2a0  inet_pton.o [16]
    .text             ro code  0x000260d4     0x4c  strtok.o [11]
    .text             ro code  0x00026120     0x16  strchr.o [15]
    .text             ro code  0x00026136     0x22  strspn.o [11]
    .text             ro code  0x00026158     0x22  strcspn.o [11]
    .text             ro code  0x0002617c     0x54  sh_reset.o [2]
    .text             ro code  0x000261d0    0x4dc  sh_update.o [2]
    .text             ro code  0x000266ac     0x10  sh_update.o [2]
    .text             ro code  0x000266bc     0x18  strrchr.o [11]
    .text             ro code  0x000266d4    0x10c  sh_version.o [2]
    .text             ro code  0x000267e0    0x120  sh_help.o [18]
    .text             ro code  0x00026900    0x9dc  sh_ipconfig.o [18]
    .text             ro code  0x000272dc     0x9c  sh_enet.o [18]
    .text             ro code  0x00027378    0x6ac  dnscln.o [16]
    .text             ro code  0x00027a24     0x9e  sh_rtcs.o [18]
    .text             ro code  0x00027ac4     0xf8  rtcsrand.o [16]
    .text             ro code  0x00027bbc    0x3f4  sh_ping.o [18]
    .text             ro code  0x00027fb0    0x6c6  getaddrinfo.o [16]
    .text             ro code  0x00028678    0x2ec  ping.o [16]
    .text             ro code  0x00028964     0x38  enerr.o [10]
    .text             ro code  0x0002899c      0x6  strtol.o [11]
    .text             ro code  0x000289a4    0x52e  getnameinfo.o [16]
    .text             ro code  0x00028ed2     0x4c  strcasecmp.o [11]
    .text             ro code  0x00028f20    0xa00  arp.o [16]
    .text             ro code  0x00029920    0xc1e  ip.o [16]
    .text             ro code  0x0002a540    0x4fa  rtcspcb.o [16]
    .text             ro code  0x0002aa3a     0xb2  checksum.o [16]
    .text             ro code  0x0002aaec     0x24  rtcsmsec.o [16]
    .text             ro code  0x0002ab10     0x86  xstol.o [11]
    .text             ro code  0x0002ab98    0x4d4  ip-e.o [16]
    .text             ro code  0x0002b06c      0x6  proxyarp.o [16]
    .text             ro code  0x0002b074    0xabc  iproute.o [16]
    .text             ro code  0x0002bb30     0x4a  ipsum.o [14]
    .text             ro code  0x0002bb7c    0x83e  icmp.o [16]
    .text             ro code  0x0002c3bc     0x9c  enopen.o [10]
    .text             ro code  0x0002c458     0xa4  enclose.o [10]
    .text             ro code  0x0002c4fc    0x188  ensend.o [10]
    .text             ro code  0x0002c684     0xc8  enjoin.o [10]
    .text             ro code  0x0002c74c     0xec  enleave.o [10]
    .text             ro code  0x0002c838     0x24  route.o [16]
    .text             ro code  0x0002c85c    0x240  iplocal.o [16]
    .text             ro code  0x0002ca9c    0x238  igmputil.o [16]
    .text             ro code  0x0002ccd4    0x49e  sdgram.o [16]
    .text             ro code  0x0002d174    0x510  soigmp.o [16]
    .text             ro code  0x0002d684    0x3d6  igmp.o [16]
    .text             ro code  0x0002da5c    0x770  sstream.o [16]
    .text             ro code  0x0002e1cc   0x10bc  FTPClient.o [7]
    .text             ro code  0x0002f288    0x34e  io_mem.o [10]
    .text             ro code  0x0002f5d8    0xc38  ftpclnt.o [16]
    .text             ro code  0x00030210     0x8c  io_uinst.o [14]
    .text             ro code  0x0003029c     0x10  io_ferr.o [14]
    .text             ro code  0x000302ac     0x74  sh_exit.o [18]
    .text             ro code  0x00030320   0x1c50  resolver.o [16]
    .text             ro code  0x00031f70    0x398  hwtimer_pit.o [10]
    .text             ro code  0x00032308     0x48  hwtimer_kinetis.o [10]
    .text             ro code  0x00032350    0xdec  udp.o [16]
    .text             ro code  0x0003313c    0x3fc  tcp_clos.o [16]
    .text             ro code  0x00033538    0x820  tcp_rcv.o [16]
    .text             ro code  0x00033d58    0x3fe  ticker.o [16]
    .text             ro code  0x00034158   0x1906  tcp.o [16]
    .text             ro code  0x00035a60   0x11e4  tcp_send.o [16]
    .text             ro code  0x00036c44    0x4a6  tcp_buf.o [16]
    .text             ro code  0x000370ec    0x13e  soudp.o [16]
    .text             ro code  0x0003722c     0x50  idletask.o [14]
    .text             ro code  0x0003727c     0x70  inittask.o [14]
    .text             ro code  0x000372ec    0x180  tcpip.o [16]
    .text             ro code  0x0003746c     0x10  arpinit.o [16]
    .text             ro code  0x0003747c     0x18  bootinit.o [16]
    .text             ro code  0x00037494   0x14a4  dhcpclnt.o [16]
    .text             ro code  0x00038938     0x78  bootcomm.o [16]
    .text             ro code  0x000389b0    0x234  ipif_add.o [16]
    .text             ro code  0x00038be4     0x9e  ipif_rem.o [16]
    .text             ro code  0x00038c84    0x158  hwtimer_systick.o [10]
    .text             ro code  0x00038ddc    0x500  macnet_init.o [10]
    .text             ro code  0x000392dc     0x24  macnet_mk64.o [10]
    .text             ro code  0x00039300    0x4f0  macnet_receive.o [10]
    .text             ro code  0x000397f0    0x1ec  macnet_util.o [10]
    .text             ro code  0x000399dc    0x15a  enrecv.o [10]
    .text             ro code  0x00039b38    0xa64  edma.o [10]
    .text             ro code  0x0003a59c     0x5c  edma_kinetis.o [10]
    .text             ro code  0x0003a5f8    0x588  flash_ftfe.o [10]
    .text             ro code  0x0003ab80     0x2a  flash_mk64.o [10]
    .text             ro code  0x0003abac    0x3d0  spi_dspi_dma.o [10]
    .text             ro code  0x0003af7c     0x1c  spi_mk64.o [10]
    .text             ro code  0x0003af98    0x23c  spi_dspi_common.o [10]
    .text             ro code  0x0003b1d4     0x9c  macnet_join.o [10]
    .text             ro code  0x0003b270    0x10c  macnet_mii.o [10]
    .text             ro code  0x0003b37c    0x2de  macnet_send.o [10]
    .text             ro code  0x0003b65c     0x4c  macnet_stop.o [10]
    .text             ro code  0x0003b6a8    0x23e  phy_lan8720.o [10]
    .text             ro code  0x0003b8e6     0x60  macnet_rejoin.o [10]
    .text             ro code  0x0003b946    0x1c6  lz77_init.o [15]
  KERNEL              ro code  0x0003bb10    0x2b4  dispatch.o [14]
  .rodata             const    0x0003bdc4      0x8  console_task.o [2]
  .rodata             const    0x0003bdcc      0xc  console_task.o [2]
  .rodata             const    0x0003bdd8      0x8  console_task.o [2]
  .rodata             const    0x0003bde0      0x8  console_task.o [2]
  .rodata             const    0x0003bde8      0x8  console_task.o [2]
  .rodata             const    0x0003bdf0      0x8  console_task.o [2]
  .rodata             const    0x0003bdf8     0x2c  console_task.o [2]
  .rodata             const    0x0003be24     0x30  console_task.o [2]
  .rodata             const    0x0003be54      0x8  flash_utils.o [2]
  .rodata             const    0x0003be5c     0x68  flash_utils.o [2]
  .rodata             const    0x0003bec4    0x230  flash_utils.o [2]
  .rodata             const    0x0003c0f4     0x20  Init_Task.o [2]
  .rodata             const    0x0003c114     0x20  Init_Task.o [2]
  .rodata             const    0x0003c134     0x20  Init_Task.o [2]
  .rodata             const    0x0003c154     0x1c  Init_Task.o [2]
  .rodata             const    0x0003c170     0x40  Init_Task.o [2]
  .rodata             const    0x0003c1b0     0x14  Init_Task.o [2]
  .rodata             const    0x0003c1c4     0x1c  Init_Task.o [2]
  .rodata             const    0x0003c1e0     0x24  Init_Task.o [2]
  .rodata             const    0x0003c204     0x1c  Init_Task.o [2]
  .rodata             const    0x0003c220     0x20  Init_Task.o [2]
  .rodata             const    0x0003c240     0x30  Init_Task.o [2]
  .rodata             const    0x0003c270      0xc  Init_Task.o [2]
  .rodata             const    0x0003c27c     0x30  Init_Task.o [2]
  .rodata             const    0x0003c2ac     0x28  Init_Task.o [2]
  .rodata             const    0x0003c2d4     0x1c  Init_Task.o [2]
  .rodata             const    0x0003c2f0     0x24  Init_Task.o [2]
  .rodata             const    0x0003c314     0x1c  Init_Task.o [2]
  .rodata             const    0x0003c330     0x14  Init_Task.o [2]
  .rodata             const    0x0003c344     0x28  Init_Task.o [2]
  .rodata             const    0x0003c36c     0x20  Init_Task.o [2]
  .rodata             const    0x0003c38c     0x20  Init_Task.o [2]
  .rodata             const    0x0003c3ac     0x2c  led_task.o [2]
  .rodata             const    0x0003c3d8     0x28  led_task.o [2]
  .rodata             const    0x0003c400     0x10  led_task.o [2]
  .rodata             const    0x0003c410      0x8  mdns.o [2]
  .rodata             const    0x0003c418     0x10  mdns.o [2]
  .rodata             const    0x0003c428      0x4  mdns.o [2]
  .rodata             const    0x0003c42c      0xc  mdns.o [2]
  .rodata             const    0x0003c438     0x10  mdns.o [2]
  .rodata             const    0x0003c448     0x14  mdns.o [2]
  .rodata             const    0x0003c45c     0x14  mdns.o [2]
  .rodata             const    0x0003c470     0x14  mdns.o [2]
  .rodata             const    0x0003c484     0x1c  mdns.o [2]
  .rodata             const    0x0003c4a0     0x20  mwa_task.o [2]
  .rodata             const    0x0003c4c0      0xc  mwa_task.o [2]
  .rodata             const    0x0003c4cc     0x10  mwa_task.o [2]
  .rodata             const    0x0003c4dc      0x8  mwa_task.o [2]
  .rodata             const    0x0003c4e4     0x2c  mwa_task.o [2]
  .rodata             const    0x0003c510      0x8  mwa_task.o [2]
  .rodata             const    0x0003c518     0x20  mwa_task.o [2]
  .rodata             const    0x0003c538      0xc  sh_eeprom.o [2]
  .rodata             const    0x0003c544      0xc  sh_eeprom.o [2]
  .rodata             const    0x0003c550     0x10  sh_eeprom.o [2]
  .rodata             const    0x0003c560     0x10  sh_eeprom.o [2]
  .rodata             const    0x0003c570     0x18  sh_eeprom.o [2]
  .rodata             const    0x0003c588      0xc  sh_eeprom.o [2]
  .rodata             const    0x0003c594     0x30  sh_eeprom.o [2]
  .rodata             const    0x0003c5c4      0x8  sh_eeprom.o [2]
  .rodata             const    0x0003c5cc     0x14  sh_eeprom.o [2]
  .rodata             const    0x0003c5e0      0x8  sh_eeprom.o [2]
  .rodata             const    0x0003c5e8     0x14  sh_eeprom.o [2]
  .rodata             const    0x0003c5fc      0x8  sh_eeprom.o [2]
  .rodata             const    0x0003c604     0x18  sh_eeprom.o [2]
  .rodata             const    0x0003c61c      0xc  sh_eeprom.o [2]
  .rodata             const    0x0003c628      0xc  sh_eeprom.o [2]
  .rodata             const    0x0003c634      0x8  sh_eeprom.o [2]
  .rodata             const    0x0003c63c     0x18  sh_eeprom.o [2]
  .rodata             const    0x0003c654      0x8  sh_eeprom.o [2]
  .rodata             const    0x0003c65c     0x14  sh_eeprom.o [2]
  .rodata             const    0x0003c670      0x8  sh_eeprom.o [2]
  .rodata             const    0x0003c678     0x10  sh_eeprom.o [2]
  .rodata             const    0x0003c688      0xc  sh_eeprom.o [2]
  .rodata             const    0x0003c694      0x8  sh_eeprom.o [2]
  .rodata             const    0x0003c69c      0x8  sh_eeprom.o [2]
  .rodata             const    0x0003c6a4      0x8  sh_eeprom.o [2]
  .rodata             const    0x0003c6ac     0x20  sh_eeprom.o [2]
  .rodata             const    0x0003c6cc      0x8  sh_eeprom.o [2]
  .rodata             const    0x0003c6d4     0x20  sh_eeprom.o [2]
  .rodata             const    0x0003c6f4      0x8  sh_eeprom.o [2]
  .rodata             const    0x0003c6fc     0x24  sh_eeprom.o [2]
  .rodata             const    0x0003c720      0x8  sh_eeprom.o [2]
  .rodata             const    0x0003c728      0xc  sh_eeprom.o [2]
  .rodata             const    0x0003c734      0x8  sh_eeprom.o [2]
  .rodata             const    0x0003c73c     0x10  sh_eeprom.o [2]
  .rodata             const    0x0003c74c      0x8  sh_eeprom.o [2]
  .rodata             const    0x0003c754      0xc  sh_eeprom.o [2]
  .rodata             const    0x0003c760     0x6c  sh_eeprom.o [2]
  .rodata             const    0x0003c7cc     0x28  sh_reset.o [2]
  .rodata             const    0x0003c7f4      0x8  sh_reset.o [2]
  .rodata             const    0x0003c7fc     0x5c  sh_update.o [2]
  .rodata             const    0x0003c858     0x2c  sh_update.o [2]
  .rodata             const    0x0003c884     0x24  sh_update.o [2]
  .rodata             const    0x0003c8a8      0xc  sh_update.o [2]
  .rodata             const    0x0003c8b4     0x24  sh_update.o [2]
  .rodata             const    0x0003c8d8     0x18  sh_update.o [2]
  .rodata             const    0x0003c8f0      0xc  sh_update.o [2]
  .rodata             const    0x0003c8fc      0x8  sh_update.o [2]
  .rodata             const    0x0003c904     0x20  sh_update.o [2]
  .rodata             const    0x0003c924      0x8  sh_update.o [2]
  .rodata             const    0x0003c92c      0xc  sh_update.o [2]
  .rodata             const    0x0003c938     0x1c  sh_update.o [2]
  .rodata             const    0x0003c954     0x20  sh_update.o [2]
  .rodata             const    0x0003c974     0x14  sh_update.o [2]
  .rodata             const    0x0003c988     0x28  sh_update.o [2]
  .rodata             const    0x0003c9b0      0x8  sh_update.o [2]
  .rodata             const    0x0003c9b8     0x48  sh_update.o [2]
  .rodata             const    0x0003ca00     0x18  sh_update.o [2]
  .rodata             const    0x0003ca18     0x1c  sh_update.o [2]
  .rodata             const    0x0003ca34     0x20  sh_update.o [2]
  .rodata             const    0x0003ca54     0x20  sh_update.o [2]
  .rodata             const    0x0003ca74     0x20  sh_update.o [2]
  .rodata             const    0x0003ca94     0x24  sh_update.o [2]
  .rodata             const    0x0003cab8     0x20  sh_update.o [2]
  .rodata             const    0x0003cad8     0x24  sh_update.o [2]
  .rodata             const    0x0003cafc     0x18  sh_update.o [2]
  .rodata             const    0x0003cb14     0x24  sh_update.o [2]
  .rodata             const    0x0003cb38     0x24  sh_update.o [2]
  .rodata             const    0x0003cb5c     0x34  sh_update.o [2]
  .rodata             const    0x0003cb90     0x30  sh_version.o [2]
  .rodata             const    0x0003cbc0      0xc  sh_version.o [2]
  .rodata             const    0x0003cbcc     0x24  sh_version.o [2]
  .rodata             const    0x0003cbf0     0x24  sh_version.o [2]
  .rodata             const    0x0003cc14     0x14  sh_version.o [2]
  .rodata             const    0x0003cc28     0x1c  sh_version.o [2]
  .rodata             const    0x0003cc44      0x8  Tasks.o [2]
  .rodata             const    0x0003cc4c      0xc  Tasks.o [2]
  .rodata             const    0x0003cc58      0xc  Tasks.o [2]
  .rodata             const    0x0003cc64     0x10  Tasks.o [2]
  .rodata             const    0x0003cc74     0x14  Tasks.o [2]
  .rodata             const    0x0003cc88     0x10  Tasks.o [2]
  .rodata             const    0x0003cc98     0x10  Tasks.o [2]
  .rodata             const    0x0003cca8     0x10  Tasks.o [2]
  .rodata             const    0x0003ccb8      0xc  Tasks.o [2]
  .rodata             const    0x0003ccc4     0x10  Tasks.o [2]
  .rodata             const    0x0003ccd4    0x160  Tasks.o [2]
  .rodata             const    0x0003ce34      0x8  Telnet.o [2]
  .rodata             const    0x0003ce3c      0x4  Telnet.o [2]
  .rodata             const    0x0003ce40      0x8  Telnet.o [2]
  .rodata             const    0x0003ce48      0x8  Telnet.o [2]
  .rodata             const    0x0003ce50      0x8  Telnet.o [2]
  .rodata             const    0x0003ce58      0x8  Telnet.o [2]
  .rodata             const    0x0003ce60      0x8  Telnet.o [2]
  .rodata             const    0x0003ce68      0x8  Telnet.o [2]
  .rodata             const    0x0003ce70      0x8  Telnet.o [2]
  .rodata             const    0x0003ce78      0x8  Telnet.o [2]
  .rodata             const    0x0003ce80     0x10  Telnet.o [2]
  .rodata             const    0x0003ce90      0x8  Telnet.o [2]
  .rodata             const    0x0003ce98      0xc  Telnet.o [2]
  .rodata             const    0x0003cea4      0x8  Telnet.o [2]
  .rodata             const    0x0003ceac      0xc  Telnet.o [2]
  .rodata             const    0x0003ceb8     0x10  Telnet.o [2]
  .rodata             const    0x0003cec8     0x14  Telnet.o [2]
  .rodata             const    0x0003cedc     0x10  Telnet.o [2]
  .rodata             const    0x0003ceec      0x8  Telnet.o [2]
  .rodata             const    0x0003cef4      0x8  Telnet.o [2]
  .rodata             const    0x0003cefc     0x18  Telnet.o [2]
  .rodata             const    0x0003cf14     0x1c  Telnet.o [2]
  .rodata             const    0x0003cf30     0x1c  Telnet.o [2]
  .rodata             const    0x0003cf4c     0x20  Telnet.o [2]
  .rodata             const    0x0003cf6c      0xc  Telnet.o [2]
  .rodata             const    0x0003cf78      0x8  Telnet.o [2]
  .rodata             const    0x0003cf80     0x1c  Telnet.o [2]
  .rodata             const    0x0003cf9c      0x8  Telnet.o [2]
  .rodata             const    0x0003cfa4     0x40  Telnet.o [2]
  .rodata             const    0x0003cfe4     0x1c  Telnet.o [2]
  .rodata             const    0x0003d000     0x20  Telnet.o [2]
  .rodata             const    0x0003d020     0x1c  Telnet.o [2]
  .rodata             const    0x0003d03c      0x8  Telnet.o [2]
  .rodata             const    0x0003d044     0x30  Telnet.o [2]
  .rodata             const    0x0003d074     0x1c  Telnet.o [2]
  .rodata             const    0x0003d090     0x28  Telnet.o [2]
  .rodata             const    0x0003d0b8     0x1c  Telnet.o [2]
  .rodata             const    0x0003d0d4     0x20  Telnet.o [2]
  .rodata             const    0x0003d0f4     0x14  Telnet.o [2]
  .rodata             const    0x0003d108     0x20  Telnet.o [2]
  .rodata             const    0x0003d128     0x1c  Telnet.o [2]
  .rodata             const    0x0003d144      0x8  Telnet.o [2]
  .rodata             const    0x0003d14c     0x20  Telnet.o [2]
  .rodata             const    0x0003d16c     0x20  Telnet.o [2]
  .rodata             const    0x0003d18c     0x28  Telnet.o [2]
  .rodata             const    0x0003d1b4     0x28  Telnet.o [2]
  .rodata             const    0x0003d1dc     0x2c  Telnet.o [2]
  .rodata             const    0x0003d208     0x20  Telnet.o [2]
  .rodata             const    0x0003d228      0x8  Telnet.o [2]
  .rodata             const    0x0003d230      0xc  Telnet.o [2]
  .rodata             const    0x0003d23c      0xc  Telnet.o [2]
  .rodata             const    0x0003d248     0x10  Telnet.o [2]
  .rodata             const    0x0003d258     0x10  Telnet.o [2]
  .rodata             const    0x0003d268     0x10  Telnet.o [2]
  .rodata             const    0x0003d278     0x14  Telnet.o [2]
  .rodata             const    0x0003d28c      0x8  Telnet.o [2]
  .rodata             const    0x0003d294      0x8  Telnet.o [2]
  .rodata             const    0x0003d29c     0x10  Telnet.o [2]
  .rodata             const    0x0003d2ac     0x10  Telnet.o [2]
  .rodata             const    0x0003d2bc      0x8  Telnet.o [2]
  .rodata             const    0x0003d2c4      0x4  Telnet.o [2]
  .rodata             const    0x0003d2c8     0x20  Telnet.o [2]
  .rodata             const    0x0003d2e8     0x24  Telnet.o [2]
  .rodata             const    0x0003d30c     0x58  Telnet.o [2]
  .rodata             const    0x0003d364      0xc  Telnet.o [2]
  .rodata             const    0x0003d370     0x80  Telnet.o [2]
  .rodata             const    0x0003d3f0     0x18  Telnet.o [2]
  .rodata             const    0x0003d408     0x18  Telnet.o [2]
  .rodata             const    0x0003d420      0xc  Telnet.o [2]
  .rodata             const    0x0003d42c     0x54  Telnet.o [2]
  .rodata             const    0x0003d480     0x20  Telnet.o [2]
  .rodata             const    0x0003d4a0      0xc  Telnet.o [2]
  .rodata             const    0x0003d4ac      0x8  Telnet.o [2]
  .rodata             const    0x0003d4b4     0x14  shell.o [18]
  .rodata             const    0x0003d4c8      0xc  shell.o [18]
  .rodata             const    0x0003d4d4     0x30  shell.o [18]
  .rodata             const    0x0003d504      0xc  shell.o [18]
  .rodata             const    0x0003d510      0x8  shell.o [18]
  .rodata             const    0x0003d518     0x38  shell.o [18]
  .rodata             const    0x0003d550     0x14  shell.o [18]
  .rodata             const    0x0003d564      0x8  sh_help.o [18]
  .rodata             const    0x0003d56c      0x8  sh_help.o [18]
  .rodata             const    0x0003d574     0x18  sh_help.o [18]
  .rodata             const    0x0003d58c      0x8  sh_help.o [18]
  .rodata             const    0x0003d594     0x28  sh_help.o [18]
  .rodata             const    0x0003d5bc     0x10  sh_help.o [18]
  .rodata             const    0x0003d5cc     0x18  sh_help.o [18]
  .rodata             const    0x0003d5e4     0x28  sh_help.o [18]
  .rodata             const    0x0003d60c     0x10  sh_ipconfig.o [18]
  .rodata             const    0x0003d61c     0x10  sh_ipconfig.o [18]
  .rodata             const    0x0003d62c     0x2c  sh_ipconfig.o [18]
  .rodata             const    0x0003d658     0x24  sh_ipconfig.o [18]
  .rodata             const    0x0003d67c     0x18  sh_ipconfig.o [18]
  .rodata             const    0x0003d694     0x18  sh_ipconfig.o [18]
  .rodata             const    0x0003d6ac     0x18  sh_ipconfig.o [18]
  .rodata             const    0x0003d6c4     0x18  sh_ipconfig.o [18]
  .rodata             const    0x0003d6dc      0x8  sh_ipconfig.o [18]
  .rodata             const    0x0003d6e4      0x8  sh_ipconfig.o [18]
  .rodata             const    0x0003d6ec     0x2c  sh_ipconfig.o [18]
  .rodata             const    0x0003d718     0x38  sh_ipconfig.o [18]
  .rodata             const    0x0003d750     0x38  sh_ipconfig.o [18]
  .rodata             const    0x0003d788     0x30  sh_ipconfig.o [18]
  .rodata             const    0x0003d7b8     0x30  sh_ipconfig.o [18]
  .rodata             const    0x0003d7e8     0x28  sh_ipconfig.o [18]
  .rodata             const    0x0003d810      0x8  sh_ipconfig.o [18]
  .rodata             const    0x0003d818     0x34  sh_ipconfig.o [18]
  .rodata             const    0x0003d84c     0x34  sh_ipconfig.o [18]
  .rodata             const    0x0003d880     0x34  sh_ipconfig.o [18]
  .rodata             const    0x0003d8b4     0x28  sh_ipconfig.o [18]
  .rodata             const    0x0003d8dc      0x8  sh_ipconfig.o [18]
  .rodata             const    0x0003d8e4     0x2c  sh_ipconfig.o [18]
  .rodata             const    0x0003d910     0x2c  sh_ipconfig.o [18]
  .rodata             const    0x0003d93c     0x18  sh_ipconfig.o [18]
  .rodata             const    0x0003d954     0x14  sh_ipconfig.o [18]
  .rodata             const    0x0003d968     0x30  sh_ipconfig.o [18]
  .rodata             const    0x0003d998     0x18  sh_ipconfig.o [18]
  .rodata             const    0x0003d9b0     0x14  sh_ipconfig.o [18]
  .rodata             const    0x0003d9c4     0x2c  sh_ipconfig.o [18]
  .rodata             const    0x0003d9f0      0xc  sh_ipconfig.o [18]
  .rodata             const    0x0003d9fc     0x34  sh_ipconfig.o [18]
  .rodata             const    0x0003da30     0x3c  sh_ipconfig.o [18]
  .rodata             const    0x0003da6c     0x2c  sh_ipconfig.o [18]
  .rodata             const    0x0003da98     0x38  sh_ipconfig.o [18]
  .rodata             const    0x0003dad0     0x30  sh_ipconfig.o [18]
  .rodata             const    0x0003db00     0x24  sh_ipconfig.o [18]
  .rodata             const    0x0003db24     0x20  sh_ipconfig.o [18]
  .rodata             const    0x0003db44      0x8  sh_ipconfig.o [18]
  .rodata             const    0x0003db4c     0x2c  sh_ipconfig.o [18]
  .rodata             const    0x0003db78     0x28  sh_ipconfig.o [18]
  .rodata             const    0x0003dba0     0x30  sh_ipconfig.o [18]
  .rodata             const    0x0003dbd0     0x28  sh_ipconfig.o [18]
  .rodata             const    0x0003dbf8     0x34  sh_ipconfig.o [18]
  .rodata             const    0x0003dc2c     0x20  sh_ipconfig.o [18]
  .rodata             const    0x0003dc4c     0x1c  sh_ipconfig.o [18]
  .rodata             const    0x0003dc68     0x1c  sh_ipconfig.o [18]
  .rodata             const    0x0003dc84     0x14  sh_ipconfig.o [18]
  .rodata             const    0x0003dc98     0x10  sh_ipconfig.o [18]
  .rodata             const    0x0003dca8     0x18  sh_ipconfig.o [18]
  .rodata             const    0x0003dcc0     0x20  sh_ipconfig.o [18]
  .rodata             const    0x0003dce0     0x28  sh_ipconfig.o [18]
  .rodata             const    0x0003dd08      0x8  sh_ipconfig.o [18]
  .rodata             const    0x0003dd10      0x8  sh_ipconfig.o [18]
  .rodata             const    0x0003dd18      0x8  sh_ipconfig.o [18]
  .rodata             const    0x0003dd20      0x8  sh_ipconfig.o [18]
  .rodata             const    0x0003dd28      0x8  sh_ipconfig.o [18]
  .rodata             const    0x0003dd30      0x8  sh_ipconfig.o [18]
  .rodata             const    0x0003dd38     0x1c  sh_ipconfig.o [18]
  .rodata             const    0x0003dd54     0x1c  sh_ipconfig.o [18]
  .rodata             const    0x0003dd70     0x24  sh_ipconfig.o [18]
  .rodata             const    0x0003dd94     0x10  sh_ipconfig.o [18]
  .rodata             const    0x0003dda4     0x14  sh_ipconfig.o [18]
  .rodata             const    0x0003ddb8     0x2c  sh_ipconfig.o [18]
  .rodata             const    0x0003dde4     0x10  sh_ipconfig.o [18]
  .rodata             const    0x0003ddf4     0x2c  sh_ipconfig.o [18]
  .rodata             const    0x0003de20     0x30  sh_ipconfig.o [18]
  .rodata             const    0x0003de50     0x2c  sh_ipconfig.o [18]
  .rodata             const    0x0003de7c     0x20  sh_ipconfig.o [18]
  .rodata             const    0x0003de9c     0x20  sh_ipconfig.o [18]
  .rodata             const    0x0003debc     0x20  sh_ipconfig.o [18]
  .rodata             const    0x0003dedc     0x4c  sh_ipconfig.o [18]
  .rodata             const    0x0003df28     0x3c  sh_ipconfig.o [18]
  .rodata             const    0x0003df64     0x28  sh_ipconfig.o [18]
  .rodata             const    0x0003df8c     0x40  sh_ipconfig.o [18]
  .rodata             const    0x0003dfcc     0x1c  sh_ipconfig.o [18]
  .rodata             const    0x0003dfe8     0x18  sh_ipconfig.o [18]
  .rodata             const    0x0003e000     0x44  sh_ipconfig.o [18]
  .rodata             const    0x0003e044     0x4c  sh_ipconfig.o [18]
  .rodata             const    0x0003e090     0x48  sh_ipconfig.o [18]
  .rodata             const    0x0003e0d8     0x10  sh_ipconfig.o [18]
  .rodata             const    0x0003e0e8     0x38  sh_ipconfig.o [18]
  .rodata             const    0x0003e120     0x28  sh_ipconfig.o [18]
  .rodata             const    0x0003e148     0x34  sh_ipconfig.o [18]
  .rodata             const    0x0003e17c     0x38  sh_ipconfig.o [18]
  .rodata             const    0x0003e1b4     0x34  sh_ipconfig.o [18]
  .rodata             const    0x0003e1e8     0x28  sh_ipconfig.o [18]
  .rodata             const    0x0003e210     0x28  sh_ipconfig.o [18]
  .rodata             const    0x0003e238     0x28  sh_ipconfig.o [18]
  .rodata             const    0x0003e260     0x2c  sh_ipconfig.o [18]
  .rodata             const    0x0003e28c      0x4  sh_ping.o [18]
  .rodata             const    0x0003e290      0x4  sh_ping.o [18]
  .rodata             const    0x0003e294      0x4  sh_ping.o [18]
  .rodata             const    0x0003e298      0x4  sh_ping.o [18]
  .rodata             const    0x0003e29c      0x4  sh_ping.o [18]
  .rodata             const    0x0003e2a0      0x4  sh_ping.o [18]
  .rodata             const    0x0003e2a4      0x4  sh_ping.o [18]
  .rodata             const    0x0003e2a8     0x38  sh_ping.o [18]
  .rodata             const    0x0003e2e0     0x14  sh_ping.o [18]
  .rodata             const    0x0003e2f4      0x8  sh_ping.o [18]
  .rodata             const    0x0003e2fc      0xc  sh_ping.o [18]
  .rodata             const    0x0003e308      0x8  sh_ping.o [18]
  .rodata             const    0x0003e310      0x8  sh_ping.o [18]
  .rodata             const    0x0003e318      0xc  sh_ping.o [18]
  .rodata             const    0x0003e324     0x14  sh_ping.o [18]
  .rodata             const    0x0003e338     0x40  sh_ping.o [18]
  .rodata             const    0x0003e378     0x20  sh_ping.o [18]
  .rodata             const    0x0003e398     0x10  sh_ping.o [18]
  .rodata             const    0x0003e3a8     0x18  sh_ping.o [18]
  .rodata             const    0x0003e3c0     0x14  sh_ping.o [18]
  .rodata             const    0x0003e3d4     0x14  sh_ping.o [18]
  .rodata             const    0x0003e3e8     0x1c  sh_ping.o [18]
  .rodata             const    0x0003e404     0x20  sh_ping.o [18]
  .rodata             const    0x0003e424     0x24  sh_ping.o [18]
  .rodata             const    0x0003e448     0x38  sh_ping.o [18]
  .rodata             const    0x0003e480     0x4c  sh_ping.o [18]
  .rodata             const    0x0003e4cc     0x48  sh_ping.o [18]
  .rodata             const    0x0003e514     0x2c  sh_ping.o [18]
  .rodata             const    0x0003e540     0x28  sh_ping.o [18]
  .rodata             const    0x0003e568     0x3c  sh_ping.o [18]
  .rodata             const    0x0003e5a4     0x28  sh_ping.o [18]
  .rodata             const    0x0003e5cc     0x28  sh_ping.o [18]
  .rodata             const    0x0003e5f4     0x10  sh_ping.o [18]
  .rodata             const    0x0003e604     0x20  sh_ping.o [18]
  .rodata             const    0x0003e624      0xc  DHCP_monitoring.o [7]
  .rodata             const    0x0003e630     0x10  dnsinit.o [16]
  .rodata             const    0x0003e640     0x20  HaControl.o [5]
  .rodata             const    0x0003e660      0x8  NetConnect.o [7]
  .rodata             const    0x0003e668     0x34  NetConnect.o [7]
  .rodata             const    0x0003e69c      0x8  NetConnect.o [7]
  .rodata             const    0x0003e6a4      0x8  NetConnect.o [7]
  .rodata             const    0x0003e6ac     0x28  mqx_utils.o [7]
  .rodata             const    0x0003e6d4     0x14  lwgpio_kgpio.o [10]
  .rodata             const    0x0003e6e8     0x3c  sdgram.o [16]
  .rodata             const    0x0003e724      0x8  soigmp.o [16]
  .rodata             const    0x0003e72c      0x8  ipcfg.o [16]
  .rodata             const    0x0003e734      0x8  ipcfg.o [16]
  .rodata             const    0x0003e73c      0x8  ipcfg.o [16]
  .rodata             const    0x0003e744      0x8  ipcfg.o [16]
  .rodata             const    0x0003e74c      0xc  ipcfg.o [16]
  .rodata             const    0x0003e758      0x8  ipcfg.o [16]
  .rodata             const    0x0003e760      0x8  ipcfg.o [16]
  .rodata             const    0x0003e768      0x8  ipcfg.o [16]
  .rodata             const    0x0003e770      0x8  ipcfg.o [16]
  .rodata             const    0x0003e778      0xc  ipcfg.o [16]
  .rodata             const    0x0003e784     0x10  ell_debug.o [4]
  .rodata             const    0x0003e794     0x10  ell_debug.o [4]
  .rodata             const    0x0003e7a4      0x8  ell_debug.o [4]
  .rodata             const    0x0003e7ac     0x34  ell_debug.o [4]
  .rodata             const    0x0003e7e0     0x18  ell_debug.o [4]
  .rodata             const    0x0003e7f8      0x8  ell_debug.o [4]
  .rodata             const    0x0003e800     0x1c  mwa_echonet.o [4]
  .rodata             const    0x0003e81c     0x14  mwa_echonet.o [4]
  .rodata             const    0x0003e830     0x1c  mwa_echonet.o [4]
  .rodata             const    0x0003e84c      0xc  mwa_echonet.o [4]
  .rodata             const    0x0003e858     0x14  mwa_echonet.o [4]
  .rodata             const    0x0003e86c     0x1c  mwa_echonet.o [4]
  .rodata             const    0x0003e888     0x24  mwa_echonet.o [4]
  .rodata             const    0x0003e8ac      0x8  mwa_frame.o [4]
  .rodata             const    0x0003e8b4      0x8  mwa_frame.o [4]
  .rodata             const    0x0003e8bc     0x18  mwa_frame.o [4]
  .rodata             const    0x0003e8d4     0x10  mwa_frame.o [4]
  .rodata             const    0x0003e8e4     0x44  mwa_frame.o [4]
  .rodata             const    0x0003e928     0x10  mwa_frame.o [4]
  .rodata             const    0x0003e938     0x18  mwa_state.o [4]
  .rodata             const    0x0003e950     0x10  mwa_state.o [4]
  .rodata             const    0x0003e960      0xc  mwa_state.o [4]
  .rodata             const    0x0003e96c     0x18  mwa_state.o [4]
  .rodata             const    0x0003e984     0x10  mwa_state.o [4]
  .rodata             const    0x0003e994      0xc  mwa_state.o [4]
  .rodata             const    0x0003e9a0      0x8  mwa_state.o [4]
  .rodata             const    0x0003e9a8      0xc  mwa_state.o [4]
  .rodata             const    0x0003e9b4      0x8  mwa_state.o [4]
  .rodata             const    0x0003e9bc      0x8  mwa_state.o [4]
  .rodata             const    0x0003e9c4     0x1c  mwa_state.o [4]
  .rodata             const    0x0003e9e0     0x1c  mwa_state.o [4]
  .rodata             const    0x0003e9fc     0x34  mwa_state.o [4]
  .rodata             const    0x0003ea30     0x24  mwa_state.o [4]
  .rodata             const    0x0003ea54     0x2c  mwa_state.o [4]
  .rodata             const    0x0003ea80     0x24  mwa_state.o [4]
  .rodata             const    0x0003eaa4     0x14  mwa_state.o [4]
  .rodata             const    0x0003eab8     0x2c  mwa_state.o [4]
  .rodata             const    0x0003eae4     0x10  mwa_state.o [4]
  .rodata             const    0x0003eaf4     0x1c  mwa_state.o [4]
  .rodata             const    0x0003eb10     0x14  mwa_state.o [4]
  .rodata             const    0x0003eb24     0x24  mwa_state.o [4]
  .rodata             const    0x0003eb48     0x24  mwa_state.o [4]
  .rodata             const    0x0003eb6c     0x24  mwa_state.o [4]
  .rodata             const    0x0003eb90      0xc  mwa_state.o [4]
  .rodata             const    0x0003eb9c     0x1c  mwa_state.o [4]
  .rodata             const    0x0003ebb8     0x20  mwa_state.o [4]
  .rodata             const    0x0003ebd8     0x28  mwa_state.o [4]
  .rodata             const    0x0003ec00      0xc  mwa_state.o [4]
  .rodata             const    0x0003ec0c     0x18  mwa_state.o [4]
  .rodata             const    0x0003ec24     0x24  mwa_state.o [4]
  .rodata             const    0x0003ec48     0x24  mwa_state.o [4]
  .rodata             const    0x0003ec6c     0x24  mwa_state.o [4]
  .rodata             const    0x0003ec90     0x28  mwa_state.o [4]
  .rodata             const    0x0003ecb8     0x14  mwa_state.o [4]
  .rodata             const    0x0003eccc     0x44  mwa_state.o [4]
  .rodata             const    0x0003ed10     0x1c  mwa_state.o [4]
  .rodata             const    0x0003ed2c     0x18  mwa_state.o [4]
  .rodata             const    0x0003ed44     0x1c  mwa_state.o [4]
  .rodata             const    0x0003ed60     0x18  mwa_state.o [4]
  .rodata             const    0x0003ed78     0x28  mwa_state.o [4]
  .rodata             const    0x0003eda0     0x28  mwa_state.o [4]
  .rodata             const    0x0003edc8     0x28  mwa_state.o [4]
  .rodata             const    0x0003edf0     0x24  mwa_state.o [4]
  .rodata             const    0x0003ee14     0x28  mwa_state.o [4]
  .rodata             const    0x0003ee3c     0x28  mwa_state.o [4]
  .rodata             const    0x0003ee64     0x24  mwa_state.o [4]
  .rodata             const    0x0003ee88     0x20  mwa_state.o [4]
  .rodata             const    0x0003eea8      0x4  mwa_state.o [4]
  .rodata             const    0x0003eeac     0x1c  mwa_state.o [4]
  .rodata             const    0x0003eec8     0xd8  mwa_state.o [4]
  .rodata             const    0x0003efa0     0x10  mwa_uart.o [4]
  .rodata             const    0x0003efb0      0xc  timer.o [14]
  .rodata             const    0x0003efbc      0xc  inet_ntop.o [16]
  .rodata             const    0x0003efc8      0xc  ell_object.o [4]
  .rodata             const    0x0003efd4     0x44  ell_object.o [4]
  .rodata             const    0x0003f018     0x14  ell_object.o [4]
  .rodata             const    0x0003f02c     0x18  ell_object.o [4]
  .rodata             const    0x0003f044      0x8  ell_object.o [4]
  .rodata             const    0x0003f04c     0x18  ell_object.o [4]
  .rodata             const    0x0003f064     0x18  ell_object.o [4]
  .rodata             const    0x0003f07c     0x10  ell_object.o [4]
  .rodata             const    0x0003f08c     0x20  ell_object.o [4]
  .rodata             const    0x0003f0ac     0x18  ell_object.o [4]
  .rodata             const    0x0003f0c4     0x28  ell_object.o [4]
  .rodata             const    0x0003f0ec     0x1c  ell_object.o [4]
  .rodata             const    0x0003f108     0x1c  ell_object.o [4]
  .rodata             const    0x0003f124     0x1c  ell_object.o [4]
  .rodata             const    0x0003f140      0x8  ell_object.o [4]
  .rodata             const    0x0003f148      0x8  sh_util.o [18]
  .rodata             const    0x0003f150      0x8  sh_util.o [18]
  .rodata             const    0x0003f158      0x8  storage_api.o [7]
  .rodata             const    0x0003f160     0x28  storage_api.o [7]
  .rodata             const    0x0003f188     0x30  storage_api.o [7]
  .rodata             const    0x0003f1b8     0x30  storage_api.o [7]
  .rodata             const    0x0003f1e8     0x2c  storage_api.o [7]
  .rodata             const    0x0003f214     0x34  storage_api.o [7]
  .rodata             const    0x0003f248     0x28  storage_api.o [7]
  .rodata             const    0x0003f270      0xc  inet_pton.o [16]
  .rodata             const    0x0003f27c     0x14  inet_pton.o [16]
  .rodata             const    0x0003f290     0x14  inet_pton.o [16]
  .rodata             const    0x0003f2a4     0x3c  sstream.o [16]
  .rodata             const    0x0003f2e0     0x10  FTPClient.o [7]
  .rodata             const    0x0003f2f0     0x50  FTPClient.o [7]
  .rodata             const    0x0003f340      0xc  FTPClient.o [7]
  .rodata             const    0x0003f34c     0x18  FTPClient.o [7]
  .rodata             const    0x0003f364     0x18  FTPClient.o [7]
  .rodata             const    0x0003f37c     0x24  FTPClient.o [7]
  .rodata             const    0x0003f3a0     0x2c  FTPClient.o [7]
  .rodata             const    0x0003f3cc     0x1c  FTPClient.o [7]
  .rodata             const    0x0003f3e8     0x18  FTPClient.o [7]
  .rodata             const    0x0003f400     0x28  FTPClient.o [7]
  .rodata             const    0x0003f428      0x8  FTPClient.o [7]
  .rodata             const    0x0003f430     0x34  FTPClient.o [7]
  .rodata             const    0x0003f464     0x2c  FTPClient.o [7]
  .rodata             const    0x0003f490     0x18  FTPClient.o [7]
  .rodata             const    0x0003f4a8     0x18  FTPClient.o [7]
  .rodata             const    0x0003f4c0     0x18  FTPClient.o [7]
  .rodata             const    0x0003f4d8     0x14  FTPClient.o [7]
  .rodata             const    0x0003f4ec     0x14  FTPClient.o [7]
  .rodata             const    0x0003f500     0x28  FTPClient.o [7]
  .rodata             const    0x0003f528      0xc  FTPClient.o [7]
  .rodata             const    0x0003f534     0x10  FTPClient.o [7]
  .rodata             const    0x0003f544     0x34  FTPClient.o [7]
  .rodata             const    0x0003f578     0x24  FTPClient.o [7]
  .rodata             const    0x0003f59c     0x2c  FTPClient.o [7]
  .rodata             const    0x0003f5c8     0x2c  FTPClient.o [7]
  .rodata             const    0x0003f5f4     0x28  FTPClient.o [7]
  .rodata             const    0x0003f61c     0x1c  FTPClient.o [7]
  .rodata             const    0x0003f638     0x2c  FTPClient.o [7]
  .rodata             const    0x0003f664     0x2c  FTPClient.o [7]
  .rodata             const    0x0003f690     0x24  FTPClient.o [7]
  .rodata             const    0x0003f6b4     0x20  FTPClient.o [7]
  .rodata             const    0x0003f6d4     0x14  FTPClient.o [7]
  .rodata             const    0x0003f6e8     0x14  FTPClient.o [7]
  .rodata             const    0x0003f6fc     0x14  FTPClient.o [7]
  .rodata             const    0x0003f710     0x4c  FTPClient.o [7]
  .rodata             const    0x0003f75c     0x20  FTPClient.o [7]
  .rodata             const    0x0003f77c     0x48  FTPClient.o [7]
  .rodata             const    0x0003f7c4     0x40  FTPClient.o [7]
  .rodata             const    0x0003f804     0x28  FTPClient.o [7]
  .rodata             const    0x0003f82c     0x2c  FTPClient.o [7]
  .rodata             const    0x0003f858     0x20  FTPClient.o [7]
  .rodata             const    0x0003f878     0x2c  FTPClient.o [7]
  .rodata             const    0x0003f8a4     0x2c  FTPClient.o [7]
  .rodata             const    0x0003f8d0     0x20  FTPClient.o [7]
  .rodata             const    0x0003f8f0     0x24  FTPClient.o [7]
  .rodata             const    0x0003f914     0x1c  FTPClient.o [7]
  .rodata             const    0x0003f930     0x28  FTPClient.o [7]
  .rodata             const    0x0003f958     0x28  FTPClient.o [7]
  .rodata             const    0x0003f980     0x28  FTPClient.o [7]
  .rodata             const    0x0003f9a8     0x20  FTPClient.o [7]
  .rodata             const    0x0003f9c8     0x10  FTPClient.o [7]
  .rodata             const    0x0003f9d8     0x30  FTPClient.o [7]
  .rodata             const    0x0003fa08      0x8  FTPClient.o [7]
  .rodata             const    0x0003fa10     0x18  FTPClient.o [7]
  .rodata             const    0x0003fa28     0x28  FTPClient.o [7]
  .rodata             const    0x0003fa50     0x28  FTPClient.o [7]
  .rodata             const    0x0003fa78     0x20  FTPClient.o [7]
  .rodata             const    0x0003fa98     0x1c  FTPClient.o [7]
  .rodata             const    0x0003fab4     0x24  FTPClient.o [7]
  .rodata             const    0x0003fad8     0x28  FTPClient.o [7]
  .rodata             const    0x0003fb00     0x30  FTPClient.o [7]
  .rodata             const    0x0003fb30     0x34  FTPClient.o [7]
  .rodata             const    0x0003fb64     0x20  FTPClient.o [7]
  .rodata             const    0x0003fb84      0xc  sh_exit.o [18]
  .rodata             const    0x0003fb90      0x8  telnsrv.o [16]
  .rodata             const    0x0003fb98      0x8  telnsrv.o [16]
  .rodata             const    0x0003fba0      0x8  telnsrv.o [16]
  .rodata             const    0x0003fba8     0x24  telnsrv.o [16]
  .rodata             const    0x0003fbcc      0xc  telnsrv.o [16]
  .rodata             const    0x0003fbd8     0x10  lpm.o [10]
  .rodata             const    0x0003fbe8      0x8  lpm.o [10]
  .rodata             const    0x0003fbf0     0x18  enerr.o [10]
  .rodata             const    0x0003fc08     0x1c  enerr.o [10]
  .rodata             const    0x0003fc24     0x28  enerr.o [10]
  .rodata             const    0x0003fc4c     0x28  enerr.o [10]
  .rodata             const    0x0003fc74     0x28  enerr.o [10]
  .rodata             const    0x0003fc9c     0x24  enerr.o [10]
  .rodata             const    0x0003fcc0     0x1c  enerr.o [10]
  .rodata             const    0x0003fcdc     0x10  enerr.o [10]
  .rodata             const    0x0003fcec     0x18  enerr.o [10]
  .rodata             const    0x0003fd04     0x18  enerr.o [10]
  .rodata             const    0x0003fd1c     0x14  enerr.o [10]
  .rodata             const    0x0003fd30     0x10  enerr.o [10]
  .rodata             const    0x0003fd40     0x18  enerr.o [10]
  .rodata             const    0x0003fd58     0x14  enerr.o [10]
  .rodata             const    0x0003fd6c     0x14  enerr.o [10]
  .rodata             const    0x0003fd80     0x1c  enerr.o [10]
  .rodata             const    0x0003fd9c     0x18  enerr.o [10]
  .rodata             const    0x0003fdb4     0x1c  enerr.o [10]
  .rodata             const    0x0003fdd0     0x20  enerr.o [10]
  .rodata             const    0x0003fdf0     0x2c  enerr.o [10]
  .rodata             const    0x0003fe1c     0x30  enerr.o [10]
  .rodata             const    0x0003fe4c     0x2c  enerr.o [10]
  .rodata             const    0x0003fe78     0x24  enerr.o [10]
  .rodata             const    0x0003fe9c     0x20  enerr.o [10]
  .rodata             const    0x0003febc     0x20  enerr.o [10]
  .rodata             const    0x0003fedc     0x24  enerr.o [10]
  .rodata             const    0x0003ff00     0x28  enerr.o [10]
  .rodata             const    0x0003ff28     0x28  enerr.o [10]
  .rodata             const    0x0003ff50     0x10  enerr.o [10]
  .rodata             const    0x0003ff60      0x8  getaddrinfo.o [16]
  .rodata             const    0x0003ff68      0x8  getaddrinfo.o [16]
  .rodata             const    0x0003ff70     0x18  mqx.o [14]
  .rodata             const    0x0003ff88     0x10  mqx.o [14]
  .rodata             const    0x0003ff98     0x10  mqx.o [14]
  .rodata             const    0x0003ffa8      0xc  mqx.o [14]
  .rodata             const    0x0003ffb4      0x4  mqx.o [14]
  .rodata             const    0x0003ffb8      0x4  mqx.o [14]
  .rodata             const    0x0003ffbc     0x10  eeprom_device.o [7]
  .rodata             const    0x0003ffcc     0x40  eeprom_device.o [7]
  .rodata             const    0x0004000c     0x14  dnshosts.o [16]
  .rodata             const    0x00040020     0x14  dnshosts.o [16]
  .rodata             const    0x00040034     0x14  dnshosts.o [16]
  .rodata             const    0x00040048     0x14  dnshosts.o [16]
  .rodata             const    0x0004005c     0x14  dnshosts.o [16]
  .rodata             const    0x00040070     0x14  dnshosts.o [16]
  .rodata             const    0x00040084     0x14  dnshosts.o [16]
  .rodata             const    0x00040098     0x14  dnshosts.o [16]
  .rodata             const    0x000400ac     0x14  dnshosts.o [16]
  .rodata             const    0x000400c0     0x14  dnshosts.o [16]
  .rodata             const    0x000400d4     0x14  dnshosts.o [16]
  .rodata             const    0x000400e8     0x14  dnshosts.o [16]
  .rodata             const    0x000400fc     0x14  dnshosts.o [16]
  .rodata             const    0x00040110     0x10  resolver.o [16]
  .rodata             const    0x00040120     0x18  hwtimer_pit.o [10]
  .rodata             const    0x00040138      0x8  rtcscmd.o [16]
  .rodata             const    0x00040140     0x14  io_dopr.o [14]
  .rodata             const    0x00040154     0x14  io_dopr.o [14]
  .rodata             const    0x00040168     0x14  ip-e.o [16]
  .rodata             const    0x0004017c      0x4  ip-e.o [16]
  .rodata             const    0x00040180      0x8  ell_packet.o [4]
  .rodata             const    0x00040188      0x8  ell_packet.o [4]
  .rodata             const    0x00040190      0x8  ell_packet.o [4]
  .rodata             const    0x00040198      0x8  ell_packet.o [4]
  .rodata             const    0x000401a0      0xc  ell_packet.o [4]
  .rodata             const    0x000401ac      0x8  ell_packet.o [4]
  .rodata             const    0x000401b4      0x8  ell_packet.o [4]
  .rodata             const    0x000401bc      0xc  ell_packet.o [4]
  .rodata             const    0x000401c8      0xc  ell_packet.o [4]
  .rodata             const    0x000401d4      0xc  ell_packet.o [4]
  .rodata             const    0x000401e0      0xc  ell_packet.o [4]
  .rodata             const    0x000401ec      0x8  ell_packet.o [4]
  .rodata             const    0x000401f4      0x8  ell_packet.o [4]
  .rodata             const    0x000401fc      0xc  ell_packet.o [4]
  .rodata             const    0x00040208      0x8  ell_packet.o [4]
  .rodata             const    0x00040210     0x44  ell_packet.o [4]
  .rodata             const    0x00040254     0x24  ell_packet.o [4]
  .rodata             const    0x00040278     0x34  ell_packet.o [4]
  .rodata             const    0x000402ac     0x18  ell_packet.o [4]
  .rodata             const    0x000402c4     0x30  ell_packet.o [4]
  .rodata             const    0x000402f4     0x14  ell_packet.o [4]
  .rodata             const    0x00040308      0x8  mwa_debug.o [4]
  .rodata             const    0x00040310     0x38  spi_memory.o [7]
  .rodata             const    0x00040348     0x34  spi_memory.o [7]
  .rodata             const    0x0004037c     0x30  spi_memory.o [7]
  .rodata             const    0x000403ac      0x4  spi_memory.o [7]
  .rodata             const    0x000403b0     0x28  spi_memory.o [7]
  .rodata             const    0x000403d8     0x3c  spi_memory.o [7]
  .rodata             const    0x00040414     0x30  spi_memory.o [7]
  .rodata             const    0x00040444     0x34  spi_memory.o [7]
  .rodata             const    0x00040478     0x30  spi_memory.o [7]
  .rodata             const    0x000404a8      0x8  spi_memory.o [7]
  .rodata             const    0x000404b0     0x28  spi_memory.o [7]
  .rodata             const    0x000404d8     0x30  spi_memory.o [7]
  .rodata             const    0x00040508     0x2c  spi_memory.o [7]
  .rodata             const    0x00040534      0x4  spi_memory.o [7]
  .rodata             const    0x00040538     0x30  spi_memory.o [7]
  .rodata             const    0x00040568     0x34  spi_memory.o [7]
  .rodata             const    0x0004059c     0x34  spi_memory.o [7]
  .rodata             const    0x000405d0     0x34  spi_memory.o [7]
  .rodata             const    0x00040604      0xc  dnsutil.o [16]
  .rodata             const    0x00040610     0x10  dnsutil.o [16]
  .rodata             const    0x00040620      0x8  ftpclnt.o [16]
  .rodata             const    0x00040628     0x20  ftpclnt.o [16]
  .rodata             const    0x00040648      0x8  ftpclnt.o [16]
  .rodata             const    0x00040650      0x8  sotcp.o [16]
  .rodata             const    0x00040658      0x4  telnetio.o [16]
  .rodata             const    0x0004065c      0x4  telnetio.o [16]
  .rodata             const    0x00040660      0x4  telnetio.o [16]
  .rodata             const    0x00040664      0x4  telnetio.o [16]
  .rodata             const    0x00040668     0x20  telnetio.o [16]
  .rodata             const    0x00040688     0x14  lpm_smc.o [10]
  .rodata             const    0x0004069c      0x8  soudp.o [16]
  .rodata             const    0x000406a4      0x8  getnameinfo.o [16]
  .rodata             const    0x000406ac      0x8  getnameinfo.o [16]
  .rodata             const    0x000406b4      0x8  init_bsp.o [10]
  .rodata             const    0x000406bc      0x8  init_bsp.o [10]
  .rodata             const    0x000406c4      0x8  init_bsp.o [10]
  .rodata             const    0x000406cc      0x8  init_bsp.o [10]
  .rodata             const    0x000406d4     0x80  bsp_cm.o [10]
  .rodata             const    0x00040754     0x54  bsp_cm.o [10]
  .rodata             const    0x000407a8      0x8  bsp_cm.o [10]
  .rodata             const    0x000407b0      0x8  bsp_cm.o [10]
  .rodata             const    0x000407b8      0x8  bsp_cm.o [10]
  .rodata             const    0x000407c0      0x8  bsp_cm.o [10]
  .rodata             const    0x000407c8      0x8  bsp_cm.o [10]
  .rodata             const    0x000407d0      0x8  bsp_cm.o [10]
  .rodata             const    0x000407d8      0x8  bsp_cm.o [10]
  .rodata             const    0x000407e0      0x8  bsp_cm.o [10]
  .rodata             const    0x000407e8     0x20  bsp_cm.o [10]
  .rodata             const    0x00040808     0x78  bsp_cm.o [10]
  .rodata             const    0x00040880     0x10  hwtimer_kinetis.o [10]
  .rodata             const    0x00040890     0x14  iplocal.o [16]
  .rodata             const    0x000408a4      0x4  iplocal.o [16]
  .rodata             const    0x000408a8     0x14  init_enet.o [10]
  .rodata             const    0x000408bc     0x10  init_enet.o [10]
  .rodata             const    0x000408cc     0x24  init_enet.o [10]
  .rodata             const    0x000408f0      0x8  init_enet.o [10]
  .rodata             const    0x000408f8      0xc  rtcshost.o [16]
  .rodata             const    0x00040904     0x14  rtcshost.o [16]
  .rodata             const    0x00040918      0x4  rtcshost.o [16]
  .rodata             const    0x0004091c      0xc  rtcshost.o [16]
  .rodata             const    0x00040928    0x130  rtcshost.o [16]
  .rodata             const    0x00040a58     0x1c  init_lpm.o [10]
  .rodata             const    0x00040a74     0x18  init_dma.o [10]
  .rodata             const    0x00040a8c      0x8  init_flashx.o [10]
  .rodata             const    0x00040a94      0x8  init_flashx.o [10]
  .rodata             const    0x00040a9c      0x8  init_flashx.o [10]
  .rodata             const    0x00040aa4      0x8  init_flashx.o [10]
  .rodata             const    0x00040aac      0x8  init_flashx.o [10]
  .rodata             const    0x00040ab4      0x8  init_flashx.o [10]
  .rodata             const    0x00040abc      0x8  init_flashx.o [10]
  .rodata             const    0x00040ac4      0xc  init_flashx.o [10]
  .rodata             const    0x00040ad0     0x78  init_flashx.o [10]
  .rodata             const    0x00040b48     0x20  init_flashx.o [10]
  .rodata             const    0x00040b68     0x10  init_sci.o [10]
  .rodata             const    0x00040b78     0x10  init_sci.o [10]
  .rodata             const    0x00040b88     0x2c  init_sci.o [10]
  .rodata             const    0x00040bb4     0x2c  init_sci.o [10]
  .rodata             const    0x00040be0     0x18  init_spi.o [10]
  .rodata             const    0x00040bf8     0x28  init_spi.o [10]
  .rodata             const    0x00040c20     0x10  dma.o [10]
  .rodata             const    0x00040c30     0x18  hwtimer_systick.o [10]
  .rodata             const    0x00040c48     0x10  rtcsinit.o [16]
  .rodata             const    0x00040c58     0x20  macnet_init.o [10]
  .rodata             const    0x00040c78     0x14  phy_lan8720.o [10]
  .rodata             const    0x00040c8c     0x80  flash_ftfe.o [10]
  .rodata             const    0x00040d0c     0x20  flash_ftfe.o [10]
  .rodata             const    0x00040d2c     0x18  spi_dspi_dma.o [10]
  .rodata             const    0x00040d44     0x40  macnet_mk64.o [10]
  .rodata             const    0x00040d84     0x40  edma_kinetis.o [10]
  .rodata             const    0x00040dc4      0x4  edma_kinetis.o [10]
  .rodata             const    0x00040dc8     0x10  spi_dspi_common.o [10]
  .rodata             const    0x00040dd8     0x40  spi_dspi_common.o [10]
  .rodata             const    0x00040e18     0x10  spi_dspi_common.o [10]
  .rodata             const    0x00040e28      0x8  mqx_init.o [10]
  .rodata             const    0x00040e30     0x30  mqx_init.o [10]
  .rodata             const    0x00040e60      0x2  Telnet.o [2]
  .rodata             const    0x00040e62      0x2  Telnet.o [2]
  .rodata             const    0x00040e64      0x2  mwa_echonet.o [4]
  .rodata             const    0x00040e66      0x2  mwa_echonet.o [4]
  .iar.init_table     const    0x00040e68     0x48  - Linker created -
  .rodata             const    0x00040eb0      0x1  Telnet.o [2]
  .rodata             const    0x00040eb1      0x1  Telnet.o [2]
  .rodata             const    0x00040eb2      0x1  Telnet.o [2]
  .rodata             const    0x00040eb3      0x1  spi_memory.o [7]
  .rodata             const    0x00040eb4      0x1  init_flashx.o [10]
  .rodata             const    0x00040eb5      0x0  zero_init3.o [15]
  .rodata             const    0x00040eb5      0x0  lz77_init.o [15]
  Initializer bytes   ro data  0x00040eb5    0x31b  <for P2 mid-1>
  Initializer bytes   ro data  0x000411d0      0x3  <for KERNEL_DATA-1>
  FLASHX_POOL                  0x00042000      0x1  <Block>
    .flashx           const    0x00042000      0x1  vectors.o [10]
    .flashx           const    0x00042001      0x0  vectors.o [10]
                             - 0x00042001  0x37be1

"P2":                                       0x33a4
  P2 mid-1                     0x1fff0000    0x4c8  <Init block>
    .data             inited   0x1fff0000      0x4  Init_Task.o [2]
    .data             inited   0x1fff0004     0x28  mwa_task.o [2]
    .data             inited   0x1fff002c      0x4  sh_eeprom.o [2]
    .data             inited   0x1fff0030      0x4  sh_eeprom.o [2]
    .data             inited   0x1fff0034     0x14  Telnet.o [2]
    .data             inited   0x1fff0048     0x14  lwgpio_kgpio.o [10]
    .data             inited   0x1fff005c     0x20  ipcfg.o [16]
    .data             inited   0x1fff007c      0x1  mwa_frame.o [4]
    .data             inited   0x1fff0080     0x78  enerr.o [10]
    .data             inited   0x1fff00f8      0x4  getaddrinfo.o [16]
    .data             inited   0x1fff00fc      0x4  mqx.o [14]
    .data             inited   0x1fff0100      0x2  dnshosts.o [16]
    .data             inited   0x1fff0104     0x24  dnshosts.o [16]
    .data             inited   0x1fff0128     0x24  dnshosts.o [16]
    .data             inited   0x1fff014c     0x24  dnshosts.o [16]
    .data             inited   0x1fff0170     0x24  dnshosts.o [16]
    .data             inited   0x1fff0194     0x24  dnshosts.o [16]
    .data             inited   0x1fff01b8     0x24  dnshosts.o [16]
    .data             inited   0x1fff01dc     0x24  dnshosts.o [16]
    .data             inited   0x1fff0200     0x24  dnshosts.o [16]
    .data             inited   0x1fff0224     0x24  dnshosts.o [16]
    .data             inited   0x1fff0248     0x24  dnshosts.o [16]
    .data             inited   0x1fff026c     0x24  dnshosts.o [16]
    .data             inited   0x1fff0290     0x24  dnshosts.o [16]
    .data             inited   0x1fff02b4     0x24  dnshosts.o [16]
    .data             inited   0x1fff02d8      0xc  dnshosts.o [16]
    .data             inited   0x1fff02e4     0x24  dnshosts.o [16]
    .data             inited   0x1fff0308      0x4  dnshosts.o [16]
    .data             inited   0x1fff030c      0x4  rtcsglob.o [16]
    .data             inited   0x1fff0310      0x4  rtcsglob.o [16]
    .data             inited   0x1fff0314      0x4  rtcsglob.o [16]
    .data             inited   0x1fff0318      0x4  rtcsglob.o [16]
    .data             inited   0x1fff031c      0x4  rtcsglob.o [16]
    .data             inited   0x1fff0320      0x4  rtcsglob.o [16]
    .data             inited   0x1fff0324      0x4  rtcsglob.o [16]
    .data             inited   0x1fff0328      0x4  rtcsglob.o [16]
    .data             inited   0x1fff032c      0x4  rtcsglob.o [16]
    .data             inited   0x1fff0330      0x4  rtcsglob.o [16]
    .data             inited   0x1fff0334      0x4  rtcsglob.o [16]
    .data             inited   0x1fff0338      0x4  rtcsglob.o [16]
    .data             inited   0x1fff033c      0x4  rtcsglob.o [16]
    .data             inited   0x1fff0340    0x110  mmcau_md5_functions.o [12]
    .data             inited   0x1fff0450      0x4  ftpclnt.o [16]
    .data             inited   0x1fff0454      0x4  ftpclnt.o [16]
    .data             inited   0x1fff0458      0x4  rtcsrand.o [16]
    .data             inited   0x1fff045c     0x24  getnameinfo.o [16]
    .data             inited   0x1fff0480     0x2c  edma.o [10]
    .data             inited   0x1fff04ac      0x4  edma.o [10]
[...]
gEEPROMSem              0x1fff0f8c    0x1c  Data  Lc  eeprom_api.o [7]
gEEPROMTable            0x1fff0f80     0x4  Data  Lc  eeprom_api.o [7]
gEEPROMTableSize        0x1fff0f84     0x4  Data  Lc  eeprom_api.o [7]
gELLObjectAlloc         0x1fff2144    0x50  Data  Gb  ell_object.o [4]
gELLRscSem              0x1fff1684    0x1c  Data  Lc  mwa_echonet.o [4]
gENLHandlerTable        0x0003e888    0x24  Data  Lc  mwa_echonet.o [4]
gENLState               0x1fff338a     0x1  Data  Lc  mwa_echonet.o [4]
gFQDN                   0x1fff05dc    0x28  Data  Lc  mdns.o [2]
gFQDN_len               0x1fff0604     0x4  Data  Lc  mdns.o [2]
gFtpQID                 0x1fff3382     0x2  Data  Lc  FTPClient.o [7]
gHaControlHWTimer       0x1fff04c8    0x40  Data  Lc  HaControl.o [5]
gHaControlSem           0x1fff0fec    0x1c  Data  Lc  HaControl.o [5]
gHaPort                 0x1fff0fac    0x40  Data  Lc  HaControl.o [5]
gHaPortConfig           0x0003e640    0x20  Data  Lc  HaControl.o [5]
gHaPrevCount            0x1fff337a     0x2  Data  Lc  HaControl.o [5]
gHaPrevSignal           0x1fff3388     0x1  Data  Lc  HaControl.o [5]
gHaSameCount            0x1fff3378     0x2  Data  Lc  HaControl.o [5]
gHaSignalChangeCount    0x1fff3376     0x2  Data  Lc  HaControl.o [5]
gInitPropertyList       0x1fff2034     0x4  Data  Lc  mwa_state.o [4]
gInitPropertyNum        0x1fff202c     0x4  Data  Lc  mwa_state.o [4]
gInitPropertyPtr        0x1fff2030     0x4  Data  Lc  mwa_state.o [4]
gLEDGPIO                0x0003c400    0x10  Data  Gb  led_task.o [2]
gLEDMode                0x1fff3374     0x2  Data  Lc  led_task.o [2]
gLEDTaskHandle          0x1fff0574    0x64  Data  Lc  led_task.o [2]
gMDNS_RecvBuf           0x1fff0664   0x400  Data  Lc  mdns.o [2]
gMDNS_TaskId            0x1fff05d8     0x4  Data  Lc  mdns.o [2]
gMWAEDTWork             0x1fff2040   0x100  Data  Lc  mwa_state.o [4]
gMWAENLResponse         0x1fff1130    0x54  Data  Gb  mwa_echonet.o [4]
gMWANodeProfile         0x1fff2038     0x4  Data  Lc  mwa_state.o [4]
gMWANodeProfileLen      0x1fff203c     0x4  Data  Lc  mwa_state.o [4]
gMWA_ENLHandlerEventQ   0x1fff10d8    0x48  Data  Gb  mwa_echonet.o [4]
gMWA_ENLPacketEventQ    0x1fff1090    0x48  Data  Gb  mwa_echonet.o [4]
gMWA_ENLTimer           0x1fff1120    0x10  Data  Gb  mwa_echonet.o [4]
gMWA_FrameCommEventQ    0x1fff1ea4    0x48  Data  Gb  mwa_frame.o [4]
gMWA_NodeProfileEPCDefine
                        0x1fff0004    0x28  Data  Lc  mwa_task.o [2]
gMWA_SMTimer            0x1fff1f58    0x10  Data  Gb  mwa_state.o [4]
gMWA_StateMachineEventQ
                        0x1fff1f10    0x48  Data  Gb  mwa_state.o [4]
gMWA_UDPTaskStart       0x1fff3387     0x1  Data  Lc  mwa_task.o [2]
gMsgFD                  0x1fff2198     0x4  Data  Lc  FTPClient.o [7]
gNumAdapterObjectInfo   0x1fff2024     0x4  Data  Lc  mwa_state.o [4]
gNumELLObjects          0x1fff2140     0x4  Data  Gb  ell_object.o [4]
gReadyDevice            0x1fff1f68    0x14  Data  Lc  mwa_state.o [4]
gRecognizeIFRetryCnt    0x1fff1f80     0x4  Data  Lc  mwa_state.o [4]
gRecvFrameBuffer        0x1fff16a0   0x800  Data  Lc  mwa_frame.o [4]
gRecvFrameIdx           0x1fff337c     0x2  Data  Lc  mwa_frame.o [4]
gRecvFrameState         0x1fff338b     0x1  Data  Lc  mwa_frame.o [4]
gRecvRscSem             0x1fff1eec    0x1c  Data  Lc  mwa_frame.o [4]
gRecvUARTBuffer         0x1fff0e64   0x100  Data  Lc  mwa_task.o [2]
gRecvUDPBuffer          0x1fff0a64   0x400  Data  Lc  mwa_task.o [2]
gResponsePacket         0x1fff0608    0x58  Data  Lc  mdns.o [2]
gResponsePacket_len     0x1fff0660     0x4  Data  Lc  mdns.o [2]
gSendBuffer             0x1fff1184   0x400  Data  Lc  mwa_echonet.o [4]
gSendFrameBuffer        0x1fff1f08     0x4  Data  Lc  mwa_frame.o [4]
gSendFrameLen           0x1fff1f0c     0x4  Data  Lc  mwa_frame.o [4]
gStartShell             0x1fff3386     0x1  Data  Lc  console_task.o [2]
gStateRetryCnt          0x1fff1f84     0x4  Data  Lc  mwa_state.o [4]
gUART                   0x1fff0f74     0xc  Data  Gb  mwa_task.o [2]
gUARTBaudrateList       0x0003eea8     0x4  Data  Lc  mwa_state.o [4]
gUARTBaudrateTable      0x0003eeac    0x1c  Data  Lc  mwa_state.o [4]
gUARTBaudrateTryIdx     0x1fff1f7c     0x4  Data  Lc  mwa_state.o [4]
gUDP                    0x1fff0f64    0x10  Data  Gb  mwa_task.o [2]
get_ip_addr             0x000262bf    0xe8  Code  Lc  sh_update.o [2]
getaddrinfo             0x00027fb1   0x396  Code  Gb  getaddrinfo.o [16]
getnameinfo             0x000289a5   0x268  Code  Gb  getnameinfo.o [16]
gpUART                  0x1fff1ea0     0x4  Data  Gb  mwa_frame.o [4]
gpUDP                   0x1fff108c     0x4  Data  Gb  mwa_echonet.o [4]
gpio_ptr_arr            0x0003e6d4    0x14  Data  Lc  lwgpio_kgpio.o [10]
group                   0x1fff2228     0x8  Data  Lc  multicastsocket_init.o [7]
help_test               0x00018571    0x3a  Code  Lc  Telnet.o [2]
hwtimer_callback_reg    0x0000d71f    0x20  Code  Gb  hwtimer.o [10]
hwtimer_deinit          0x0000d539    0x6e  Code  Gb  hwtimer.o [10]
hwtimer_get_modulo      0x0000d6e1     0xe  Code  Gb  hwtimer.o [10]
hwtimer_get_time        0x0000d6ef    0x30  Code  Gb  hwtimer.o [10]
hwtimer_init            0x0000d4e5    0x54  Code  Gb  hwtimer.o [10]
hwtimer_pit_deinit      0x00032169    0xcc  Code  Lc  hwtimer_pit.o [10]
hwtimer_pit_get_time    0x000322b5    0x54  Code  Lc  hwtimer_pit.o [10]
hwtimer_pit_init        0x0003204b   0x112  Code  Lc  hwtimer_pit.o [10]
hwtimer_pit_isr         0x00031ff9    0x52  Code  Lc  hwtimer_pit.o [10]
hwtimer_pit_isr_shared  0x00031f71    0x88  Code  Lc  hwtimer_pit.o [10]
hwtimer_pit_set_div     0x00032235    0x26  Code  Lc  hwtimer_pit.o [10]
hwtimer_pit_start       0x0003225b    0x2e  Code  Lc  hwtimer_pit.o [10]
hwtimer_pit_stop        0x00032289    0x2c  Code  Lc  hwtimer_pit.o [10]
hwtimer_set_freq        0x0000d5a7    0x58  Code  Gb  hwtimer.o [10]
hwtimer_set_period      0x0000d5ff    0x86  Code  Gb  hwtimer.o [10]
hwtimer_start           0x0000d689    0x28  Code  Gb  hwtimer.o [10]
hwtimer_stop            0x0000d6b1    0x30  Code  Gb  hwtimer.o [10]
hwtimer_systick_deinit  0x00038d25    0x26  Code  Lc  hwtimer_systick.o [10]
hwtimer_systick_get_time
                        0x00038d8f    0x3c  Code  Lc  hwtimer_systick.o [10]
hwtimer_systick_init    0x00038cbb    0x6a  Code  Lc  hwtimer_systick.o [10]
hwtimer_systick_isr     0x00038c85    0x36  Code  Lc  hwtimer_systick.o [10]
hwtimer_systick_set_div
                        0x00038d4b    0x24  Code  Lc  hwtimer_systick.o [10]
hwtimer_systick_start   0x00038d6f    0x10  Code  Lc  hwtimer_systick.o [10]
hwtimer_systick_stop    0x00038d7f    0x10  Code  Lc  hwtimer_systick.o [10]
inet_addr               0x000204a9    0x1c  Code  Gb  inet.o [16]
inet_aton               0x00020421    0x88  Code  Gb  inet.o [16]
inet_ntop               0x0001a42d    0x32  Code  Gb  inet_ntop.o [16]
inet_ntop4              0x0001a45f    0x7c  Code  Lc  inet_ntop.o [16]
inet_ntop6              0x0001a4db   0x1e4  Code  Lc  inet_ntop.o [16]
inet_pton               0x00025e35    0x44  Code  Gb  inet_pton.o [16]
inet_pton4              0x00025e79    0xd4  Code  Lc  inet_pton.o [16]
inet_pton6              0x00025f4d   0x17a  Code  Lc  inet_pton.o [16]
init_hardware           0x0000abad     0xc  Code  Gb  init_hw.o [10]
initialize_DomainNameServer
                        0x00015a69     0xc  Code  Gb  Init_Task.o [2]
initialize_Telnet       0x00017ad9    0x16  Code  Gb  Telnet.o [2]
initialize_networking   0x000159f9    0x70  Code  Gb  Init_Task.o [2]
ipcfg_add_dns_ip        0x00019519    0x54  Code  Gb  ipcfg.o [16]
ipcfg_add_interface     0x000192cd    0x66  Code  Gb  ipcfg.o [16]
ipcfg_bind_autoip_internal
                        0x00019a57    0x3e  Code  Lc  ipcfg.o [16]
ipcfg_bind_autoip_internal_actual
                        0x00019955   0x102  Code  Lc  ipcfg.o [16]
ipcfg_bind_boot_internal
                        0x00019f59     0x8  Code  Lc  ipcfg.o [16]
ipcfg_bind_dhcp         0x00019d37    0x5e  Code  Gb  ipcfg.o [16]
ipcfg_bind_dhcp_func    0x00019a9b   0x152  Code  Lc  ipcfg.o [16]
ipcfg_bind_dhcp_internal
                        0x00019c71    0xc6  Code  Lc  ipcfg.o [16]
ipcfg_bind_dhcp_wait    0x00019f65    0x54  Code  Gb  ipcfg.o [16]
ipcfg_bind_staticip     0x000198f9    0x5c  Code  Gb  ipcfg.o [16]
ipcfg_bind_staticip_internal
                        0x000197f7   0x102  Code  Lc  ipcfg.o [16]
ipcfg_data              0x1fff100c    0x80  Data  Gb  ipcfg.o [16]
ipcfg_del_dns_ip        0x0001956d    0x44  Code  Gb  ipcfg.o [16]
ipcfg_del_interface     0x00019333    0x2e  Code  Gb  ipcfg.o [16]
ipcfg_dhcp_choice_func  0x00019a95     0x6  Code  Lc  ipcfg.o [16]
ipcfg_dhcp_fail_func    0x00019c4d    0x24  Code  Lc  ipcfg.o [16]
ipcfg_dhcp_nak_func     0x00019bed    0x3e  Code  Lc  ipcfg.o [16]
ipcfg_dhcp_unbind_func  0x00019c2b    0x22  Code  Lc  ipcfg.o [16]
ipcfg_get_desired_state
                        0x00019443    0x2c  Code  Gb  ipcfg.o [16]
ipcfg_get_device_number
                        0x000192a5    0x28  Code  Gb  ipcfg.o [16]
ipcfg_get_dns_ip        0x000194db    0x3e  Code  Gb  ipcfg.o [16]
ipcfg_get_ihandle       0x00019361    0x2a  Code  Gb  ipcfg.o [16]
ipcfg_get_ip            0x000195b1    0x38  Code  Gb  ipcfg.o [16]
ipcfg_get_link_active   0x0001946f    0x32  Code  Gb  ipcfg.o [16]
ipcfg_get_mac           0x0001938b    0x46  Code  Gb  ipcfg.o [16]
ipcfg_get_state         0x000193e9    0x5a  Code  Gb  ipcfg.o [16]
ipcfg_get_state_string  0x000193d1    0x18  Code  Gb  ipcfg.o [16]
ipcfg_init_device       0x0001a1e1    0x54  Code  Gb  ipcfg.o [16]
ipcfg_init_interface    0x0001a283   0x138  Code  Gb  ipcfg.o [16]
ipcfg_monitor_task      0x0001a0e7    0x2c  Code  Lc  ipcfg.o [16]
ipcfg_phy_registers     0x000194a1    0x3a  Code  Gb  ipcfg.o [16]
ipcfg_poll_dhcp         0x00019ef7    0x5a  Code  Gb  ipcfg.o [16]
ipcfg_poll_dhcp_internal
                        0x00019d95   0x162  Code  Lc  ipcfg.o [16]
ipcfg_release_device    0x0001a235    0x4e  Code  Gb  ipcfg.o [16]
ipcfg_release_interface
                        0x0001a3bb    0x46  Code  Gb  ipcfg.o [16]
ipcfg_task_create       0x0001a119    0x66  Code  Gb  ipcfg.o [16]
ipcfg_task_destroy      0x0001a185    0x42  Code  Gb  ipcfg.o [16]
ipcfg_task_name         0x0003e778     0xc  Data  Lc  ipcfg.o [16]
ipcfg_task_poll         0x00019fb9   0x12e  Code  Gb  ipcfg.o [16]
ipcfg_task_run          0x1fff3389     0x1  Data  Lc  ipcfg.o [16]
ipcfg_task_status       0x0001a1c7    0x16  Code  Gb  ipcfg.o [16]
ipcfg_unbind            0x0001975f    0x98  Code  Gb  ipcfg.o [16]
ipcfg_unbind_internal   0x00019725    0x3a  Code  Lc  ipcfg.o [16]
ipcfg_unbind_internal_actual
                        0x000195e9   0x13c  Code  Lc  ipcfg.o [16]
isalnum                 0x00024fc9    0x1e  Code  Gb  isalnum.o [11]
isdigit                 0x0001453f     0xa  Code  Gb  isdigit.o [11]
isgraph                 0x000144f9    0x46  Code  Gb  isgraph.o [11]
isprint                 0x0001f95d    0x3e  Code  Gb  isprint.o [11]
isupper                 0x00014651     0xa  Code  Gb  isxxx.o [11]
isxdigit                0x0001f6cd    0x1e  Code  Gb  isxdigit.o [11]
jema_test               0x00018329   0x140  Code  Lc  Telnet.o [2]
kinetis_flash_invalidate_cache
                        0x0003ab85    0x1a  Code  Gb  flash_mk64.o [10]
kinetis_flash_invalidate_cache_end
                        0x0003aba9     0x2  Code  Gb  flash_mk64.o [10]
led_test                0x000181f5   0x134  Code  Lc  Telnet.o [2]
lower_hex_string        0x00040154    0x14  Data  Lc  io_dopr.o [14]
lpm_state_struct        0x1fff21a0    0x34  Data  Lc  lpm.o [10]
lwgpio_get_value        0x0001e6cd    0x32  Code  Gb  lwgpio_kgpio.o [10]
lwgpio_init             0x0001e4bd    0x5c  Code  Gb  lwgpio_kgpio.o [10]
lwgpio_set_attribute    0x0001e521   0x13a  Code  Gb  lwgpio_kgpio.o [10]
lwgpio_set_direction    0x0001e679    0x38  Code  Gb  lwgpio_kgpio.o [10]
lwgpio_set_functionality
                        0x0001e65b    0x1e  Code  Gb  lwgpio_kgpio.o [10]
lwgpio_set_value        0x0001e6b1    0x1c  Code  Gb  lwgpio_kgpio.o [10]
lwres_conf_clear        0x00028cf7    0xde  Code  Gb  getnameinfo.o [16]
lwres_conf_init         0x00028e2f    0x8c  Code  Gb  getnameinfo.o [16]
lwres_context_create    0x00028c21    0x8e  Code  Gb  getnameinfo.o [16]
lwres_context_destroy   0x00028dd5    0x1a  Code  Gb  getnameinfo.o [16]
lwres_free              0x00028e15    0x1a  Code  Gb  getnameinfo.o [16]
lwres_gnbaresponse_free
                        0x00028caf    0x48  Code  Gb  getnameinfo.o [16]
lwres_malloc            0x00028df1    0x24  Code  Gb  getnameinfo.o [16]
lwres_resetaddr         0x00028ebb    0x18  Code  Gb  getnameinfo.o [16]
main                    0x0000db61    0x10  Code  Gb  mqx_main.o [10]
malloc                  0x0000ab1f     0xc  Code  Gb  comp.o [14]
memchr                  0x000125cd          Code  Gb  memchr.o [15]
memcpy                  0x00010df1     0xc  Code  Gb  memcpy.o [11]
memory_addr_to_buffer   0x00023831    0x1a  Code  Lc  spi_memory.o [7]
memory_read_data        0x000239f7    0x90  Code  Gb  spi_memory.o [7]
memory_read_status      0x00023893    0x64  Code  Gb  spi_memory.o [7]
memory_sector_erase     0x00023a87    0xae  Code  Gb  spi_memory.o [7]
memory_set_write_latch  0x0002384b    0x48  Code  Gb  spi_memory.o [7]
memory_write_data       0x000238f7   0x100  Code  Gb  spi_memory.o [7]
memset                  0x0000cf75    0x14  Code  Gb  memset.o [11]
mmcau_md5_hash          0x0000aaa1          Code  Gb  mmcau_md5_functions.o [12]
mmcau_md5_hash_n        0x0000a471          Code  Gb  mmcau_md5_functions.o [12]
mmcau_md5_initialize_output
                        0x0000a451          Code  Gb  mmcau_md5_functions.o [12]
mmcau_md5_update        0x0000aa81          Code  Gb  mmcau_md5_functions.o [12]
ndigs                   0x000125a4    0x28  Data  Lc  xstoul.o [11]
network_changed_notification
                        0x00015989    0x70  Code  Lc  Init_Task.o [2]
pcr_reg_arr             0x1fff0048    0x14  Data  Gb  lwgpio_kgpio.o [10]
phy_lan8720_IF          0x00040c78    0x14  Data  Gb  phy_lan8720.o [10]
phy_lan8720_discover_addr
                        0x0003b6a9    0x48  Code  Lc  phy_lan8720.o [10]
phy_lan8720_get_duplex  0x0003b8b7    0x30  Code  Lc  phy_lan8720.o [10]
phy_lan8720_get_link_status
                        0x0003b86f    0x48  Code  Lc  phy_lan8720.o [10]
phy_lan8720_get_speed   0x0003b83d    0x32  Code  Lc  phy_lan8720.o [10]
phy_lan8720_init        0x0003b6f1   0x14c  Code  Lc  phy_lan8720.o [10]
pit_devif               0x00040120    0x18  Data  Gb  hwtimer_pit.o [10]
pit_get_hwtimers_array  0x00032339     0xa  Code  Gb  hwtimer_kinetis.o [10]
pit_get_vectors         0x00032325    0x14  Code  Gb  hwtimer_kinetis.o [10]
pit_io_init             0x00032309    0x1c  Code  Gb  hwtimer_kinetis.o [10]
pit_vectors_table       0x00040880    0x10  Data  Gb  hwtimer_kinetis.o [10]
pows                    0x000127f0    0x48  Data  Lc  xdtento.o [13]
printf_func             0x00012e95    0x1e  Code  Gb  debug_log.o [7]
read_eeprom             0x00025837    0x28  Code  Lc  sh_eeprom.o [2]
read_eeprom_ip          0x000258d3    0x6a  Code  Lc  sh_eeprom.o [2]
read_eeprom_portno      0x0002593d    0x40  Code  Lc  sh_eeprom.o [2]
read_eeprom_str         0x0002585f    0x74  Code  Lc  sh_eeprom.o [2]
read_from_exmem         0x0002ef79    0x42  Code  Lc  FTPClient.o [7]
reseed                  0x1fff3308     0x4  Data  Lc  rtcsrand.o [16]
resolve_ip_addr         0x000261dd    0xe2  Code  Lc  sh_update.o [2]
rtcs_enet               0x00040168    0x14  Data  Lc  ip-e.o [16]
rtcs_local              0x00040890    0x14  Data  Lc  iplocal.o [16]
sDataError              0x1fff0030     0x4  Data  Lc  sh_eeprom.o [2]
sEepromCmdHelp          0x0003c760    0x6c  Data  Lc  sh_eeprom.o [2]
sEepromCmdHelp          0x0003d42c    0x54  Data  Lc  Telnet.o [2]
sFlashCmdHelp           0x0003d370    0x80  Data  Lc  Telnet.o [2]
sHelpCmdHelp            0x0003d4ac     0x8  Data  Lc  Telnet.o [2]
sJemaCmdHelp            0x0003d408    0x18  Data  Lc  Telnet.o [2]
sLedCmdHelp             0x0003d3f0    0x18  Data  Lc  Telnet.o [2]
sRainCmdHelp            0x00040eb1     0x1  Data  Lc  Telnet.o [2]
sReadError              0x1fff002c     0x4  Data  Lc  sh_eeprom.o [2]
sSleepCmdHelp           0x0003d420     0xc  Data  Lc  Telnet.o [2]
sUartCmdHelp            0x00040eb0     0x1  Data  Lc  Telnet.o [2]
sUpdateCmdHelp          0x0003d480    0x20  Data  Lc  Telnet.o [2]
sUsage                  0x0003d364     0xc  Data  Lc  Telnet.o [2]
sUspeedCmdHelp          0x00040eb2     0x1  Data  Lc  Telnet.o [2]
sVersionCmdHelp         0x0003d4a0     0xc  Data  Lc  Telnet.o [2]
seed                    0x1fff3304     0x4  Data  Lc  rtcsrand.o [16]
set_order               0x0002839d    0x6c  Code  Lc  getaddrinfo.o [16]
shell_commands          0x0003be24    0x30  Data  Lc  console_task.o [2]
shell_ping_take_value   0x00027f03    0x3a  Code  Lc  sh_ping.o [18]
sleep_test              0x00018479    0xe0  Code  Lc  Telnet.o [2]
socketid                0x1fff2224     0x4  Data  Lc  multicastsocket_init.o [7]
stSoftwareVersion       0x0000a418     0x8  Data  Gb  version.o [2]
state                   0x1fff0458     0x4  Data  Lc  rtcsrand.o [16]
strcasecmp              0x00028ed3    0x4c  Code  Gb  strcasecmp.o [11]
strcat                  0x00024995    0x1c  Code  Gb  strcat.o [11]
strchr                  0x00026121          Code  Gb  strchr.o [15]
strcspn                 0x00026159    0x22  Code  Gb  strcspn.o [11]
strdup                  0x00028651    0x26  Code  Gb  getaddrinfo.o [16]
strlcpy                 0x0001a6c9    0x40  Code  Gb  inet_ntop.o [16]
strlen                  0x00014669          Code  Gb  strlen.o [15]
strncmp                 0x0000d9d3    0x2a  Code  Gb  strncmp.o [11]
strrchr                 0x000266ad    0x10  Code  Gb  sh_update.o [2]
strspn                  0x00026137    0x22  Code  Gb  strspn.o [11]
strtok                  0x000260d5    0x4c  Code  Gb  strtok.o [11]
strtol                  0x0002899d     0x6  Code  Gb  strtol.o [11]
strtoul                 0x00011ea9     0x4  Code  Gb  strtoul.o [11]
systick_devif           0x00040c30    0x18  Data  Gb  hwtimer_systick.o [10]
systick_get_vector      0x00032343     0x4  Code  Gb  hwtimer_kinetis.o [10]
systimer                0x1fff0508    0x40  Data  Gb  init_bsp.o [10]
tolower                 0x0001465b     0xc  Code  Gb  tolower.o [11]
toolchain_startup       0x0000ab37     0x8  Code  Gb  comp.o [14]
upper_hex_string        0x00040140    0x14  Data  Lc  io_dopr.o [14]
usage                   0x0002617d     0xa  Code  Lc  sh_reset.o [2]
usage                   0x000261d1     0xc  Code  Lc  sh_update.o [2]
usage                   0x000266d5     0xa  Code  Lc  sh_version.o [2]
v4_loop                 0x1fff00f8     0x4  Data  Lc  getaddrinfo.o [16]
write_and_verify_exmem  0x0002f035    0x5e  Code  Lc  FTPClient.o [7]
write_eeprom            0x00025759    0x3a  Code  Lc  sh_eeprom.o [2]
write_eeprom_ip         0x000257db    0x3c  Code  Lc  sh_eeprom.o [2]
write_eeprom_portno     0x00025817    0x20  Code  Lc  sh_eeprom.o [2]
write_eeprom_str        0x00025793    0x48  Code  Lc  sh_eeprom.o [2]
write_to_exmem          0x0002efc9    0x4a  Code  Lc  FTPClient.o [7]


[1] = C:\Freescale\SMK_Platform\APP\MQX_Sample_Project\..\..\Bootloader\targets\k64f12\iar\freedom_bootloader\output\Debug
[2] = C:\Freescale\SMK_Platform\APP\MQX_Sample_Project\Debug\Obj
[3] = command line
[4] = EchonetLiteLite.a
[5] = HaControl.a
[6] = MQTT.a
[7] = Platform.a
[8] = TLS.a
[9] = WebSocket.a
[10] = bsp.a
[11] = dl7M_tln.a
[12] = lib_mmcau.a
[13] = m7M_tlv.a
[14] = psp.a
[15] = rt7M_tl.a
[16] = rtcs.a
[17] = shb_l.a
[18] = shell.a

  203 172 bytes of readonly  code memory
   36 324 bytes of readonly  data memory
   13 208 bytes of readwrite data memory

Errors: none
Warnings: none
